Component: ARM Compiler 5.06 update 7 (build 960) Tool: armlink [4d3601]

==============================================================================

Section Cross References

    startup_stm32f405xx.o(STACK) refers (Special) to heapauxi.o(.text) for __use_two_region_memory
    startup_stm32f405xx.o(HEAP) refers (Special) to heapauxi.o(.text) for __use_two_region_memory
    startup_stm32f405xx.o(RESET) refers (Special) to heapauxi.o(.text) for __use_two_region_memory
    startup_stm32f405xx.o(RESET) refers to startup_stm32f405xx.o(STACK) for __initial_sp
    startup_stm32f405xx.o(RESET) refers to startup_stm32f405xx.o(.text) for Reset_Handler
    startup_stm32f405xx.o(RESET) refers to stm32f4xx_it.o(i.NMI_Handler) for NMI_Handler
    startup_stm32f405xx.o(RESET) refers to stm32f4xx_it.o(i.HardFault_Handler) for HardFault_Handler
    startup_stm32f405xx.o(RESET) refers to stm32f4xx_it.o(i.MemManage_Handler) for MemManage_Handler
    startup_stm32f405xx.o(RESET) refers to stm32f4xx_it.o(i.BusFault_Handler) for BusFault_Handler
    startup_stm32f405xx.o(RESET) refers to stm32f4xx_it.o(i.UsageFault_Handler) for UsageFault_Handler
    startup_stm32f405xx.o(RESET) refers to port.o(.emb_text) for SVC_Handler
    startup_stm32f405xx.o(RESET) refers to stm32f4xx_it.o(i.DebugMon_Handler) for DebugMon_Handler
    startup_stm32f405xx.o(RESET) refers to port.o(i.SysTick_Handler) for SysTick_Handler
    startup_stm32f405xx.o(RESET) refers to stm32f4xx_it.o(i.DMA1_Stream0_IRQHandler) for DMA1_Stream0_IRQHandler
    startup_stm32f405xx.o(RESET) refers to stm32f4xx_it.o(i.DMA1_Stream2_IRQHandler) for DMA1_Stream2_IRQHandler
    startup_stm32f405xx.o(RESET) refers to stm32f4xx_it.o(i.DMA1_Stream5_IRQHandler) for DMA1_Stream5_IRQHandler
    startup_stm32f405xx.o(RESET) refers to stm32f4xx_it.o(i.CAN1_RX0_IRQHandler) for CAN1_RX0_IRQHandler
    startup_stm32f405xx.o(RESET) refers to stm32f4xx_it.o(i.USART1_IRQHandler) for USART1_IRQHandler
    startup_stm32f405xx.o(RESET) refers to stm32f4xx_it.o(i.USART2_IRQHandler) for USART2_IRQHandler
    startup_stm32f405xx.o(RESET) refers to stm32f4xx_it.o(i.TIM8_TRG_COM_TIM14_IRQHandler) for TIM8_TRG_COM_TIM14_IRQHandler
    startup_stm32f405xx.o(RESET) refers to stm32f4xx_it.o(i.UART4_IRQHandler) for UART4_IRQHandler
    startup_stm32f405xx.o(RESET) refers to stm32f4xx_it.o(i.UART5_IRQHandler) for UART5_IRQHandler
    startup_stm32f405xx.o(RESET) refers to stm32f4xx_it.o(i.DMA2_Stream2_IRQHandler) for DMA2_Stream2_IRQHandler
    startup_stm32f405xx.o(RESET) refers to stm32f4xx_it.o(i.CAN2_RX0_IRQHandler) for CAN2_RX0_IRQHandler
    startup_stm32f405xx.o(.text) refers (Special) to heapauxi.o(.text) for __use_two_region_memory
    startup_stm32f405xx.o(.text) refers to system_stm32f4xx.o(i.SystemInit) for SystemInit
    startup_stm32f405xx.o(.text) refers to __main.o(!!!main) for __main
    startup_stm32f405xx.o(.text) refers to startup_stm32f405xx.o(HEAP) for Heap_Mem
    startup_stm32f405xx.o(.text) refers to startup_stm32f405xx.o(STACK) for Stack_Mem
    rc.o(i.KEY_chassis_max) refers to rc.o(.data) for .data
    rc.o(i.RC_data_init) refers to rc.o(.bss) for .bss
    rc.o(i.RC_data_is_error) refers to rc.o(i.RC_abs) for RC_abs
    rc.o(i.RC_data_is_error) refers to rc.o(.bss) for .bss
    rc.o(i.ReadRc_Chassis) refers to rc.o(i.KEY_chassis_max) for KEY_chassis_max
    rc.o(i.ReadRc_Chassis) refers to rc.o(.data) for .data
    rc.o(i.ReadRc_Chassis) refers to can.o(.bss) for wheel_moter
    rc.o(i.ReadRc_Chassis) refers to rc.o(.bss) for .bss
    rc.o(i.ReadRc_Gimbal) refers to kalman.o(i.kalmanCreate) for kalmanCreate
    rc.o(i.ReadRc_Gimbal) refers to kalman.o(i.KalmanFilter) for KalmanFilter
    rc.o(i.ReadRc_Gimbal) refers to dflt_clz.o(x$fpl$dflt) for __aeabi_i2d
    rc.o(i.ReadRc_Gimbal) refers to dmul.o(x$fpl$dmul) for __aeabi_dmul
    rc.o(i.ReadRc_Gimbal) refers to dfix.o(x$fpl$dfix) for __aeabi_d2iz
    rc.o(i.ReadRc_Gimbal) refers to rc.o(.data) for .data
    rc.o(i.ReadRc_Gimbal) refers to rc.o(.bss) for .bss
    rc.o(i.ReadRc_Gimbal) refers to can.o(.bss) for pitch_outer_pid
    rc.o(i.ReadRc_Gimbal) refers to can.o(.bss) for yaw_outer_pid
    rc.o(i.ReadRc_dial) refers to stm32f4xx_hal_gpio.o(i.HAL_GPIO_ReadPin) for HAL_GPIO_ReadPin
    rc.o(i.ReadRc_dial) refers to rc.o(.data) for .data
    rc.o(i.ReadRc_dial) refers to pid.o(.data) for dial_mode
    rc.o(i.ReadRc_dial) refers to can.o(.bss) for dial_motor
    rc.o(i.RemoteDataProcess) refers to can.o(i.CAN1_0x748_TX) for CAN1_0x748_TX
    rc.o(i.RemoteDataProcess) refers to can.o(i.CAN1_0x478_TX) for CAN1_0x478_TX
    rc.o(i.RemoteDataProcess) refers to rc.o(.bss) for .bss
    rc.o(i.RemoteDataProcess) refers to rc.o(.data) for .data
    rc.o(i.slove_RC_lost) refers to rc.o(i.RC_restart) for RC_restart
    rc.o(i.slove_RC_offline) refers to rc.o(i.RC_data_init) for RC_data_init
    rc.o(i.slove_data_error) refers to rc.o(i.RC_restart) for RC_restart
[...]
    __rt_lib_shutdown                        0x08000225   Thumb Code     0  libshutdown.o(.ARM.Collect$$libshutdown$$00000000)
    __rt_lib_shutdown_cpp_1                  0x08000227   Thumb Code     0  libshutdown2.o(.ARM.Collect$$libshutdown$$00000004)
    __rt_lib_shutdown_fini_1                 0x08000227   Thumb Code     0  libshutdown2.o(.ARM.Collect$$libshutdown$$00000002)
    __rt_lib_shutdown_fp_trap_1              0x08000227   Thumb Code     0  libshutdown2.o(.ARM.Collect$$libshutdown$$00000009)
    __rt_lib_shutdown_heap_1                 0x08000227   Thumb Code     0  libshutdown2.o(.ARM.Collect$$libshutdown$$00000011)
    __rt_lib_shutdown_return                 0x08000227   Thumb Code     0  libshutdown2.o(.ARM.Collect$$libshutdown$$00000012)
    __rt_lib_shutdown_signal_1               0x08000227   Thumb Code     0  libshutdown2.o(.ARM.Collect$$libshutdown$$0000000C)
    __rt_lib_shutdown_stdio_1                0x08000227   Thumb Code     0  libshutdown2.o(.ARM.Collect$$libshutdown$$00000006)
    __rt_lib_shutdown_user_alloc_1           0x08000227   Thumb Code     0  libshutdown2.o(.ARM.Collect$$libshutdown$$0000000E)
    __rt_entry                               0x08000229   Thumb Code     0  __rtentry.o(.ARM.Collect$$rtentry$$00000000)
    __rt_entry_presh_1                       0x08000229   Thumb Code     0  __rtentry2.o(.ARM.Collect$$rtentry$$00000002)
    __rt_entry_sh                            0x08000229   Thumb Code     0  __rtentry4.o(.ARM.Collect$$rtentry$$00000004)
    __rt_entry_li                            0x0800022f   Thumb Code     0  __rtentry2.o(.ARM.Collect$$rtentry$$0000000A)
    __rt_entry_postsh_1                      0x0800022f   Thumb Code     0  __rtentry2.o(.ARM.Collect$$rtentry$$00000009)
    __rt_entry_main                          0x08000233   Thumb Code     0  __rtentry2.o(.ARM.Collect$$rtentry$$0000000D)
    __rt_entry_postli_1                      0x08000233   Thumb Code     0  __rtentry2.o(.ARM.Collect$$rtentry$$0000000C)
    __rt_exit                                0x0800023b   Thumb Code     0  rtexit.o(.ARM.Collect$$rtexit$$00000000)
    __rt_exit_ls                             0x0800023d   Thumb Code     0  rtexit2.o(.ARM.Collect$$rtexit$$00000003)
    __rt_exit_prels_1                        0x0800023d   Thumb Code     0  rtexit2.o(.ARM.Collect$$rtexit$$00000002)
    __rt_exit_exit                           0x08000241   Thumb Code     0  rtexit2.o(.ARM.Collect$$rtexit$$00000004)
    SVC_Handler                              0x08000249   Thumb Code    28  port.o(.emb_text)
    __asm___6_port_c_39a90d8d__prvStartFirstTask 0x08000269   Thumb Code    36  port.o(.emb_text)
    __asm___6_port_c_39a90d8d__prvEnableVFP  0x08000291   Thumb Code    16  port.o(.emb_text)
    PendSV_Handler                           0x080002a5   Thumb Code    88  port.o(.emb_text)
    vPortGetIPSR                             0x08000301   Thumb Code     6  port.o(.emb_text)
    Reset_Handler                            0x08000309   Thumb Code     8  startup_stm32f405xx.o(.text)
    ADC_IRQHandler                           0x08000323   Thumb Code     0  startup_stm32f405xx.o(.text)
    CAN1_RX1_IRQHandler                      0x08000323   Thumb Code     0  startup_stm32f405xx.o(.text)
    CAN1_SCE_IRQHandler                      0x08000323   Thumb Code     0  startup_stm32f405xx.o(.text)
    CAN1_TX_IRQHandler                       0x08000323   Thumb Code     0  startup_stm32f405xx.o(.text)
    CAN2_RX1_IRQHandler                      0x08000323   Thumb Code     0  startup_stm32f405xx.o(.text)
    CAN2_SCE_IRQHandler                      0x08000323   Thumb Code     0  startup_stm32f405xx.o(.text)
    CAN2_TX_IRQHandler                       0x08000323   Thumb Code     0  startup_stm32f405xx.o(.text)
    DMA1_Stream1_IRQHandler                  0x08000323   Thumb Code     0  startup_stm32f405xx.o(.text)
    DMA1_Stream3_IRQHandler                  0x08000323   Thumb Code     0  startup_stm32f405xx.o(.text)
    DMA1_Stream4_IRQHandler                  0x08000323   Thumb Code     0  startup_stm32f405xx.o(.text)
    DMA1_Stream6_IRQHandler                  0x08000323   Thumb Code     0  startup_stm32f405xx.o(.text)
    DMA1_Stream7_IRQHandler                  0x08000323   Thumb Code     0  startup_stm32f405xx.o(.text)
    DMA2_Stream0_IRQHandler                  0x08000323   Thumb Code     0  startup_stm32f405xx.o(.text)
    DMA2_Stream1_IRQHandler                  0x08000323   Thumb Code     0  startup_stm32f405xx.o(.text)
    DMA2_Stream3_IRQHandler                  0x08000323   Thumb Code     0  startup_stm32f405xx.o(.text)
    DMA2_Stream4_IRQHandler                  0x08000323   Thumb Code     0  startup_stm32f405xx.o(.text)
    DMA2_Stream5_IRQHandler                  0x08000323   Thumb Code     0  startup_stm32f405xx.o(.text)
    DMA2_Stream6_IRQHandler                  0x08000323   Thumb Code     0  startup_stm32f405xx.o(.text)
    DMA2_Stream7_IRQHandler                  0x08000323   Thumb Code     0  startup_stm32f405xx.o(.text)
    EXTI0_IRQHandler                         0x08000323   Thumb Code     0  startup_stm32f405xx.o(.text)
    EXTI15_10_IRQHandler                     0x08000323   Thumb Code     0  startup_stm32f405xx.o(.text)
    EXTI1_IRQHandler                         0x08000323   Thumb Code     0  startup_stm32f405xx.o(.text)
    EXTI2_IRQHandler                         0x08000323   Thumb Code     0  startup_stm32f405xx.o(.text)
    EXTI3_IRQHandler                         0x08000323   Thumb Code     0  startup_stm32f405xx.o(.text)
    EXTI4_IRQHandler                         0x08000323   Thumb Code     0  startup_stm32f405xx.o(.text)
    EXTI9_5_IRQHandler                       0x08000323   Thumb Code     0  startup_stm32f405xx.o(.text)
    FLASH_IRQHandler                         0x08000323   Thumb Code     0  startup_stm32f405xx.o(.text)
    FMC_IRQHandler                           0x08000323   Thumb Code     0  startup_stm32f405xx.o(.text)
    FPU_IRQHandler                           0x08000323   Thumb Code     0  startup_stm32f405xx.o(.text)
    HASH_RNG_IRQHandler                      0x08000323   Thumb Code     0  startup_stm32f405xx.o(.text)
    I2C1_ER_IRQHandler                       0x08000323   Thumb Code     0  startup_stm32f405xx.o(.text)
    I2C1_EV_IRQHandler                       0x08000323   Thumb Code     0  startup_stm32f405xx.o(.text)
    I2C2_ER_IRQHandler                       0x08000323   Thumb Code     0  startup_stm32f405xx.o(.text)
    I2C2_EV_IRQHandler                       0x08000323   Thumb Code     0  startup_stm32f405xx.o(.text)
    I2C3_ER_IRQHandler                       0x08000323   Thumb Code     0  startup_stm32f405xx.o(.text)
    I2C3_EV_IRQHandler                       0x08000323   Thumb Code     0  startup_stm32f405xx.o(.text)
    OTG_FS_IRQHandler                        0x08000323   Thumb Code     0  startup_stm32f405xx.o(.text)
    OTG_FS_WKUP_IRQHandler                   0x08000323   Thumb Code     0  startup_stm32f405xx.o(.text)
    OTG_HS_EP1_IN_IRQHandler                 0x08000323   Thumb Code     0  startup_stm32f405xx.o(.text)
    OTG_HS_EP1_OUT_IRQHandler                0x08000323   Thumb Code     0  startup_stm32f405xx.o(.text)
    OTG_HS_IRQHandler                        0x08000323   Thumb Code     0  startup_stm32f405xx.o(.text)
    OTG_HS_WKUP_IRQHandler                   0x08000323   Thumb Code     0  startup_stm32f405xx.o(.text)
    PVD_IRQHandler                           0x08000323   Thumb Code     0  startup_stm32f405xx.o(.text)
    RCC_IRQHandler                           0x08000323   Thumb Code     0  startup_stm32f405xx.o(.text)
    RTC_Alarm_IRQHandler                     0x08000323   Thumb Code     0  startup_stm32f405xx.o(.text)
    RTC_WKUP_IRQHandler                      0x08000323   Thumb Code     0  startup_stm32f405xx.o(.text)
    SDIO_IRQHandler                          0x08000323   Thumb Code     0  startup_stm32f405xx.o(.text)
    SPI1_IRQHandler                          0x08000323   Thumb Code     0  startup_stm32f405xx.o(.text)
    SPI2_IRQHandler                          0x08000323   Thumb Code     0  startup_stm32f405xx.o(.text)
    SPI3_IRQHandler                          0x08000323   Thumb Code     0  startup_stm32f405xx.o(.text)
    TAMP_STAMP_IRQHandler                    0x08000323   Thumb Code     0  startup_stm32f405xx.o(.text)
    TIM1_BRK_TIM9_IRQHandler                 0x08000323   Thumb Code     0  startup_stm32f405xx.o(.text)
    TIM1_CC_IRQHandler                       0x08000323   Thumb Code     0  startup_stm32f405xx.o(.text)
    TIM1_TRG_COM_TIM11_IRQHandler            0x08000323   Thumb Code     0  startup_stm32f405xx.o(.text)
    TIM1_UP_TIM10_IRQHandler                 0x08000323   Thumb Code     0  startup_stm32f405xx.o(.text)
    TIM2_IRQHandler                          0x08000323   Thumb Code     0  startup_stm32f405xx.o(.text)
    TIM3_IRQHandler                          0x08000323   Thumb Code     0  startup_stm32f405xx.o(.text)
    TIM4_IRQHandler                          0x08000323   Thumb Code     0  startup_stm32f405xx.o(.text)
    TIM5_IRQHandler                          0x08000323   Thumb Code     0  startup_stm32f405xx.o(.text)
    TIM6_DAC_IRQHandler                      0x08000323   Thumb Code     0  startup_stm32f405xx.o(.text)
    TIM7_IRQHandler                          0x08000323   Thumb Code     0  startup_stm32f405xx.o(.text)
    TIM8_BRK_TIM12_IRQHandler                0x08000323   Thumb Code     0  startup_stm32f405xx.o(.text)
    TIM8_CC_IRQHandler                       0x08000323   Thumb Code     0  startup_stm32f405xx.o(.text)
    TIM8_UP_TIM13_IRQHandler                 0x08000323   Thumb Code     0  startup_stm32f405xx.o(.text)
    USART3_IRQHandler                        0x08000323   Thumb Code     0  startup_stm32f405xx.o(.text)
    USART6_IRQHandler                        0x08000323   Thumb Code     0  startup_stm32f405xx.o(.text)
    WWDG_IRQHandler                          0x08000323   Thumb Code     0  startup_stm32f405xx.o(.text)
    __user_initial_stackheap                 0x08000325   Thumb Code     0  startup_stm32f405xx.o(.text)
    __aeabi_uldivmod                         0x08000349   Thumb Code     0  lludivv7m.o(.text)
    _ll_udiv                                 0x08000349   Thumb Code   238  lludivv7m.o(.text)
    __aeabi_memcpy                           0x08000437   Thumb Code     0  rt_memcpy_v6.o(.text)
    __rt_memcpy                              0x08000437   Thumb Code   138  rt_memcpy_v6.o(.text)
    _memcpy_lastbytes                        0x0800049d   Thumb Code     0  rt_memcpy_v6.o(.text)
    __aeabi_memcpy4                          0x080004c1   Thumb Code     0  rt_memcpy_w.o(.text)
    __aeabi_memcpy8                          0x080004c1   Thumb Code     0  rt_memcpy_w.o(.text)
    __rt_memcpy_w                            0x080004c1   Thumb Code   100  rt_memcpy_w.o(.text)
    _memcpy_lastbytes_aligned                0x08000509   Thumb Code     0  rt_memcpy_w.o(.text)
    __aeabi_memclr4                          0x08000525   Thumb Code     0  rt_memclr_w.o(.text)
    __aeabi_memclr8                          0x08000525   Thumb Code     0  rt_memclr_w.o(.text)
    __rt_memclr_w                            0x08000525   Thumb Code    78  rt_memclr_w.o(.text)
    _memset_w                                0x08000529   Thumb Code     0  rt_memclr_w.o(.text)
    __use_two_region_memory                  0x08000573   Thumb Code     2  heapauxi.o(.text)
    __rt_heap_escrow$2region                 0x08000575   Thumb Code     2  heapauxi.o(.text)
    __rt_heap_expand$2region                 0x08000577   Thumb Code     2  heapauxi.o(.text)
    __read_errno                             0x08000579   Thumb Code    10  _rserrno.o(.text)
    __set_errno                              0x08000583   Thumb Code    12  _rserrno.o(.text)
    __aeabi_errno_addr                       0x08000591   Thumb Code     8  rt_errno_addr_intlibspace.o(.text)
    __errno$intlibspace                      0x08000591   Thumb Code     0  rt_errno_addr_intlibspace.o(.text)
    __rt_errno_addr$intlibspace              0x08000591   Thumb Code     0  rt_errno_addr_intlibspace.o(.text)
    __user_libspace                          0x08000599   Thumb Code     8  libspace.o(.text)
    __user_perproc_libspace                  0x08000599   Thumb Code     0  libspace.o(.text)
    __user_perthread_libspace                0x08000599   Thumb Code     0  libspace.o(.text)
    __user_setup_stackheap                   0x080005a1   Thumb Code    74  sys_stackheap_outer.o(.text)
    exit                                     0x080005eb   Thumb Code    18  exit.o(.text)
    _sys_exit                                0x080005fd   Thumb Code     8  sys_exit.o(.text)
    __I$use$semihosting                      0x08000609   Thumb Code     0  use_no_semi.o(.text)
    __use_no_semihosting_swi                 0x08000609   Thumb Code     2  use_no_semi.o(.text)
    BusFault_Handler                         0x0800060b   Thumb Code     2  stm32f4xx_it.o(i.BusFault_Handler)
    __semihosting_library_function           0x0800060b   Thumb Code     0  indicate_semi.o(.text)
    CAN1_0x1FF_TX                            0x0800060d   Thumb Code    62  can.o(i.CAN1_0x1FF_TX)
    CAN1_0x333_TX                            0x08000655   Thumb Code    54  can.o(i.CAN1_0x333_TX)
    CAN1_0x478_TX                            0x08000695   Thumb Code    62  can.o(i.CAN1_0x478_TX)
    CAN1_0x748_TX                            0x080006dd   Thumb Code    62  can.o(i.CAN1_0x748_TX)
    CAN1_Filterinit_And_Start                0x08000725   Thumb Code    54  can.o(i.CAN1_Filterinit_And_Start)
    CAN1_RX0_IRQHandler                      0x08000761   Thumb Code     6  stm32f4xx_it.o(i.CAN1_RX0_IRQHandler)
    CAN1_send                                0x0800076d   Thumb Code    30  task.o(i.CAN1_send)
    CAN2_0x1FF_TX                            0x08000795   Thumb Code    62  can.o(i.CAN2_0x1FF_TX)
    CAN2_0x200_TX                            0x080007dd   Thumb Code    62  can.o(i.CAN2_0x200_TX)
    CAN2_Filterinit_And_Start                0x08000825   Thumb Code    56  can.o(i.CAN2_Filterinit_And_Start)
    CAN2_RX0_IRQHandler                      0x08000861   Thumb Code     6  stm32f4xx_it.o(i.CAN2_RX0_IRQHandler)
    CAN2_send                                0x0800086d   Thumb Code    54  task.o(i.CAN2_send)
    Chassis_PID                              0x080008ad   Thumb Code    60  pid.o(i.Chassis_PID)
    Circle                                   0x080008f5   Thumb Code   240  chassis_mode.o(i.Circle)
    CtoG                                     0x08000a09   Thumb Code   202  chassis_mode.o(i.CtoG)
    DMA1_Stream0_IRQHandler                  0x08000b11   Thumb Code     6  stm32f4xx_it.o(i.DMA1_Stream0_IRQHandler)
    DMA1_Stream2_IRQHandler                  0x08000b1d   Thumb Code     6  stm32f4xx_it.o(i.DMA1_Stream2_IRQHandler)
    DMA1_Stream5_IRQHandler                  0x08000b29   Thumb Code     6  stm32f4xx_it.o(i.DMA1_Stream5_IRQHandler)
    DMA2_Stream2_IRQHandler                  0x08000b35   Thumb Code     6  stm32f4xx_it.o(i.DMA2_Stream2_IRQHandler)
    DebugMon_Handler                         0x08000be5   Thumb Code     2  stm32f4xx_it.o(i.DebugMon_Handler)
    DetectHook                               0x08000be9   Thumb Code    74  detect_task.o(i.DetectHook)
    DetectTask                               0x08000cc1   Thumb Code   232  detect_task.o(i.DetectTask)
    Detect_Task                              0x08000db5   Thumb Code    34  freertos.o(i.Detect_Task)
    Error_Handler                            0x08000ddd   Thumb Code     4  main.o(i.Error_Handler)
    Friction_PID                             0x08000de1   Thumb Code    76  pid.o(i.Friction_PID)
    Function_Choose                          0x08000e45   Thumb Code   152  chassis_mode.o(i.Function_Choose)
    Gimbal_PID                               0x08000ef5   Thumb Code   196  pid.o(i.Gimbal_PID)
    Gimbal_PID_init                          0x08000fd9   Thumb Code    14  pid.o(i.Gimbal_PID_init)
    Gimbal_Task                              0x08000fe9   Thumb Code    44  freertos.o(i.Gimbal_Task)
    Gimbal_inner_PID                         0x08001019   Thumb Code   214  pid.o(i.Gimbal_inner_PID)
    Gimbal_outer_PID                         0x08001121   Thumb Code   268  pid.o(i.Gimbal_outer_PID)
    HAL_CAN_ActivateNotification             0x08001269   Thumb Code    36  stm32f4xx_hal_can.o(i.HAL_CAN_ActivateNotification)
    HAL_CAN_AddTxMessage                     0x0800128d   Thumb Code   220  stm32f4xx_hal_can.o(i.HAL_CAN_AddTxMessage)
    HAL_CAN_ConfigFilter                     0x08001369   Thumb Code   262  stm32f4xx_hal_can.o(i.HAL_CAN_ConfigFilter)
    HAL_CAN_ErrorCallback                    0x08001475   Thumb Code     2  stm32f4xx_hal_can.o(i.HAL_CAN_ErrorCallback)
    HAL_CAN_GetRxMessage                     0x08001477   Thumb Code   232  stm32f4xx_hal_can.o(i.HAL_CAN_GetRxMessage)
    HAL_CAN_IRQHandler                       0x0800155f   Thumb Code   508  stm32f4xx_hal_can.o(i.HAL_CAN_IRQHandler)
    HAL_CAN_Init                             0x0800175b   Thumb Code   282  stm32f4xx_hal_can.o(i.HAL_CAN_Init)
    HAL_CAN_MspInit                          0x08001875   Thumb Code   232  can.o(i.HAL_CAN_MspInit)
    HAL_CAN_RxFifo0FullCallback              0x08001975   Thumb Code     2  stm32f4xx_hal_can.o(i.HAL_CAN_RxFifo0FullCallback)
    HAL_CAN_RxFifo0MsgPendingCallback        0x08001979   Thumb Code   560  can.o(i.HAL_CAN_RxFifo0MsgPendingCallback)
    HAL_CAN_RxFifo1FullCallback              0x08001bc5   Thumb Code     2  stm32f4xx_hal_can.o(i.HAL_CAN_RxFifo1FullCallback)
    HAL_CAN_RxFifo1MsgPendingCallback        0x08001bc7   Thumb Code     2  stm32f4xx_hal_can.o(i.HAL_CAN_RxFifo1MsgPendingCallback)
    HAL_CAN_SleepCallback                    0x08001bc9   Thumb Code     2  stm32f4xx_hal_can.o(i.HAL_CAN_SleepCallback)
    HAL_CAN_Start                            0x08001bcd   Thumb Code    88  stm32f4xx_hal_can.o(i.HAL_CAN_Start)
    HAL_CAN_TxMailbox0AbortCallback          0x08001c25   Thumb Code     2  stm32f4xx_hal_can.o(i.HAL_CAN_TxMailbox0AbortCallback)
    HAL_CAN_TxMailbox0CompleteCallback       0x08001c27   Thumb Code     2  stm32f4xx_hal_can.o(i.HAL_CAN_TxMailbox0CompleteCallback)
    HAL_CAN_TxMailbox1AbortCallback          0x08001c29   Thumb Code     2  stm32f4xx_hal_can.o(i.HAL_CAN_TxMailbox1AbortCallback)
    HAL_CAN_TxMailbox1CompleteCallback       0x08001c2b   Thumb Code     2  stm32f4xx_hal_can.o(i.HAL_CAN_TxMailbox1CompleteCallback)
    HAL_CAN_TxMailbox2AbortCallback          0x08001c2d   Thumb Code     2  stm32f4xx_hal_can.o(i.HAL_CAN_TxMailbox2AbortCallback)
    HAL_CAN_TxMailbox2CompleteCallback       0x08001c2f   Thumb Code     2  stm32f4xx_hal_can.o(i.HAL_CAN_TxMailbox2CompleteCallback)
    HAL_CAN_WakeUpFromRxMsgCallback          0x08001c31   Thumb Code     2  stm32f4xx_hal_can.o(i.HAL_CAN_WakeUpFromRxMsgCallback)
    HAL_DMA_Abort                            0x08001c33   Thumb Code   146  stm32f4xx_hal_dma.o(i.HAL_DMA_Abort)
    HAL_DMA_Abort_IT                         0x08001cc5   Thumb Code    36  stm32f4xx_hal_dma.o(i.HAL_DMA_Abort_IT)
    HAL_DMA_IRQHandler                       0x08001ce9   Thumb Code   412  stm32f4xx_hal_dma.o(i.HAL_DMA_IRQHandler)
    HAL_DMA_Init                             0x08001e89   Thumb Code   206  stm32f4xx_hal_dma.o(i.HAL_DMA_Init)
    HAL_DMA_Start_IT                         0x08001f5d   Thumb Code   110  stm32f4xx_hal_dma.o(i.HAL_DMA_Start_IT)
    HAL_GPIO_Init                            0x08001fcd   Thumb Code   450  stm32f4xx_hal_gpio.o(i.HAL_GPIO_Init)
    HAL_GPIO_ReadPin                         0x080021bd   Thumb Code    10  stm32f4xx_hal_gpio.o(i.HAL_GPIO_ReadPin)
    HAL_GetTick                              0x080021c9   Thumb Code     6  stm32f4xx_hal.o(i.HAL_GetTick)
    HAL_IncTick                              0x080021d5   Thumb Code    12  stm32f4xx_hal.o(i.HAL_IncTick)
    HAL_Init                                 0x080021e5   Thumb Code    48  stm32f4xx_hal.o(i.HAL_Init)
    HAL_InitTick                             0x08002219   Thumb Code   100  stm32f4xx_hal_timebase_tim.o(i.HAL_InitTick)
    HAL_MspInit                              0x0800228d   Thumb Code    52  stm32f4xx_hal_msp.o(i.HAL_MspInit)
    HAL_NVIC_EnableIRQ                       0x080022c5   Thumb Code    26  stm32f4xx_hal_cortex.o(i.HAL_NVIC_EnableIRQ)
    HAL_NVIC_SetPriority                     0x080022e1   Thumb Code    60  stm32f4xx_hal_cortex.o(i.HAL_NVIC_SetPriority)
    HAL_NVIC_SetPriorityGrouping             0x08002321   Thumb Code    26  stm32f4xx_hal_cortex.o(i.HAL_NVIC_SetPriorityGrouping)
    HAL_RCC_ClockConfig                      0x08002345   Thumb Code   288  stm32f4xx_hal_rcc.o(i.HAL_RCC_ClockConfig)
    HAL_RCC_GetClockConfig                   0x08002479   Thumb Code    54  stm32f4xx_hal_rcc.o(i.HAL_RCC_GetClockConfig)
    HAL_RCC_GetPCLK1Freq                     0x080024b9   Thumb Code    20  stm32f4xx_hal_rcc.o(i.HAL_RCC_GetPCLK1Freq)
    HAL_RCC_GetPCLK2Freq                     0x080024d9   Thumb Code    20  stm32f4xx_hal_rcc.o(i.HAL_RCC_GetPCLK2Freq)
    HAL_RCC_GetSysClockFreq                  0x080024f9   Thumb Code    88  stm32f4xx_hal_rcc.o(i.HAL_RCC_GetSysClockFreq)
    HAL_RCC_OscConfig                        0x0800255d   Thumb Code   856  stm32f4xx_hal_rcc.o(i.HAL_RCC_OscConfig)
    HAL_TIMEx_BreakCallback                  0x080028c9   Thumb Code     2  stm32f4xx_hal_tim_ex.o(i.HAL_TIMEx_BreakCallback)
    HAL_TIMEx_CommutCallback                 0x080028cb   Thumb Code     2  stm32f4xx_hal_tim_ex.o(i.HAL_TIMEx_CommutCallback)
    HAL_TIMEx_ConfigBreakDeadTime            0x080028cd   Thumb Code    84  stm32f4xx_hal_tim_ex.o(i.HAL_TIMEx_ConfigBreakDeadTime)
    HAL_TIMEx_MasterConfigSynchronization    0x08002921   Thumb Code   116  stm32f4xx_hal_tim_ex.o(i.HAL_TIMEx_MasterConfigSynchronization)
    HAL_TIM_Base_Init                        0x080029b1   Thumb Code    90  stm32f4xx_hal_tim.o(i.HAL_TIM_Base_Init)
    HAL_TIM_Base_MspInit                     0x08002a0b   Thumb Code     2  stm32f4xx_hal_tim.o(i.HAL_TIM_Base_MspInit)
    HAL_TIM_Base_Start_IT                    0x08002a0d   Thumb Code   100  stm32f4xx_hal_tim.o(i.HAL_TIM_Base_Start_IT)
    HAL_TIM_IC_CaptureCallback               0x08002a8d   Thumb Code     2  stm32f4xx_hal_tim.o(i.HAL_TIM_IC_CaptureCallback)
    HAL_TIM_IRQHandler                       0x08002a8f   Thumb Code   358  stm32f4xx_hal_tim.o(i.HAL_TIM_IRQHandler)
    HAL_TIM_MspPostInit                      0x08002bf5   Thumb Code    72  tim.o(i.HAL_TIM_MspPostInit)
    HAL_TIM_OC_DelayElapsedCallback          0x08002c49   Thumb Code     2  stm32f4xx_hal_tim.o(i.HAL_TIM_OC_DelayElapsedCallback)
    HAL_TIM_PWM_ConfigChannel                0x08002c4b   Thumb Code   204  stm32f4xx_hal_tim.o(i.HAL_TIM_PWM_ConfigChannel)
    HAL_TIM_PWM_Init                         0x08002d17   Thumb Code    90  stm32f4xx_hal_tim.o(i.HAL_TIM_PWM_Init)
    HAL_TIM_PWM_MspInit                      0x08002d71   Thumb Code    50  tim.o(i.HAL_TIM_PWM_MspInit)
    HAL_TIM_PWM_PulseFinishedCallback        0x08002dad   Thumb Code     2  stm32f4xx_hal_tim.o(i.HAL_TIM_PWM_PulseFinishedCallback)
    HAL_TIM_PWM_Start                        0x08002db1   Thumb Code   172  stm32f4xx_hal_tim.o(i.HAL_TIM_PWM_Start)
    HAL_TIM_PeriodElapsedCallback            0x08002e79   Thumb Code    14  main.o(i.HAL_TIM_PeriodElapsedCallback)
    HAL_TIM_TriggerCallback                  0x08002e8d   Thumb Code     2  stm32f4xx_hal_tim.o(i.HAL_TIM_TriggerCallback)
    HAL_UARTEx_RxEventCallback               0x08002e8f   Thumb Code     2  stm32f4xx_hal_uart.o(i.HAL_UARTEx_RxEventCallback)
    HAL_UART_ErrorCallback                   0x08002e91   Thumb Code     2  stm32f4xx_hal_uart.o(i.HAL_UART_ErrorCallback)
    HAL_UART_IRQHandler                      0x08002e95   Thumb Code   610  stm32f4xx_hal_uart.o(i.HAL_UART_IRQHandler)
    HAL_UART_Init                            0x080030fd   Thumb Code    98  stm32f4xx_hal_uart.o(i.HAL_UART_Init)
    HAL_UART_MspInit                         0x08003161   Thumb Code   728  usart.o(i.HAL_UART_MspInit)
    HAL_UART_Receive_DMA                     0x08003471   Thumb Code    42  stm32f4xx_hal_uart.o(i.HAL_UART_Receive_DMA)
    HAL_UART_RxCpltCallback                  0x0800349d   Thumb Code    76  usart.o(i.HAL_UART_RxCpltCallback)
    HAL_UART_RxHalfCpltCallback              0x080034fd   Thumb Code     2  stm32f4xx_hal_uart.o(i.HAL_UART_RxHalfCpltCallback)
    HAL_UART_Transmit                        0x08003501   Thumb Code   178  stm32f4xx_hal_uart.o(i.HAL_UART_Transmit)
    HAL_UART_TxCpltCallback                  0x080035b3   Thumb Code     2  stm32f4xx_hal_uart.o(i.HAL_UART_TxCpltCallback)
    HardFault_Handler                        0x080035b5   Thumb Code     2  stm32f4xx_it.o(i.HardFault_Handler)
    Incremental_PID                          0x080035b7   Thumb Code   130  pid.o(i.Incremental_PID)
    KEY_chassis_max                          0x08003639   Thumb Code    52  rc.o(i.KEY_chassis_max)
    KalmanFilter                             0x08003675   Thumb Code    90  kalman.o(i.KalmanFilter)
    MX_CAN1_Init                             0x080036d1   Thumb Code    62  can.o(i.MX_CAN1_Init)
    MX_CAN2_Init                             0x08003719   Thumb Code    62  can.o(i.MX_CAN2_Init)
    MX_DMA_Init                              0x08003761   Thumb Code   104  dma.o(i.MX_DMA_Init)
    MX_FREERTOS_Init                         0x080037cd   Thumb Code   162  freertos.o(i.MX_FREERTOS_Init)
    MX_GPIO_Init                             0x08003879   Thumb Code   116  gpio.o(i.MX_GPIO_Init)
    MX_TIM8_Init                             0x080038f5   Thumb Code   160  tim.o(i.MX_TIM8_Init)
    MX_UART4_Init                            0x0800399d   Thumb Code    48  usart.o(i.MX_UART4_Init)
    MX_UART5_Init                            0x080039d5   Thumb Code    48  usart.o(i.MX_UART5_Init)
    MX_USART1_UART_Init                      0x08003a0d   Thumb Code    48  usart.o(i.MX_USART1_UART_Init)
    MX_USART2_UART_Init                      0x08003a45   Thumb Code    54  usart.o(i.MX_USART2_UART_Init)
    MX_USART3_UART_Init                      0x08003a89   Thumb Code    48  usart.o(i.MX_USART3_UART_Init)
    MemManage_Handler                        0x08003ac1   Thumb Code     2  stm32f4xx_it.o(i.MemManage_Handler)
    NMI_Handler                              0x08003ac3   Thumb Code     2  stm32f4xx_it.o(i.NMI_Handler)
    Offline_task                             0x08003ac5   Thumb Code   306  task.o(i.Offline_task)
    PID_init                                 0x08003d65   Thumb Code    22  pid.o(i.PID_init)
    Packet_Decode                            0x08003d7d   Thumb Code   232  packet.o(i.Packet_Decode)
    Packet_DecodeInit                        0x08003e69   Thumb Code    18  packet.o(i.Packet_DecodeInit)
    RC_data_init                             0x08003e8d   Thumb Code    32  rc.o(i.RC_data_init)
    RC_data_is_error                         0x08003eb1   Thumb Code   100  rc.o(i.RC_data_is_error)
    RC_restart                               0x08003f19   Thumb Code    32  rc.o(i.RC_restart)
    ReadRc_Chassis                           0x08003f41   Thumb Code   692  rc.o(i.ReadRc_Chassis)
    ReadRc_Gimbal                            0x0800421d   Thumb Code   422  rc.o(i.ReadRc_Gimbal)
    ReadRc_dial                              0x0800440d   Thumb Code   104  rc.o(i.ReadRc_dial)
    RemoteDataProcess                        0x0800448d   Thumb Code   316  rc.o(i.RemoteDataProcess)
    SysTick_Handler                          0x080045d1   Thumb Code    38  port.o(i.SysTick_Handler)
    SystemClock_Config                       0x080045fd   Thumb Code   142  main.o(i.SystemClock_Config)
    SystemInit                               0x08004695   Thumb Code    12  system_stm32f4xx.o(i.SystemInit)
    TIM8_TRG_COM_TIM14_IRQHandler            0x080046a5   Thumb Code    18  stm32f4xx_it.o(i.TIM8_TRG_COM_TIM14_IRQHandler)
    TIM_Base_SetConfig                       0x080046c1   Thumb Code   156  stm32f4xx_hal_tim.o(i.TIM_Base_SetConfig)
    TIM_CCxChannelCmd                        0x08004789   Thumb Code    26  stm32f4xx_hal_tim.o(i.TIM_CCxChannelCmd)
    TIM_OC2_SetConfig                        0x08004805   Thumb Code    98  stm32f4xx_hal_tim.o(i.TIM_OC2_SetConfig)
    UART4_IRQHandler                         0x08004929   Thumb Code    30  stm32f4xx_it.o(i.UART4_IRQHandler)
    UART5_IRQHandler                         0x0800494d   Thumb Code     6  stm32f4xx_it.o(i.UART5_IRQHandler)
    UART_IDLECallBack                        0x08004ab9   Thumb Code    16  usart.o(i.UART_IDLECallBack)
    UART_Start_Receive_DMA                   0x08004c9d   Thumb Code   134  stm32f4xx_hal_uart.o(i.UART_Start_Receive_DMA)
    USART1_IRQHandler                        0x08004da9   Thumb Code    30  stm32f4xx_it.o(i.USART1_IRQHandler)
    USART2_IRQHandler                        0x08004dcd   Thumb Code    20  stm32f4xx_it.o(i.USART2_IRQHandler)
    UsageFault_Handler                       0x08004de5   Thumb Code     2  stm32f4xx_it.o(i.UsageFault_Handler)
    Usart_Init_Report                        0x08004de9   Thumb Code    30  usart.o(i.Usart_Init_Report)
    __ARM_fpclassifyf                        0x08004e15   Thumb Code    38  fpclassifyf.o(i.__ARM_fpclassifyf)
    __hardfp_cosf                            0x08004e5d   Thumb Code   280  cosf.o(i.__hardfp_cosf)
    __hardfp_sinf                            0x08004fad   Thumb Code   344  sinf.o(i.__hardfp_sinf)
    __mathlib_flt_infnan                     0x0800513d   Thumb Code     6  funder.o(i.__mathlib_flt_infnan)
    __mathlib_flt_invalid                    0x08005145   Thumb Code    10  funder.o(i.__mathlib_flt_invalid)
    __mathlib_flt_underflow                  0x08005155   Thumb Code    10  funder.o(i.__mathlib_flt_underflow)
    __mathlib_rredf2                         0x08005165   Thumb Code   316  rredf.o(i.__mathlib_rredf2)
    can_Task                                 0x080052b9   Thumb Code    32  freertos.o(i.can_Task)
    chassis_task                             0x080052dd   Thumb Code    30  freertos.o(i.chassis_task)
    client                                   0x08005301   Thumb Code    20  freertos.o(i.client)
    detect_init                              0x08005349   Thumb Code    18  detect_task.o(i.detect_init)
    dial_PID                                 0x08005361   Thumb Code    12  pid.o(i.dial_PID)
    dial_inner_pid_init                      0x08005375   Thumb Code    60  pid.o(i.dial_inner_pid_init)
    dial_outer_pid_init                      0x080053bd   Thumb Code    56  pid.o(i.dial_outer_pid_init)
    dial_pid_init                            0x08005401   Thumb Code    94  pid.o(i.dial_pid_init)
    friction_PID_init                        0x08005479   Thumb Code   104  pid.o(i.friction_PID_init)
    get_eular                                0x080054f5   Thumb Code    12  imu_data_decode.o(i.get_eular)
    get_gimbal_motor_measuer                 0x08005505   Thumb Code    74  can.o(i.get_gimbal_motor_measuer)
    get_motor_measure                        0x0800554f   Thumb Code    74  can.o(i.get_motor_measure)
    get_raw_gyo                              0x08005599   Thumb Code    16  imu_data_decode.o(i.get_raw_gyo)
    gimbal_pitch_inner_pid_init              0x080055ad   Thumb Code    52  pid.o(i.gimbal_pitch_inner_pid_init)
    gimbal_pitch_outer_pid_init              0x080055f1   Thumb Code    56  pid.o(i.gimbal_pitch_outer_pid_init)
    gimbal_pitch_pid_init                    0x08005631   Thumb Code    14  pid.o(i.gimbal_pitch_pid_init)
    gimbal_yaw_inner_pid_init                0x08005641   Thumb Code    52  pid.o(i.gimbal_yaw_inner_pid_init)
    gimbal_yaw_outer_pid_init                0x08005681   Thumb Code    56  pid.o(i.gimbal_yaw_outer_pid_init)
    gimbal_yaw_pid_init                      0x080056c1   Thumb Code    14  pid.o(i.gimbal_yaw_pid_init)
    imu_data_decode_init                     0x080056d1   Thumb Code    14  imu_data_decode.o(i.imu_data_decode_init)
    kalmanCreate                             0x080056e9   Thumb Code    38  kalman.o(i.kalmanCreate)
    location_PID                             0x08005715   Thumb Code   150  pid.o(i.location_PID)
    main                                     0x080057c1   Thumb Code   130  main.o(i.main)
    osKernelStart                            0x08005871   Thumb Code    10  cmsis_os.o(i.osKernelStart)
    osThreadCreate                           0x0800587b   Thumb Code    92  cmsis_os.o(i.osThreadCreate)
    pvPortMalloc                             0x08005c61   Thumb Code   224  heap_4.o(i.pvPortMalloc)
    pxPortInitialiseStack                    0x08005d49   Thumb Code    38  port.o(i.pxPortInitialiseStack)
    report_SendData                          0x08005d75   Thumb Code   108  report.o(i.report_SendData)
    slove_RC_lost                            0x08005de9   Thumb Code     6  rc.o(i.slove_RC_lost)
    slove_RC_offline                         0x08005def   Thumb Code     4  rc.o(i.slove_RC_offline)
    super_cap_task                           0x08005df5   Thumb Code    20  freertos.o(i.super_cap_task)
    uxListRemove                             0x08005e0d   Thumb Code    38  list.o(i.uxListRemove)
    vApplicationGetIdleTaskMemory            0x08005e35   Thumb Code    16  freertos.o(i.vApplicationGetIdleTaskMemory)
    vListInitialise                          0x08005e49   Thumb Code    22  list.o(i.vListInitialise)
    vListInitialiseItem                      0x08005e5f   Thumb Code     6  list.o(i.vListInitialiseItem)
    vListInsert                              0x08005e65   Thumb Code    54  list.o(i.vListInsert)
    vListInsertEnd                           0x08005e9b   Thumb Code    24  list.o(i.vListInsertEnd)
    vPortEnterCritical                       0x08005eb5   Thumb Code    54  port.o(i.vPortEnterCritical)
    vPortExitCritical                        0x08005ef5   Thumb Code    38  port.o(i.vPortExitCritical)
    vPortFree                                0x08005f21   Thumb Code    94  heap_4.o(i.vPortFree)
    vPortSetupTimerInterrupt                 0x08005f85   Thumb Code    32  port.o(i.vPortSetupTimerInterrupt)
    vTaskDelay                               0x08005fa9   Thumb Code    70  tasks.o(i.vTaskDelay)
    vTaskDelayUntil                          0x08005ff9   Thumb Code   146  tasks.o(i.vTaskDelayUntil)
    vTaskStartScheduler                      0x08006095   Thumb Code   120  tasks.o(i.vTaskStartScheduler)
    vTaskSuspendAll                          0x0800611d   Thumb Code    10  tasks.o(i.vTaskSuspendAll)
    vTaskSwitchContext                       0x0800612d   Thumb Code    86  tasks.o(i.vTaskSwitchContext)
    vofa_Task                                0x0800618d   Thumb Code    56  freertos.o(i.vofa_Task)
    wheel_pid_init                           0x080061d1   Thumb Code   136  pid.o(i.wheel_pid_init)
    xPortStartScheduler                      0x08006271   Thumb Code   232  port.o(i.xPortStartScheduler)
    xTaskCreate                              0x08006375   Thumb Code   108  tasks.o(i.xTaskCreate)
    xTaskCreateStatic                        0x080063e1   Thumb Code    96  tasks.o(i.xTaskCreateStatic)
    xTaskGetTickCount                        0x08006441   Thumb Code     6  tasks.o(i.xTaskGetTickCount)
    xTaskIncrementTick                       0x0800644d   Thumb Code   202  tasks.o(i.xTaskIncrementTick)
    xTaskResumeAll                           0x08006521   Thumb Code   190  tasks.o(i.xTaskResumeAll)
    __aeabi_d2f                              0x080065ed   Thumb Code     0  d2f.o(x$fpl$d2f)
    _d2f                                     0x080065ed   Thumb Code    98  d2f.o(x$fpl$d2f)
    __aeabi_d2iz                             0x08006651   Thumb Code     0  dfix.o(x$fpl$dfix)
    _dfix                                    0x08006651   Thumb Code    94  dfix.o(x$fpl$dfix)
    __aeabi_i2d                              0x080066af   Thumb Code     0  dflt_clz.o(x$fpl$dflt)
    _dflt                                    0x080066af   Thumb Code    46  dflt_clz.o(x$fpl$dflt)
    __aeabi_dmul                             0x080066dd   Thumb Code     0  dmul.o(x$fpl$dmul)
    _dmul                                    0x080066dd   Thumb Code   332  dmul.o(x$fpl$dmul)
    __fpl_dnaninf                            0x08006831   Thumb Code   156  dnaninf.o(x$fpl$dnaninf)
    __fpl_dretinf                            0x080068cd   Thumb Code    12  dretinf.o(x$fpl$dretinf)
    _fp_init                                 0x080068d9   Thumb Code    10  fpinit.o(x$fpl$fpinit)
    __fplib_config_fpu_vfp                   0x080068e1   Thumb Code     0  fpinit.o(x$fpl$fpinit)
    __fplib_config_pureend_doubles           0x080068e1   Thumb Code     0  fpinit.o(x$fpl$fpinit)
    __fpl_fretinf                            0x080068e3   Thumb Code    10  fretinf.o(x$fpl$fretinf)
    __I$use$fp                               0x080068ec   Number         0  usenofp.o(x$fpl$usenofp)
    AHBPrescTable                            0x080069e8   Data          16  system_stm32f4xx.o(.constdata)
    APBPrescTable                            0x080069f8   Data           8  system_stm32f4xx.o(.constdata)
    Region$$Table$$Base                      0x08006a7c   Number         0  anon$$obj.o(Region$$Table)
    Region$$Table$$Limit                     0x08006a9c   Number         0  anon$$obj.o(Region$$Table)
    STOP                                     0x20000000   Data           1  rc.o(.data)
    MODE                                     0x20000001   Data           1  rc.o(.data)
    L_X                                      0x20000002   Data           2  rc.o(.data)
    L_Y                                      0x20000004   Data           2  rc.o(.data)
    R_Y                                      0x20000006   Data           2  rc.o(.data)
    R_X                                      0x20000008   Data           2  rc.o(.data)
    degree_k                                 0x2000000c   Data           4  rc.o(.data)
    dial_red                                 0x20000010   Data           4  rc.o(.data)
    infra_red_GPIO                           0x20000014   Data           4  rc.o(.data)
    infra_red_MODE                           0x20000018   Data           4  rc.o(.data)
    chasses_coefficient                      0x2000001c   Data           8  rc.o(.data)
    cnt1                                     0x20000028   Data           4  imu_data_decode.o(.data)
    Degree_po                                0x20000054   Data           4  pid.o(.data)
    friction_sign                            0x20000058   Data           4  pid.o(.data)
    cnt21                                    0x2000005c   Data           4  pid.o(.data)
    dial_mode                                0x20000060   Data           4  pid.o(.data)
    store                                    0x20000064   Data           6  pid.o(.data)
    cnt5                                     0x2000006c   Data           4  task.o(.data)
    CAN1_0X200                               0x20000070   Data           8  task.o(.data)
    cnt9                                     0x2000007c   Data           4  detect_task.o(.data)
    Is_finishctog                            0x20000088   Data           2  chassis_mode.o(.data)
    chassis_mode                             0x2000008c   Data           4  chassis_mode.o(.data)
    Q_sign                                   0x20000090   Data           4  chassis_mode.o(.data)
    E_sign                                   0x20000094   Data           4  chassis_mode.o(.data)
    Xsin                                     0x20000098   Data           4  chassis_mode.o(.data)
    Xcos                                     0x2000009c   Data           4  chassis_mode.o(.data)
    Ysin                                     0x200000a0   Data           4  chassis_mode.o(.data)
    Ycos                                     0x200000a4   Data           4  chassis_mode.o(.data)
    hudu                                     0x200000a8   Data           4  chassis_mode.o(.data)
    ecd_ch                                   0x200000ac   Data           4  chassis_mode.o(.data)
    degree_ch                                0x200000b0   Data           4  chassis_mode.o(.data)
    ecd_diff                                 0x200000b4   Data           4  chassis_mode.o(.data)
    chassis__taskHandle                      0x200000d4   Data           4  freertos.o(.data)
    Gimbal__TaskHandle                       0x200000d8   Data           4  freertos.o(.data)
    can__TaskHandle                          0x200000dc   Data           4  freertos.o(.data)
    vofa__TaskHandle                         0x200000e0   Data           4  freertos.o(.data)
    Detect__TaskHandle                       0x200000e4   Data           4  freertos.o(.data)
    client_Handle                            0x200000e8   Data           4  freertos.o(.data)
    super_capHandle                          0x200000ec   Data           4  freertos.o(.data)
    cnt50                                    0x200000f4   Data           4  can.o(.data)
    UART4_Flag                               0x20000148   Data           1  usart.o(.data)
    MPU_data                                 0x20000149   Data           1  usart.o(.data)
    cnt10                                    0x2000014c   Data           4  usart.o(.data)
    uwTickFreq                               0x20000150   Data           1  stm32f4xx_hal.o(.data)
    uwTickPrio                               0x20000154   Data           4  stm32f4xx_hal.o(.data)
    uwTick                                   0x20000158   Data           4  stm32f4xx_hal.o(.data)
    SystemCoreClock                          0x2000015c   Data           4  system_stm32f4xx.o(.data)
    pxCurrentTCB                             0x20000160   Data           4  tasks.o(.data)
    RC_CtrlData                              0x200001c8   Data          20  rc.o(.bss)
    KEY_Date                                 0x200001dc   Data          24  rc.o(.bss)
    sbus_rx_buffer                           0x200001f4   Data          36  rc.o(.bss)
    last_store                               0x200002c0   Data          12  pid.o(.bss)
    vofa_data                                0x200002cc   Data          20  report.o(.bss)
    errorList                                0x200002e0   Data         324  detect_task.o(.bss)
    wheel_moter                              0x20000678   Data         400  can.o(.bss)
    dial_motor                               0x20000808   Data         100  can.o(.bss)
    gimbal_yaw_motor                         0x2000086c   Data         100  can.o(.bss)
    gimbal_pitch_motor                       0x200008d0   Data         100  can.o(.bss)
    Friction_motor                           0x20000934   Data         200  can.o(.bss)
    dial_data                                0x200009fc   Data          28  can.o(.bss)
    supercap                                 0x20000a18   Data          16  can.o(.bss)
    motor_yaw                                0x20000a28   Data          20  can.o(.bss)
    motor_pitch                              0x20000a3c   Data          20  can.o(.bss)
    motor_trigger                            0x20000a50   Data          20  can.o(.bss)
    motor_chassis                            0x20000a64   Data          80  can.o(.bss)
    motor_friction                           0x20000ab4   Data          40  can.o(.bss)
    hcan1                                    0x20000adc   Data          40  can.o(.bss)
    hcan2                                    0x20000b04   Data          40  can.o(.bss)
    CAN1_RX                                  0x20000b2c   Data          28  can.o(.bss)
    yaw_inner_pid                            0x20000b48   Data          44  can.o(.bss)
    pitch_inner_pid                          0x20000b74   Data          44  can.o(.bss)
    yaw_outer_pid                            0x20000ba0   Data          44  can.o(.bss)
    pitch_outer_pid                          0x20000bcc   Data          44  can.o(.bss)
    dial_inner_pid                           0x20000bf8   Data          44  can.o(.bss)
    dial_outer_pid                           0x20000c24   Data          44  can.o(.bss)
    htim8                                    0x20000c50   Data          72  tim.o(.bss)
    UART4_Rx_temp                            0x20000c98   Data         256  usart.o(.bss)
    huart4                                   0x20000d98   Data          68  usart.o(.bss)
    huart5                                   0x20000ddc   Data          68  usart.o(.bss)
    huart1                                   0x20000e20   Data          68  usart.o(.bss)
    huart2                                   0x20000e64   Data          68  usart.o(.bss)
    huart3                                   0x20000ea8   Data          68  usart.o(.bss)
    hdma_uart4_rx                            0x20000eec   Data          96  usart.o(.bss)
    hdma_uart5_rx                            0x20000f4c   Data          96  usart.o(.bss)
    hdma_usart1_rx                           0x20000fac   Data          96  usart.o(.bss)
    hdma_usart2_rx                           0x2000100c   Data          96  usart.o(.bss)
    htim14                                   0x2000106c   Data          72  stm32f4xx_hal_timebase_tim.o(.bss)
    __libspace_start                         0x20004da4   Data          96  libspace.o(.bss)
    __temporary_stack_top$libspace           0x20004e04   Data           0  libspace.o(.bss)



==============================================================================

Memory Map of the image

  Image Entry point : 0x08000189

  Load Region LR_IROM1 (Base: 0x08000000, Size: 0x00006c64, Max: 0x00100000, ABSOLUTE, COMPRESSED[0x00006abc])

    Execution Region ER_IROM1 (Exec base: 0x08000000, Load base: 0x08000000, Size: 0x00006a9c, Max: 0x00100000, ABSOLUTE)

    Exec Addr    Load Addr    Size         Type   Attr      Idx    E Section Name        Object

    0x08000000   0x08000000   0x00000188   Data   RO            3    RESET               startup_stm32f405xx.o
    0x08000188   0x08000188   0x00000008   Code   RO         6059  * !!!main             c_w.l(__main.o)
    0x08000190   0x08000190   0x00000034   Code   RO         6307    !!!scatter          c_w.l(__scatter.o)
    0x080001c4   0x080001c4   0x0000003a   Code   RO         6305    !!dczerorl          c_w.l(__dczerorl.o)
    0x080001fe   0x080001fe   0x00000002   PAD
    0x08000200   0x08000200   0x0000001c   Code   RO         6309    !!handler_zi        c_w.l(__scatter_zi.o)
    0x0800021c   0x0800021c   0x00000002   Code   RO         6176    .ARM.Collect$$libinit$$00000000  c_w.l(libinit.o)
    0x0800021e   0x0800021e   0x00000004   Code   RO         6185    .ARM.Collect$$libinit$$00000001  c_w.l(libinit2.o)
    0x08000222   0x08000222   0x00000000   Code   RO         6188    .ARM.Collect$$libinit$$00000004  c_w.l(libinit2.o)
    0x08000222   0x08000222   0x00000000   Code   RO         6191    .ARM.Collect$$libinit$$0000000A  c_w.l(libinit2.o)
    0x08000222   0x08000222   0x00000000   Code   RO         6193    .ARM.Collect$$libinit$$0000000C  c_w.l(libinit2.o)
    0x08000222   0x08000222   0x00000000   Code   RO         6195    .ARM.Collect$$libinit$$0000000E  c_w.l(libinit2.o)
    0x08000222   0x08000222   0x00000000   Code   RO         6198    .ARM.Collect$$libinit$$00000011  c_w.l(libinit2.o)
    0x08000222   0x08000222   0x00000000   Code   RO         6200    .ARM.Collect$$libinit$$00000013  c_w.l(libinit2.o)
    0x08000222   0x08000222   0x00000000   Code   RO         6202    .ARM.Collect$$libinit$$00000015  c_w.l(libinit2.o)
    0x08000222   0x08000222   0x00000000   Code   RO         6204    .ARM.Collect$$libinit$$00000017  c_w.l(libinit2.o)
    0x08000222   0x08000222   0x00000000   Code   RO         6206    .ARM.Collect$$libinit$$00000019  c_w.l(libinit2.o)
    0x08000222   0x08000222   0x00000000   Code   RO         6208    .ARM.Collect$$libinit$$0000001B  c_w.l(libinit2.o)
    0x08000222   0x08000222   0x00000000   Code   RO         6210    .ARM.Collect$$libinit$$0000001D  c_w.l(libinit2.o)
    0x08000222   0x08000222   0x00000000   Code   RO         6212    .ARM.Collect$$libinit$$0000001F  c_w.l(libinit2.o)
    0x08000222   0x08000222   0x00000000   Code   RO         6214    .ARM.Collect$$libinit$$00000021  c_w.l(libinit2.o)
    0x08000222   0x08000222   0x00000000   Code   RO         6216    .ARM.Collect$$libinit$$00000023  c_w.l(libinit2.o)
    0x08000222   0x08000222   0x00000000   Code   RO         6218    .ARM.Collect$$libinit$$00000025  c_w.l(libinit2.o)
    0x08000222   0x08000222   0x00000000   Code   RO         6222    .ARM.Collect$$libinit$$0000002C  c_w.l(libinit2.o)
    0x08000222   0x08000222   0x00000000   Code   RO         6224    .ARM.Collect$$libinit$$0000002E  c_w.l(libinit2.o)
    0x08000222   0x08000222   0x00000000   Code   RO         6226    .ARM.Collect$$libinit$$00000030  c_w.l(libinit2.o)
    0x08000222   0x08000222   0x00000000   Code   RO         6228    .ARM.Collect$$libinit$$00000032  c_w.l(libinit2.o)
    0x08000222   0x08000222   0x00000002   Code   RO         6229    .ARM.Collect$$libinit$$00000033  c_w.l(libinit2.o)
    0x08000224   0x08000224   0x00000002   Code   RO         6260    .ARM.Collect$$libshutdown$$00000000  c_w.l(libshutdown.o)
    0x08000226   0x08000226   0x00000000   Code   RO         6286    .ARM.Collect$$libshutdown$$00000002  c_w.l(libshutdown2.o)
    0x08000226   0x08000226   0x00000000   Code   RO         6288    .ARM.Collect$$libshutdown$$00000004  c_w.l(libshutdown2.o)
    0x08000226   0x08000226   0x00000000   Code   RO         6290    .ARM.Collect$$libshutdown$$00000006  c_w.l(libshutdown2.o)
    0x08000226   0x08000226   0x00000000   Code   RO         6293    .ARM.Collect$$libshutdown$$00000009  c_w.l(libshutdown2.o)
    0x08000226   0x08000226   0x00000000   Code   RO         6296    .ARM.Collect$$libshutdown$$0000000C  c_w.l(libshutdown2.o)
    0x08000226   0x08000226   0x00000000   Code   RO         6298    .ARM.Collect$$libshutdown$$0000000E  c_w.l(libshutdown2.o)
    0x08000226   0x08000226   0x00000000   Code   RO         6301    .ARM.Collect$$libshutdown$$00000011  c_w.l(libshutdown2.o)
    0x08000226   0x08000226   0x00000002   Code   RO         6302    .ARM.Collect$$libshutdown$$00000012  c_w.l(libshutdown2.o)
    0x08000228   0x08000228   0x00000000   Code   RO         6101    .ARM.Collect$$rtentry$$00000000  c_w.l(__rtentry.o)
    0x08000228   0x08000228   0x00000000   Code   RO         6139    .ARM.Collect$$rtentry$$00000002  c_w.l(__rtentry2.o)
    0x08000228   0x08000228   0x00000006   Code   RO         6151    .ARM.Collect$$rtentry$$00000004  c_w.l(__rtentry4.o)
    0x0800022e   0x0800022e   0x00000000   Code   RO         6141    .ARM.Collect$$rtentry$$00000009  c_w.l(__rtentry2.o)
    0x0800022e   0x0800022e   0x00000004   Code   RO         6142    .ARM.Collect$$rtentry$$0000000A  c_w.l(__rtentry2.o)
    0x08000232   0x08000232   0x00000000   Code   RO         6144    .ARM.Collect$$rtentry$$0000000C  c_w.l(__rtentry2.o)
    0x08000232   0x08000232   0x00000008   Code   RO         6145    .ARM.Collect$$rtentry$$0000000D  c_w.l(__rtentry2.o)
    0x0800023a   0x0800023a   0x00000002   Code   RO         6177    .ARM.Collect$$rtexit$$00000000  c_w.l(rtexit.o)
    0x0800023c   0x0800023c   0x00000000   Code   RO         6233    .ARM.Collect$$rtexit$$00000002  c_w.l(rtexit2.o)
    0x0800023c   0x0800023c   0x00000004   Code   RO         6234    .ARM.Collect$$rtexit$$00000003  c_w.l(rtexit2.o)
    0x08000240   0x08000240   0x00000006   Code   RO         6235    .ARM.Collect$$rtexit$$00000004  c_w.l(rtexit2.o)
    0x08000246   0x08000246   0x00000002   PAD
    0x08000248   0x08000248   0x000000be   Code   RO         5964    .emb_text           port.o
    0x08000306   0x08000306   0x00000002   PAD
    0x08000308   0x08000308   0x00000040   Code   RO            4    .text               startup_stm32f405xx.o
    0x08000348   0x08000348   0x000000ee   Code   RO         6043    .text               c_w.l(lludivv7m.o)
    0x08000436   0x08000436   0x0000008a   Code   RO         6049    .text               c_w.l(rt_memcpy_v6.o)
    0x080004c0   0x080004c0   0x00000064   Code   RO         6051    .text               c_w.l(rt_memcpy_w.o)
    0x08000524   0x08000524   0x0000004e   Code   RO         6055    .text               c_w.l(rt_memclr_w.o)
    0x08000572   0x08000572   0x00000006   Code   RO         6057    .text               c_w.l(heapauxi.o)
    0x08000578   0x08000578   0x00000016   Code   RO         6106    .text               c_w.l(_rserrno.o)
    0x0800058e   0x0800058e   0x00000002   PAD
    0x08000590   0x08000590   0x00000008   Code   RO         6158    .text               c_w.l(rt_errno_addr_intlibspace.o)
    0x08000598   0x08000598   0x00000008   Code   RO         6160    .text               c_w.l(libspace.o)
    0x080005a0   0x080005a0   0x0000004a   Code   RO         6163    .text               c_w.l(sys_stackheap_outer.o)
    0x080005ea   0x080005ea   0x00000012   Code   RO         6165    .text               c_w.l(exit.o)
    0x080005fc   0x080005fc   0x0000000c   Code   RO         6230    .text               c_w.l(sys_exit.o)
    0x08000608   0x08000608   0x00000002   Code   RO         6249    .text               c_w.l(use_no_semi.o)
    0x0800060a   0x0800060a   0x00000000   Code   RO         6251    .text               c_w.l(indicate_semi.o)
    0x0800060a   0x0800060a   0x00000002   Code   RO         1768    i.BusFault_Handler  stm32f4xx_it.o
    0x0800060c   0x0800060c   0x00000048   Code   RO         1455    i.CAN1_0x1FF_TX     can.o
    0x08000654   0x08000654   0x00000040   Code   RO         1457    i.CAN1_0x333_TX     can.o
    0x08000694   0x08000694   0x00000048   Code   RO         1458    i.CAN1_0x478_TX     can.o
    0x080006dc   0x080006dc   0x00000048   Code   RO         1459    i.CAN1_0x748_TX     can.o
    0x08000724   0x08000724   0x0000003c   Code   RO         1460    i.CAN1_Filterinit_And_Start  can.o
    0x08000760   0x08000760   0x0000000c   Code   RO         1769    i.CAN1_RX0_IRQHandler  stm32f4xx_it.o
    0x0800076c   0x0800076c   0x00000028   Code   RO          585    i.CAN1_send         task.o
    0x08000794   0x08000794   0x00000048   Code   RO         1461    i.CAN2_0x1FF_TX     can.o
    0x080007dc   0x080007dc   0x00000048   Code   RO         1462    i.CAN2_0x200_TX     can.o
    0x08000824   0x08000824   0x0000003c   Code   RO         1464    i.CAN2_Filterinit_And_Start  can.o
    0x08000860   0x08000860   0x0000000c   Code   RO         1770    i.CAN2_RX0_IRQHandler  stm32f4xx_it.o
    0x0800086c   0x0800086c   0x00000040   Code   RO          587    i.CAN2_send         task.o
    0x080008ac   0x080008ac   0x00000048   Code   RO          390    i.Chassis_PID       pid.o
    0x080008f4   0x080008f4   0x00000114   Code   RO         1149    i.Circle            chassis_mode.o
    0x08000a08   0x08000a08   0x00000108   Code   RO         1150    i.CtoG              chassis_mode.o
    0x08000b10   0x08000b10   0x0000000c   Code   RO         1771    i.DMA1_Stream0_IRQHandler  stm32f4xx_it.o
    0x08000b1c   0x08000b1c   0x0000000c   Code   RO         1772    i.DMA1_Stream2_IRQHandler  stm32f4xx_it.o
    0x08000b28   0x08000b28   0x0000000c   Code   RO         1773    i.DMA1_Stream5_IRQHandler  stm32f4xx_it.o
    0x08000b34   0x08000b34   0x0000000c   Code   RO         1774    i.DMA2_Stream2_IRQHandler  stm32f4xx_it.o
    0x08000b40   0x08000b40   0x00000028   Code   RO         2648    i.DMA_CalcBaseAndBitshift  stm32f4xx_hal_dma.o
    0x08000b68   0x08000b68   0x00000054   Code   RO         2649    i.DMA_CheckFifoParam  stm32f4xx_hal_dma.o
    0x08000bbc   0x08000bbc   0x00000028   Code   RO         2650    i.DMA_SetConfig     stm32f4xx_hal_dma.o
    0x08000be4   0x08000be4   0x00000002   Code   RO         1775    i.DebugMon_Handler  stm32f4xx_it.o
    0x08000be6   0x08000be6   0x00000002   PAD
    0x08000be8   0x08000be8   0x00000050   Code   RO          765    i.DetectHook        detect_task.o
    0x08000c38   0x08000c38   0x00000088   Code   RO          766    i.DetectInit        detect_task.o
    0x08000cc0   0x08000cc0   0x000000f4   Code   RO          767    i.DetectTask        detect_task.o
    0x08000db4   0x08000db4   0x00000028   Code   RO         1363    i.Detect_Task       freertos.o
    0x08000ddc   0x08000ddc   0x00000004   Code   RO         1265    i.Error_Handler     main.o
    0x08000de0   0x08000de0   0x00000064   Code   RO          391    i.Friction_PID      pid.o
    0x08000e44   0x08000e44   0x000000b0   Code   RO         1151    i.Function_Choose   chassis_mode.o
    0x08000ef4   0x08000ef4   0x000000e4   Code   RO          392    i.Gimbal_PID        pid.o
    0x08000fd8   0x08000fd8   0x0000000e   Code   RO          393    i.Gimbal_PID_init   pid.o
    0x08000fe6   0x08000fe6   0x00000002   PAD
    0x08000fe8   0x08000fe8   0x00000030   Code   RO         1364    i.Gimbal_Task       freertos.o
    0x08001018   0x08001018   0x00000108   Code   RO          394    i.Gimbal_inner_PID  pid.o
    0x08001120   0x08001120   0x00000148   Code   RO          395    i.Gimbal_outer_PID  pid.o
    0x08001268   0x08001268   0x00000024   Code   RO         1956    i.HAL_CAN_ActivateNotification  stm32f4xx_hal_can.o
    0x0800128c   0x0800128c   0x000000dc   Code   RO         1957    i.HAL_CAN_AddTxMessage  stm32f4xx_hal_can.o
    0x08001368   0x08001368   0x0000010c   Code   RO         1958    i.HAL_CAN_ConfigFilter  stm32f4xx_hal_can.o
    0x08001474   0x08001474   0x00000002   Code   RO         1961    i.HAL_CAN_ErrorCallback  stm32f4xx_hal_can.o
    0x08001476   0x08001476   0x000000e8   Code   RO         1964    i.HAL_CAN_GetRxMessage  stm32f4xx_hal_can.o
    0x0800155e   0x0800155e   0x000001fc   Code   RO         1968    i.HAL_CAN_IRQHandler  stm32f4xx_hal_can.o
    0x0800175a   0x0800175a   0x0000011a   Code   RO         1969    i.HAL_CAN_Init      stm32f4xx_hal_can.o
    0x08001874   0x08001874   0x00000100   Code   RO         1466    i.HAL_CAN_MspInit   can.o
    0x08001974   0x08001974   0x00000002   Code   RO         1976    i.HAL_CAN_RxFifo0FullCallback  stm32f4xx_hal_can.o
    0x08001976   0x08001976   0x00000002   PAD
    0x08001978   0x08001978   0x0000024c   Code   RO         1467    i.HAL_CAN_RxFifo0MsgPendingCallback  can.o
    0x08001bc4   0x08001bc4   0x00000002   Code   RO         1978    i.HAL_CAN_RxFifo1FullCallback  stm32f4xx_hal_can.o
    0x08001bc6   0x08001bc6   0x00000002   Code   RO         1979    i.HAL_CAN_RxFifo1MsgPendingCallback  stm32f4xx_hal_can.o
    0x08001bc8   0x08001bc8   0x00000002   Code   RO         1980    i.HAL_CAN_SleepCallback  stm32f4xx_hal_can.o
    0x08001bca   0x08001bca   0x00000002   PAD
    0x08001bcc   0x08001bcc   0x00000058   Code   RO         1981    i.HAL_CAN_Start     stm32f4xx_hal_can.o
    0x08001c24   0x08001c24   0x00000002   Code   RO         1983    i.HAL_CAN_TxMailbox0AbortCallback  stm32f4xx_hal_can.o
    0x08001c26   0x08001c26   0x00000002   Code   RO         1984    i.HAL_CAN_TxMailbox0CompleteCallback  stm32f4xx_hal_can.o
    0x08001c28   0x08001c28   0x00000002   Code   RO         1985    i.HAL_CAN_TxMailbox1AbortCallback  stm32f4xx_hal_can.o
    0x08001c2a   0x08001c2a   0x00000002   Code   RO         1986    i.HAL_CAN_TxMailbox1CompleteCallback  stm32f4xx_hal_can.o
    0x08001c2c   0x08001c2c   0x00000002   Code   RO         1987    i.HAL_CAN_TxMailbox2AbortCallback  stm32f4xx_hal_can.o
    0x08001c2e   0x08001c2e   0x00000002   Code   RO         1988    i.HAL_CAN_TxMailbox2CompleteCallback  stm32f4xx_hal_can.o
    0x08001c30   0x08001c30   0x00000002   Code   RO         1990    i.HAL_CAN_WakeUpFromRxMsgCallback  stm32f4xx_hal_can.o
    0x08001c32   0x08001c32   0x00000092   Code   RO         2651    i.HAL_DMA_Abort     stm32f4xx_hal_dma.o
    0x08001cc4   0x08001cc4   0x00000024   Code   RO         2652    i.HAL_DMA_Abort_IT  stm32f4xx_hal_dma.o
    0x08001ce8   0x08001ce8   0x000001a0   Code   RO         2656    i.HAL_DMA_IRQHandler  stm32f4xx_hal_dma.o
    0x08001e88   0x08001e88   0x000000d4   Code   RO         2657    i.HAL_DMA_Init      stm32f4xx_hal_dma.o
    0x08001f5c   0x08001f5c   0x0000006e   Code   RO         2661    i.HAL_DMA_Start_IT  stm32f4xx_hal_dma.o
    0x08001fca   0x08001fca   0x00000002   PAD
    0x08001fcc   0x08001fcc   0x000001f0   Code   RO         2544    i.HAL_GPIO_Init     stm32f4xx_hal_gpio.o
    0x080021bc   0x080021bc   0x0000000a   Code   RO         2546    i.HAL_GPIO_ReadPin  stm32f4xx_hal_gpio.o
    0x080021c6   0x080021c6   0x00000002   PAD
    0x080021c8   0x080021c8   0x0000000c   Code   RO         3076    i.HAL_GetTick       stm32f4xx_hal.o
    0x080021d4   0x080021d4   0x00000010   Code   RO         3082    i.HAL_IncTick       stm32f4xx_hal.o
    0x080021e4   0x080021e4   0x00000034   Code   RO         3083    i.HAL_Init          stm32f4xx_hal.o
    0x08002218   0x08002218   0x00000074   Code   RO         1916    i.HAL_InitTick      stm32f4xx_hal_timebase_tim.o
    0x0800228c   0x0800228c   0x00000038   Code   RO         1892    i.HAL_MspInit       stm32f4xx_hal_msp.o
    0x080022c4   0x080022c4   0x0000001a   Code   RO         2933    i.HAL_NVIC_EnableIRQ  stm32f4xx_hal_cortex.o
    0x080022de   0x080022de   0x00000002   PAD
    0x080022e0   0x080022e0   0x00000040   Code   RO         2939    i.HAL_NVIC_SetPriority  stm32f4xx_hal_cortex.o
    0x08002320   0x08002320   0x00000024   Code   RO         2940    i.HAL_NVIC_SetPriorityGrouping  stm32f4xx_hal_cortex.o
    0x08002344   0x08002344   0x00000134   Code   RO         2190    i.HAL_RCC_ClockConfig  stm32f4xx_hal_rcc.o
    0x08002478   0x08002478   0x00000040   Code   RO         2194    i.HAL_RCC_GetClockConfig  stm32f4xx_hal_rcc.o
    0x080024b8   0x080024b8   0x00000020   Code   RO         2197    i.HAL_RCC_GetPCLK1Freq  stm32f4xx_hal_rcc.o
    0x080024d8   0x080024d8   0x00000020   Code   RO         2198    i.HAL_RCC_GetPCLK2Freq  stm32f4xx_hal_rcc.o
    0x080024f8   0x080024f8   0x00000064   Code   RO         2199    i.HAL_RCC_GetSysClockFreq  stm32f4xx_hal_rcc.o
    0x0800255c   0x0800255c   0x0000036c   Code   RO         2202    i.HAL_RCC_OscConfig  stm32f4xx_hal_rcc.o
    0x080028c8   0x080028c8   0x00000002   Code   RO         4027    i.HAL_TIMEx_BreakCallback  stm32f4xx_hal_tim_ex.o
    0x080028ca   0x080028ca   0x00000002   Code   RO         4028    i.HAL_TIMEx_CommutCallback  stm32f4xx_hal_tim_ex.o
    0x080028cc   0x080028cc   0x00000054   Code   RO         4030    i.HAL_TIMEx_ConfigBreakDeadTime  stm32f4xx_hal_tim_ex.o
    0x08002920   0x08002920   0x00000090   Code   RO         4046    i.HAL_TIMEx_MasterConfigSynchronization  stm32f4xx_hal_tim_ex.o
    0x080029b0   0x080029b0   0x0000005a   Code   RO         3323    i.HAL_TIM_Base_Init  stm32f4xx_hal_tim.o
    0x08002a0a   0x08002a0a   0x00000002   Code   RO         3325    i.HAL_TIM_Base_MspInit  stm32f4xx_hal_tim.o
    0x08002a0c   0x08002a0c   0x00000080   Code   RO         3328    i.HAL_TIM_Base_Start_IT  stm32f4xx_hal_tim.o
    0x08002a8c   0x08002a8c   0x00000002   Code   RO         3357    i.HAL_TIM_IC_CaptureCallback  stm32f4xx_hal_tim.o
    0x08002a8e   0x08002a8e   0x00000166   Code   RO         3371    i.HAL_TIM_IRQHandler  stm32f4xx_hal_tim.o
    0x08002bf4   0x08002bf4   0x00000054   Code   RO         1618    i.HAL_TIM_MspPostInit  tim.o
    0x08002c48   0x08002c48   0x00000002   Code   RO         3374    i.HAL_TIM_OC_DelayElapsedCallback  stm32f4xx_hal_tim.o
    0x08002c4a   0x08002c4a   0x000000cc   Code   RO         3395    i.HAL_TIM_PWM_ConfigChannel  stm32f4xx_hal_tim.o
    0x08002d16   0x08002d16   0x0000005a   Code   RO         3398    i.HAL_TIM_PWM_Init  stm32f4xx_hal_tim.o
    0x08002d70   0x08002d70   0x0000003c   Code   RO         1620    i.HAL_TIM_PWM_MspInit  tim.o
    0x08002dac   0x08002dac   0x00000002   Code   RO         3401    i.HAL_TIM_PWM_PulseFinishedCallback  stm32f4xx_hal_tim.o
    0x08002dae   0x08002dae   0x00000002   PAD
    0x08002db0   0x08002db0   0x000000c8   Code   RO         3403    i.HAL_TIM_PWM_Start  stm32f4xx_hal_tim.o
    0x08002e78   0x08002e78   0x00000014   Code   RO         1266    i.HAL_TIM_PeriodElapsedCallback  main.o
    0x08002e8c   0x08002e8c   0x00000002   Code   RO         3414    i.HAL_TIM_TriggerCallback  stm32f4xx_hal_tim.o
    0x08002e8e   0x08002e8e   0x00000002   Code   RO         4305    i.HAL_UARTEx_RxEventCallback  stm32f4xx_hal_uart.o
    0x08002e90   0x08002e90   0x00000002   Code   RO         4319    i.HAL_UART_ErrorCallback  stm32f4xx_hal_uart.o
    0x08002e92   0x08002e92   0x00000002   PAD
    0x08002e94   0x08002e94   0x00000268   Code   RO         4322    i.HAL_UART_IRQHandler  stm32f4xx_hal_uart.o
    0x080030fc   0x080030fc   0x00000062   Code   RO         4323    i.HAL_UART_Init     stm32f4xx_hal_uart.o
    0x0800315e   0x0800315e   0x00000002   PAD
    0x08003160   0x08003160   0x00000310   Code   RO         1679    i.HAL_UART_MspInit  usart.o
    0x08003470   0x08003470   0x0000002a   Code   RO         4327    i.HAL_UART_Receive_DMA  stm32f4xx_hal_uart.o
    0x0800349a   0x0800349a   0x00000002   PAD
    0x0800349c   0x0800349c   0x00000060   Code   RO         1680    i.HAL_UART_RxCpltCallback  usart.o
    0x080034fc   0x080034fc   0x00000002   Code   RO         4330    i.HAL_UART_RxHalfCpltCallback  stm32f4xx_hal_uart.o
    0x080034fe   0x080034fe   0x00000002   PAD
    0x08003500   0x08003500   0x000000b2   Code   RO         4331    i.HAL_UART_Transmit  stm32f4xx_hal_uart.o
    0x080035b2   0x080035b2   0x00000002   Code   RO         4334    i.HAL_UART_TxCpltCallback  stm32f4xx_hal_uart.o
    0x080035b4   0x080035b4   0x00000002   Code   RO         1776    i.HardFault_Handler  stm32f4xx_it.o
    0x080035b6   0x080035b6   0x00000082   Code   RO          396    i.Incremental_PID   pid.o
    0x08003638   0x08003638   0x0000003c   Code   RO           13    i.KEY_chassis_max   rc.o
    0x08003674   0x08003674   0x0000005a   Code   RO         1200    i.KalmanFilter      kalman.o
    0x080036ce   0x080036ce   0x00000002   PAD
    0x080036d0   0x080036d0   0x00000048   Code   RO         1468    i.MX_CAN1_Init      can.o
    0x08003718   0x08003718   0x00000048   Code   RO         1469    i.MX_CAN2_Init      can.o
    0x08003760   0x08003760   0x0000006c   Code   RO         1591    i.MX_DMA_Init       dma.o
    0x080037cc   0x080037cc   0x000000ac   Code   RO         1365    i.MX_FREERTOS_Init  freertos.o
    0x08003878   0x08003878   0x0000007c   Code   RO         1336    i.MX_GPIO_Init      gpio.o
    0x080038f4   0x080038f4   0x000000a8   Code   RO         1621    i.MX_TIM8_Init      tim.o
    0x0800399c   0x0800399c   0x00000038   Code   RO         1681    i.MX_UART4_Init     usart.o
    0x080039d4   0x080039d4   0x00000038   Code   RO         1682    i.MX_UART5_Init     usart.o
    0x08003a0c   0x08003a0c   0x00000038   Code   RO         1683    i.MX_USART1_UART_Init  usart.o
    0x08003a44   0x08003a44   0x00000044   Code   RO         1684    i.MX_USART2_UART_Init  usart.o
    0x08003a88   0x08003a88   0x00000038   Code   RO         1685    i.MX_USART3_UART_Init  usart.o
    0x08003ac0   0x08003ac0   0x00000002   Code   RO         1777    i.MemManage_Handler  stm32f4xx_it.o
    0x08003ac2   0x08003ac2   0x00000002   Code   RO         1778    i.NMI_Handler       stm32f4xx_it.o
    0x08003ac4   0x08003ac4   0x00000164   Code   RO          588    i.Offline_task      task.o
    0x08003c28   0x08003c28   0x0000013c   Code   RO          260    i.OnDataReceived    imu_data_decode.o
    0x08003d64   0x08003d64   0x00000016   Code   RO          397    i.PID_init          pid.o
    0x08003d7a   0x08003d7a   0x00000002   PAD
    0x08003d7c   0x08003d7c   0x000000ec   Code   RO          336    i.Packet_Decode     packet.o
    0x08003e68   0x08003e68   0x00000018   Code   RO          337    i.Packet_DecodeInit  packet.o
    0x08003e80   0x08003e80   0x0000000a   Code   RO           14    i.RC_abs            rc.o
    0x08003e8a   0x08003e8a   0x00000002   PAD
    0x08003e8c   0x08003e8c   0x00000024   Code   RO           15    i.RC_data_init      rc.o
    0x08003eb0   0x08003eb0   0x00000068   Code   RO           16    i.RC_data_is_error  rc.o
    0x08003f18   0x08003f18   0x00000028   Code   RO           17    i.RC_restart        rc.o
    0x08003f40   0x08003f40   0x000002dc   Code   RO           18    i.ReadRc_Chassis    rc.o
    0x0800421c   0x0800421c   0x000001f0   Code   RO           19    i.ReadRc_Gimbal     rc.o
    0x0800440c   0x0800440c   0x00000080   Code   RO           20    i.ReadRc_dial       rc.o
    0x0800448c   0x0800448c   0x00000144   Code   RO           21    i.RemoteDataProcess  rc.o
    0x080045d0   0x080045d0   0x0000002c   Code   RO         5965    i.SysTick_Handler   port.o
    0x080045fc   0x080045fc   0x00000098   Code   RO         1267    i.SystemClock_Config  main.o
    0x08004694   0x08004694   0x00000010   Code   RO         4652    i.SystemInit        system_stm32f4xx.o
    0x080046a4   0x080046a4   0x0000001c   Code   RO         1779    i.TIM8_TRG_COM_TIM14_IRQHandler  stm32f4xx_it.o
    0x080046c0   0x080046c0   0x000000c8   Code   RO         3416    i.TIM_Base_SetConfig  stm32f4xx_hal_tim.o
    0x08004788   0x08004788   0x0000001a   Code   RO         3417    i.TIM_CCxChannelCmd  stm32f4xx_hal_tim.o
    0x080047a2   0x080047a2   0x00000002   PAD
    0x080047a4   0x080047a4   0x00000060   Code   RO         3429    i.TIM_OC1_SetConfig  stm32f4xx_hal_tim.o
    0x08004804   0x08004804   0x0000006c   Code   RO         3430    i.TIM_OC2_SetConfig  stm32f4xx_hal_tim.o
    0x08004870   0x08004870   0x00000068   Code   RO         3431    i.TIM_OC3_SetConfig  stm32f4xx_hal_tim.o
    0x080048d8   0x080048d8   0x00000050   Code   RO         3432    i.TIM_OC4_SetConfig  stm32f4xx_hal_tim.o
    0x08004928   0x08004928   0x00000024   Code   RO         1780    i.UART4_IRQHandler  stm32f4xx_it.o
    0x0800494c   0x0800494c   0x0000000c   Code   RO         1781    i.UART5_IRQHandler  stm32f4xx_it.o
    0x08004958   0x08004958   0x00000010   Code   RO         4336    i.UART_DMAAbortOnError  stm32f4xx_hal_uart.o
    0x08004968   0x08004968   0x0000004a   Code   RO         4337    i.UART_DMAError     stm32f4xx_hal_uart.o
    0x080049b2   0x080049b2   0x00000082   Code   RO         4338    i.UART_DMAReceiveCplt  stm32f4xx_hal_uart.o
    0x08004a34   0x08004a34   0x0000001a   Code   RO         4340    i.UART_DMARxHalfCplt  stm32f4xx_hal_uart.o
    0x08004a4e   0x08004a4e   0x0000004e   Code   RO         4346    i.UART_EndRxTransfer  stm32f4xx_hal_uart.o
    0x08004a9c   0x08004a9c   0x0000001c   Code   RO         4347    i.UART_EndTxTransfer  stm32f4xx_hal_uart.o
    0x08004ab8   0x08004ab8   0x00000018   Code   RO         1686    i.UART_IDLECallBack  usart.o
    0x08004ad0   0x08004ad0   0x000000c0   Code   RO         4348    i.UART_Receive_IT   stm32f4xx_hal_uart.o
    0x08004b90   0x08004b90   0x0000010c   Code   RO         4349    i.UART_SetConfig    stm32f4xx_hal_uart.o
    0x08004c9c   0x08004c9c   0x00000094   Code   RO         4350    i.UART_Start_Receive_DMA  stm32f4xx_hal_uart.o
    0x08004d30   0x08004d30   0x00000078   Code   RO         4352    i.UART_WaitOnFlagUntilTimeout  stm32f4xx_hal_uart.o
    0x08004da8   0x08004da8   0x00000024   Code   RO         1782    i.USART1_IRQHandler  stm32f4xx_it.o
    0x08004dcc   0x08004dcc   0x00000018   Code   RO         1783    i.USART2_IRQHandler  stm32f4xx_it.o
    0x08004de4   0x08004de4   0x00000002   Code   RO         1784    i.UsageFault_Handler  stm32f4xx_it.o
    0x08004de6   0x08004de6   0x00000002   PAD
    0x08004de8   0x08004de8   0x0000002c   Code   RO         1687    i.Usart_Init_Report  usart.o
    0x08004e14   0x08004e14   0x00000026   Code   RO         6119    i.__ARM_fpclassifyf  m_wm.l(fpclassifyf.o)
    0x08004e3a   0x08004e3a   0x00000020   Code   RO         2946    i.__NVIC_SetPriority  stm32f4xx_hal_cortex.o
    0x08004e5a   0x08004e5a   0x00000002   PAD
    0x08004e5c   0x08004e5c   0x00000150   Code   RO         6077    i.__hardfp_cosf     m_wm.l(cosf.o)
    0x08004fac   0x08004fac   0x00000190   Code   RO         6089    i.__hardfp_sinf     m_wm.l(sinf.o)
    0x0800513c   0x0800513c   0x00000006   Code   RO         6122    i.__mathlib_flt_infnan  m_wm.l(funder.o)
    0x08005142   0x08005142   0x00000002   PAD
    0x08005144   0x08005144   0x00000010   Code   RO         6124    i.__mathlib_flt_invalid  m_wm.l(funder.o)
    0x08005154   0x08005154   0x00000010   Code   RO         6127    i.__mathlib_flt_underflow  m_wm.l(funder.o)
    0x08005164   0x08005164   0x00000154   Code   RO         6135    i.__mathlib_rredf2  m_wm.l(rredf.o)
    0x080052b8   0x080052b8   0x00000024   Code   RO         1366    i.can_Task          freertos.o
    0x080052dc   0x080052dc   0x00000024   Code   RO         1367    i.chassis_task      freertos.o
    0x08005300   0x08005300   0x00000018   Code   RO         1368    i.client            freertos.o
    0x08005318   0x08005318   0x0000002e   Code   RO          339    i.crc16_update      packet.o
    0x08005346   0x08005346   0x00000002   PAD
    0x08005348   0x08005348   0x00000018   Code   RO          768    i.detect_init       detect_task.o
    0x08005360   0x08005360   0x00000014   Code   RO          398    i.dial_PID          pid.o
    0x08005374   0x08005374   0x00000048   Code   RO          400    i.dial_inner_pid_init  pid.o
    0x080053bc   0x080053bc   0x00000044   Code   RO          401    i.dial_outer_pid_init  pid.o
    0x08005400   0x08005400   0x00000078   Code   RO          402    i.dial_pid_init     pid.o
    0x08005478   0x08005478   0x0000007c   Code   RO          403    i.friction_PID_init  pid.o
    0x080054f4   0x080054f4   0x00000010   Code   RO          261    i.get_eular         imu_data_decode.o
    0x08005504   0x08005504   0x0000004a   Code   RO         1470    i.get_gimbal_motor_measuer  can.o
    0x0800554e   0x0800554e   0x0000004a   Code   RO         1471    i.get_motor_measure  can.o
    0x08005598   0x08005598   0x00000014   Code   RO          265    i.get_raw_gyo       imu_data_decode.o
    0x080055ac   0x080055ac   0x00000044   Code   RO          407    i.gimbal_pitch_inner_pid_init  pid.o
    0x080055f0   0x080055f0   0x00000040   Code   RO          408    i.gimbal_pitch_outer_pid_init  pid.o
    0x08005630   0x08005630   0x0000000e   Code   RO          409    i.gimbal_pitch_pid_init  pid.o
    0x0800563e   0x0800563e   0x00000002   PAD
    0x08005640   0x08005640   0x00000040   Code   RO          410    i.gimbal_yaw_inner_pid_init  pid.o
    0x08005680   0x08005680   0x00000040   Code   RO          411    i.gimbal_yaw_outer_pid_init  pid.o
    0x080056c0   0x080056c0   0x0000000e   Code   RO          412    i.gimbal_yaw_pid_init  pid.o
    0x080056ce   0x080056ce   0x00000002   PAD
    0x080056d0   0x080056d0   0x00000018   Code   RO          267    i.imu_data_decode_init  imu_data_decode.o
    0x080056e8   0x080056e8   0x0000002c   Code   RO         1201    i.kalmanCreate      kalman.o
    0x08005714   0x08005714   0x000000ac   Code   RO          413    i.location_PID      pid.o
    0x080057c0   0x080057c0   0x000000a4   Code   RO         1268    i.main              main.o
    0x08005864   0x08005864   0x0000000c   Code   RO         5527    i.makeFreeRtosPriority  cmsis_os.o
    0x08005870   0x08005870   0x0000000a   Code   RO         5532    i.osKernelStart     cmsis_os.o
    0x0800587a   0x0800587a   0x0000005c   Code   RO         5566    i.osThreadCreate    cmsis_os.o
    0x080058d6   0x080058d6   0x00000002   PAD
    0x080058d8   0x080058d8   0x00000078   Code   RO         5189    i.prvAddCurrentTaskToDelayedList  tasks.o
    0x08005950   0x08005950   0x00000088   Code   RO         5190    i.prvAddNewTaskToReadyList  tasks.o
    0x080059d8   0x080059d8   0x00000040   Code   RO         5191    i.prvCheckTasksWaitingTermination  tasks.o
    0x08005a18   0x08005a18   0x00000040   Code   RO         5192    i.prvDeleteTCB      tasks.o
    0x08005a58   0x08005a58   0x00000050   Code   RO         5897    i.prvHeapInit       heap_4.o
    0x08005aa8   0x08005aa8   0x00000028   Code   RO         5193    i.prvIdleTask       tasks.o
    0x08005ad0   0x08005ad0   0x0000007e   Code   RO         5194    i.prvInitialiseNewTask  tasks.o
    0x08005b4e   0x08005b4e   0x00000002   PAD
    0x08005b50   0x08005b50   0x00000060   Code   RO         5195    i.prvInitialiseTaskLists  tasks.o
    0x08005bb0   0x08005bb0   0x0000005c   Code   RO         5898    i.prvInsertBlockIntoFreeList  heap_4.o
    0x08005c0c   0x08005c0c   0x00000024   Code   RO         5196    i.prvResetNextTaskUnblockTime  tasks.o
    0x08005c30   0x08005c30   0x00000030   Code   RO         5966    i.prvTaskExitError  port.o
    0x08005c60   0x08005c60   0x000000e8   Code   RO         5899    i.pvPortMalloc      heap_4.o
    0x08005d48   0x08005d48   0x0000002c   Code   RO         5967    i.pxPortInitialiseStack  port.o
    0x08005d74   0x08005d74   0x00000074   Code   RO          638    i.report_SendData   report.o
    0x08005de8   0x08005de8   0x00000006   Code   RO           22    i.slove_RC_lost     rc.o
    0x08005dee   0x08005dee   0x00000004   Code   RO           23    i.slove_RC_offline  rc.o
    0x08005df2   0x08005df2   0x00000002   PAD
    0x08005df4   0x08005df4   0x00000018   Code   RO         1369    i.super_cap_task    freertos.o
    0x08005e0c   0x08005e0c   0x00000026   Code   RO         4818    i.uxListRemove      list.o
    0x08005e32   0x08005e32   0x00000002   PAD
    0x08005e34   0x08005e34   0x00000014   Code   RO         1370    i.vApplicationGetIdleTaskMemory  freertos.o
    0x08005e48   0x08005e48   0x00000016   Code   RO         4819    i.vListInitialise   list.o
    0x08005e5e   0x08005e5e   0x00000006   Code   RO         4820    i.vListInitialiseItem  list.o
    0x08005e64   0x08005e64   0x00000036   Code   RO         4821    i.vListInsert       list.o
    0x08005e9a   0x08005e9a   0x00000018   Code   RO         4822    i.vListInsertEnd    list.o
    0x08005eb2   0x08005eb2   0x00000002   PAD
    0x08005eb4   0x08005eb4   0x00000040   Code   RO         5969    i.vPortEnterCritical  port.o
    0x08005ef4   0x08005ef4   0x0000002c   Code   RO         5970    i.vPortExitCritical  port.o
    0x08005f20   0x08005f20   0x00000064   Code   RO         5900    i.vPortFree         heap_4.o
    0x08005f84   0x08005f84   0x00000024   Code   RO         5971    i.vPortSetupTimerInterrupt  port.o
    0x08005fa8   0x08005fa8   0x00000050   Code   RO         5205    i.vTaskDelay        tasks.o
    0x08005ff8   0x08005ff8   0x0000009c   Code   RO         5206    i.vTaskDelayUntil   tasks.o
    0x08006094   0x08006094   0x00000088   Code   RO         5219    i.vTaskStartScheduler  tasks.o
    0x0800611c   0x0800611c   0x00000010   Code   RO         5221    i.vTaskSuspendAll   tasks.o
    0x0800612c   0x0800612c   0x00000060   Code   RO         5222    i.vTaskSwitchContext  tasks.o
    0x0800618c   0x0800618c   0x00000044   Code   RO         1371    i.vofa_Task         freertos.o
    0x080061d0   0x080061d0   0x000000a0   Code   RO          414    i.wheel_pid_init    pid.o
    0x08006270   0x08006270   0x00000104   Code   RO         5973    i.xPortStartScheduler  port.o
    0x08006374   0x08006374   0x0000006c   Code   RO         5225    i.xTaskCreate       tasks.o
    0x080063e0   0x080063e0   0x00000060   Code   RO         5226    i.xTaskCreateStatic  tasks.o
    0x08006440   0x08006440   0x0000000c   Code   RO         5231    i.xTaskGetTickCount  tasks.o
    0x0800644c   0x0800644c   0x000000d4   Code   RO         5233    i.xTaskIncrementTick  tasks.o
    0x08006520   0x08006520   0x000000cc   Code   RO         5239    i.xTaskResumeAll    tasks.o
    0x080065ec   0x080065ec   0x00000062   Code   RO         6061    x$fpl$d2f           fz_wm.l(d2f.o)
    0x0800664e   0x0800664e   0x00000002   PAD
    0x08006650   0x08006650   0x0000005e   Code   RO         6063    x$fpl$dfix          fz_wm.l(dfix.o)
    0x080066ae   0x080066ae   0x0000002e   Code   RO         6068    x$fpl$dflt          fz_wm.l(dflt_clz.o)
    0x080066dc   0x080066dc   0x00000154   Code   RO         6073    x$fpl$dmul          fz_wm.l(dmul.o)
    0x08006830   0x08006830   0x0000009c   Code   RO         6110    x$fpl$dnaninf       fz_wm.l(dnaninf.o)
    0x080068cc   0x080068cc   0x0000000c   Code   RO         6112    x$fpl$dretinf       fz_wm.l(dretinf.o)
    0x080068d8   0x080068d8   0x0000000a   Code   RO         6245    x$fpl$fpinit        fz_wm.l(fpinit.o)
    0x080068e2   0x080068e2   0x0000000a   Code   RO         6116    x$fpl$fretinf       fz_wm.l(fretinf.o)
    0x080068ec   0x080068ec   0x00000000   Code   RO         6118    x$fpl$usenofp       fz_wm.l(usenofp.o)
    0x080068ec   0x080068ec   0x00000030   Data   RO          772    .constdata          detect_task.o
    0x0800691c   0x0800691c   0x000000c4   Data   RO         1373    .constdata          freertos.o
    0x080069e0   0x080069e0   0x00000008   Data   RO         2663    .constdata          stm32f4xx_hal_dma.o
    0x080069e8   0x080069e8   0x00000010   Data   RO         4653    .constdata          system_stm32f4xx.o
    0x080069f8   0x080069f8   0x00000008   Data   RO         4654    .constdata          system_stm32f4xx.o
    0x08006a00   0x08006a00   0x00000020   Data   RO         6136    .constdata          m_wm.l(rredf.o)
    0x08006a20   0x08006a20   0x0000005a   Data   RO         1374    .conststring        freertos.o
    0x08006a7a   0x08006a7a   0x00000002   PAD
    0x08006a7c   0x08006a7c   0x00000020   Data   RO         6303    Region$$Table       anon$$obj.o


    Execution Region RW_IRAM1 (Exec base: 0x20000000, Load base: 0x08006a9c, Size: 0x00005e08, Max: 0x0001c000, ABSOLUTE, COMPRESSED[0x00000020])

    Exec Addr    Load Addr    Size         Type   Attr      Idx    E Section Name        Object

    0x20000000   COMPRESSED   0x00000024   Data   RW           27    .data               rc.o
    0x20000024   COMPRESSED   0x0000001a   Data   RW          270    .data               imu_data_decode.o
    0x2000003e   COMPRESSED   0x00000002   PAD
    0x20000040   COMPRESSED   0x00000014   Data   RW          340    .data               packet.o
    0x20000054   COMPRESSED   0x00000016   Data   RW          416    .data               pid.o
    0x2000006a   COMPRESSED   0x00000002   PAD
    0x2000006c   COMPRESSED   0x00000004   Data   RW          589    .data               task.o
    0x20000070   COMPRESSED   0x00000008   Data   RW          591    .data               task.o
    0x20000078   COMPRESSED   0x00000010   Data   RW          773    .data               detect_task.o
    0x20000088   COMPRESSED   0x00000030   Data   RW         1152    .data               chassis_mode.o
    0x200000b8   COMPRESSED   0x00000038   Data   RW         1375    .data               freertos.o
    0x200000f0   COMPRESSED   0x00000058   Data   RW         1479    .data               can.o
    0x20000148   COMPRESSED   0x00000008   Data   RW         1691    .data               usart.o
    0x20000150   COMPRESSED   0x0000000c   Data   RW         3090    .data               stm32f4xx_hal.o
    0x2000015c   COMPRESSED   0x00000004   Data   RW         4655    .data               system_stm32f4xx.o
    0x20000160   COMPRESSED   0x0000003c   Data   RW         5242    .data               tasks.o
    0x2000019c   COMPRESSED   0x00000020   Data   RW         5906    .data               heap_4.o
    0x200001bc   COMPRESSED   0x0000000c   Data   RW         5974    .data               port.o
    0x200001c8        -       0x0000002c   Zero   RW           25    .bss                rc.o
    0x200001f4        -       0x00000024   Zero   RW           26    .bss                rc.o
    0x20000218        -       0x000000a8   Zero   RW          268    .bss                imu_data_decode.o
    0x200002c0        -       0x0000000c   Zero   RW          415    .bss                pid.o
    0x200002cc        -       0x00000014   Zero   RW          639    .bss                report.o
    0x200002e0        -       0x00000144   Zero   RW          771    .bss                detect_task.o
    0x20000424        -       0x00000254   Zero   RW         1372    .bss                freertos.o
    0x20000678        -       0x000004d0   Zero   RW         1472    .bss                can.o
    0x20000b48        -       0x0000002c   Zero   RW         1473    .bss                can.o
    0x20000b74        -       0x0000002c   Zero   RW         1474    .bss                can.o
    0x20000ba0        -       0x0000002c   Zero   RW         1475    .bss                can.o
    0x20000bcc        -       0x0000002c   Zero   RW         1476    .bss                can.o
    0x20000bf8        -       0x0000002c   Zero   RW         1477    .bss                can.o
    0x20000c24        -       0x0000002c   Zero   RW         1478    .bss                can.o
    0x20000c50        -       0x00000048   Zero   RW         1624    .bss                tim.o
    0x20000c98        -       0x000003d4   Zero   RW         1688    .bss                usart.o
    0x2000106c        -       0x00000048   Zero   RW         1919    .bss                stm32f4xx_hal_timebase_tim.o
    0x200010b4        -       0x000000f0   Zero   RW         5241    .bss                tasks.o
    0x200011a4        -       0x00003c00   Zero   RW         5905    .bss                heap_4.o
    0x20004da4        -       0x00000060   Zero   RW         6161    .bss                c_w.l(libspace.o)
    0x20004e04   COMPRESSED   0x00000004   PAD
    0x20004e08        -       0x00000800   Zero   RW            2    HEAP                startup_stm32f405xx.o
    0x20005608        -       0x00000800   Zero   RW            1    STACK               startup_stm32f405xx.o


    Execution Region RW_IRAM2 (Exec base: 0x2001c000, Load base: 0x08006abc, Size: 0x00000000, Max: 0x00004000, ABSOLUTE)

    **** No section assigned to this execution region ****


==============================================================================

Image component sizes


      Code (inc. data)   RO Data    RW Data    ZI Data      Debug   Object Name

      1680        142          0         88       1496      13690   can.o
       716        122          0         48          0       2627   chassis_mode.o
       114          0          0          0          0      24733   cmsis_os.o
         0          0          0          0          0       7372   croutine.o
       484         40         48         16        324      33197   detect_task.o
       108          4          0          0          0        898   dma.o
         0          0          0          0          0      17840   event_groups.o
       468         54        286         56        596       6646   freertos.o
       124          8          0          0          0       1035   gpio.o
       504         32          0         32      15360       7507   heap_4.o
       376         30          0         26        168       4534   imu_data_decode.o
       134          6          0          0          0       3366   kalman.o
       144          0          0          0          0       3530   list.o
       340         50          0          0          0       4679   main.o
       306         18          0         20          0       2832   packet.o
      2182        346          0         22         12      13875   pid.o
       730         82          0         12          0      11000   port.o
      1940        170          0         36         80     669780   rc.o
       116          8          0          0         20     649158   report.o
        64         26        392          0       4096        876   startup_stm32f405xx.o
        80         14          0         12          0       8266   stm32f4xx_hal.o
      1658          6          0          0          0      14883   stm32f4xx_hal_can.o
       158         14          0          0          0      33306   stm32f4xx_hal_cortex.o
      1084         16          8          0          0       7626   stm32f4xx_hal_dma.o
       506         46          0          0          0       2287   stm32f4xx_hal_gpio.o
        56          4          0          0          0        930   stm32f4xx_hal_msp.o
      1412         86          0          0          0       6113   stm32f4xx_hal_rcc.o
      1694        136          0          0          0      14107   stm32f4xx_hal_tim.o
       232         28          0          0          0       3429   stm32f4xx_hal_tim_ex.o
       116         16          0          0         72       1516   stm32f4xx_hal_timebase_tim.o
      2022         30          0          0          0      15280   stm32f4xx_hal_uart.o
       220         68          0          0          0       9396   stm32f4xx_it.o
        16          4         24          4          0       1223   system_stm32f4xx.o
       460         70          0         12          0       2432   task.o
      1798        158          0         60        240      22227   tasks.o
       312         30          0          0         72       2563   tim.o
         0          0          0          0          0       2480   timers.o
      1240        144          0          8        980       7143   usart.o

    ----------------------------------------------------------------------
     23648       2008        792        456      23516    1634382   Object Totals
         0          0         32          0          0          0   (incl. Generated)
        54          0          2          4          0          0   (incl. Padding)

    ----------------------------------------------------------------------

      Code (inc. data)   RO Data    RW Data    ZI Data      Debug   Library Member Name

        58          0          0          0          0          0   __dczerorl.o
         8          0          0          0          0         68   __main.o
         0          0          0          0          0          0   __rtentry.o
        12          0          0          0          0          0   __rtentry2.o
         6          0          0          0          0          0   __rtentry4.o
        52          8          0          0          0          0   __scatter.o
        28          0          0          0          0          0   __scatter_zi.o
        22          0          0          0          0        100   _rserrno.o
        18          0          0          0          0         80   exit.o
         6          0          0          0          0        152   heapauxi.o
         0          0          0          0          0          0   indicate_semi.o
         2          0          0          0          0          0   libinit.o
         6          0          0          0          0          0   libinit2.o
         2          0          0          0          0          0   libshutdown.o
         2          0          0          0          0          0   libshutdown2.o
         8          4          0          0         96         68   libspace.o
       238          0          0          0          0        100   lludivv7m.o
         8          4          0          0          0         68   rt_errno_addr_intlibspace.o
        78          0          0          0          0         80   rt_memclr_w.o
       138          0          0          0          0         68   rt_memcpy_v6.o
       100          0          0          0          0         80   rt_memcpy_w.o
         2          0          0          0          0          0   rtexit.o
        10          0          0          0          0          0   rtexit2.o
        12          4          0          0          0         68   sys_exit.o
        74          0          0          0          0         80   sys_stackheap_outer.o
         2          0          0          0          0         68   use_no_semi.o
        98          4          0          0          0        140   d2f.o
        94          4          0          0          0        140   dfix.o
        46          0          0          0          0        116   dflt_clz.o
       340         12          0          0          0        152   dmul.o
       156          4          0          0          0        140   dnaninf.o
        12          0          0          0          0        116   dretinf.o
        10          0          0          0          0        116   fpinit.o
        10          0          0          0          0        116   fretinf.o
         0          0          0          0          0          0   usenofp.o
       336         56          0          0          0        136   cosf.o
        38          0          0          0          0        116   fpclassifyf.o
        38         12          0          0          0        348   funder.o
       340         24         32          0          0        160   rredf.o
       400         56          0          0          0        212   sinf.o

    ----------------------------------------------------------------------
      2820        192         32          0        100       3088   Library Totals
        10          0          0          0          4          0   (incl. Padding)

    ----------------------------------------------------------------------

      Code (inc. data)   RO Data    RW Data    ZI Data      Debug   Library Name

       892         20          0          0         96       1080   c_w.l
       766         24          0          0          0       1036   fz_wm.l
      1152        148         32          0          0        972   m_wm.l

    ----------------------------------------------------------------------
      2820        192         32          0        100       3088   Library Totals

    ----------------------------------------------------------------------

==============================================================================


      Code (inc. data)   RO Data    RW Data    ZI Data      Debug   

     26468       2200        824        456      23616    1614902   Grand Totals
     26468       2200        824         32      23616    1614902   ELF Image Totals (compressed)
     26468       2200        824         32          0          0   ROM Totals

==============================================================================

    Total RO  Size (Code + RO Data)                27292 (  26.65kB)
    Total RW  Size (RW Data + ZI Data)             24072 (  23.51kB)
    Total ROM Size (Code + RO Data + RW Data)      27324 (  26.68kB)

==============================================================================

