Component: ARM Compiler 5.06 update 7 (build 960) Tool: armlink [4d3601]

==============================================================================

Section Cross References

    startup_stm32f405xx.o(STACK) refers (Special) to heapauxi.o(.text) for __use_two_region_memory
    startup_stm32f405xx.o(HEAP) refers (Special) to heapauxi.o(.text) for __use_two_region_memory
    startup_stm32f405xx.o(RESET) refers (Special) to heapauxi.o(.text) for __use_two_region_memory
    startup_stm32f405xx.o(RESET) refers to startup_stm32f405xx.o(STACK) for __initial_sp
    startup_stm32f405xx.o(RESET) refers to startup_stm32f405xx.o(.text) for Reset_Handler
    startup_stm32f405xx.o(RESET) refers to stm32f4xx_it.o(i.NMI_Handler) for NMI_Handler
    startup_stm32f405xx.o(RESET) refers to stm32f4xx_it.o(i.HardFault_Handler) for HardFault_Handler
    startup_stm32f405xx.o(RESET) refers to stm32f4xx_it.o(i.MemManage_Handler) for MemManage_Handler
    startup_stm32f405xx.o(RESET) refers to stm32f4xx_it.o(i.BusFault_Handler) for BusFault_Handler
    startup_stm32f405xx.o(RESET) refers to stm32f4xx_it.o(i.UsageFault_Handler) for UsageFault_Handler
    startup_stm32f405xx.o(RESET) refers to port.o(.emb_text) for SVC_Handler
    startup_stm32f405xx.o(RESET) refers to stm32f4xx_it.o(i.DebugMon_Handler) for DebugMon_Handler
    startup_stm32f405xx.o(RESET) refers to port.o(i.SysTick_Handler) for SysTick_Handler
    startup_stm32f405xx.o(RESET) refers to stm32f4xx_it.o(i.DMA1_Stream5_IRQHandler) for DMA1_Stream5_IRQHandler
    startup_stm32f405xx.o(RESET) refers to stm32f4xx_it.o(i.CAN1_RX0_IRQHandler) for CAN1_RX0_IRQHandler
    startup_stm32f405xx.o(RESET) refers to stm32f4xx_it.o(i.USART1_IRQHandler) for USART1_IRQHandler
    startup_stm32f405xx.o(RESET) refers to stm32f4xx_it.o(i.USART2_IRQHandler) for USART2_IRQHandler
    startup_stm32f405xx.o(RESET) refers to stm32f4xx_it.o(i.TIM8_TRG_COM_TIM14_IRQHandler) for TIM8_TRG_COM_TIM14_IRQHandler
    startup_stm32f405xx.o(RESET) refers to stm32f4xx_it.o(i.UART5_IRQHandler) for UART5_IRQHandler
    startup_stm32f405xx.o(RESET) refers to stm32f4xx_it.o(i.DMA2_Stream2_IRQHandler) for DMA2_Stream2_IRQHandler
    startup_stm32f405xx.o(RESET) refers to stm32f4xx_it.o(i.CAN2_RX0_IRQHandler) for CAN2_RX0_IRQHandler
    startup_stm32f405xx.o(RESET) refers to stm32f4xx_it.o(i.USART6_IRQHandler) for USART6_IRQHandler
    startup_stm32f405xx.o(.text) refers (Special) to heapauxi.o(.text) for __use_two_region_memory
    startup_stm32f405xx.o(.text) refers to system_stm32f4xx.o(i.SystemInit) for SystemInit
    startup_stm32f405xx.o(.text) refers to __main.o(!!!main) for __main
    startup_stm32f405xx.o(.text) refers to startup_stm32f405xx.o(HEAP) for Heap_Mem
    startup_stm32f405xx.o(.text) refers to startup_stm32f405xx.o(STACK) for Stack_Mem
    rc.o(i.KEY_chassis_max) refers to rc.o(.data) for .data
    rc.o(i.RC_data_init) refers to rc.o(.bss) for .bss
    rc.o(i.RC_data_is_error) refers to rc.o(i.RC_abs) for RC_abs
    rc.o(i.RC_data_is_error) refers to rc.o(.bss) for .bss
    rc.o(i.ReadRc_Chassis) refers to rc.o(i.KEY_chassis_max) for KEY_chassis_max
    rc.o(i.ReadRc_Chassis) refers to rc.o(.data) for .data
    rc.o(i.ReadRc_Chassis) refers to can.o(.bss) for wheel_moter
    rc.o(i.ReadRc_Chassis) refers to rc.o(.bss) for .bss
    rc.o(i.ReadRc_Gimbal) refers to kalman.o(i.kalmanCreate) for kalmanCreate
    rc.o(i.ReadRc_Gimbal) refers to kalman.o(i.KalmanFilter) for KalmanFilter
    rc.o(i.ReadRc_Gimbal) refers to dflt_clz.o(x$fpl$dflt) for __aeabi_i2d
    rc.o(i.ReadRc_Gimbal) refers to dmul.o(x$fpl$dmul) for __aeabi_dmul
    rc.o(i.ReadRc_Gimbal) refers to dfix.o(x$fpl$dfix) for __aeabi_d2iz
    rc.o(i.ReadRc_Gimbal) refers to rc.o(.data) for .data
    rc.o(i.ReadRc_Gimbal) refers to rc.o(.bss) for .bss
    rc.o(i.ReadRc_Gimbal) refers to can.o(.bss) for pitch_outer_pid
    rc.o(i.ReadRc_Gimbal) refers to can.o(.bss) for yaw_outer_pid
    rc.o(i.ReadRc_dial) refers to pid.o(i.get_moto_offset) for get_moto_offset
    rc.o(i.ReadRc_dial) refers to pid.o(i.get_total_angle) for get_total_angle
    rc.o(i.ReadRc_dial) refers to pid.o(.data) for dial_mode
    rc.o(i.ReadRc_dial) refers to rc.o(.data) for .data
    rc.o(i.ReadRc_dial) refers to can.o(.bss) for dial_data
    rc.o(i.ReadRc_dial) refers to can.o(.bss) for dial_inner_pid
    rc.o(i.ReadRc_dial) refers to can.o(.bss) for dial_outer_pid
    rc.o(i.RemoteDataProcess) refers to rc.o(.bss) for .bss
    rc.o(i.RemoteDataProcess) refers to rc.o(.data) for .data
    rc.o(i.slove_RC_lost) refers to rc.o(i.RC_restart) for RC_restart
    rc.o(i.slove_RC_offline) refers to rc.o(i.RC_data_init) for RC_data_init
    rc.o(i.slove_data_error) refers to rc.o(i.RC_restart) for RC_restart
    imu_data_decode.o(i.OnDataReceived) refers to rt_memcpy_v6.o(.text) for __aeabi_memcpy
    imu_data_decode.o(i.OnDataReceived) refers to imu_data_decode.o(.data) for .data
    imu_data_decode.o(i.OnDataReceived) refers to imu_data_decode.o(.bss) for .bss
[...]
    __rt_entry_main                          0x08000233   Thumb Code     0  __rtentry2.o(.ARM.Collect$$rtentry$$0000000D)
    __rt_entry_postli_1                      0x08000233   Thumb Code     0  __rtentry2.o(.ARM.Collect$$rtentry$$0000000C)
    __rt_exit                                0x0800023b   Thumb Code     0  rtexit.o(.ARM.Collect$$rtexit$$00000000)
    __rt_exit_ls                             0x0800023d   Thumb Code     0  rtexit2.o(.ARM.Collect$$rtexit$$00000003)
    __rt_exit_prels_1                        0x0800023d   Thumb Code     0  rtexit2.o(.ARM.Collect$$rtexit$$00000002)
    __rt_exit_exit                           0x08000241   Thumb Code     0  rtexit2.o(.ARM.Collect$$rtexit$$00000004)
    SVC_Handler                              0x08000249   Thumb Code    28  port.o(.emb_text)
    __asm___6_port_c_39a90d8d__prvStartFirstTask 0x08000269   Thumb Code    36  port.o(.emb_text)
    __asm___6_port_c_39a90d8d__prvEnableVFP  0x08000291   Thumb Code    16  port.o(.emb_text)
    PendSV_Handler                           0x080002a5   Thumb Code    88  port.o(.emb_text)
    vPortGetIPSR                             0x08000301   Thumb Code     6  port.o(.emb_text)
    Reset_Handler                            0x08000309   Thumb Code     8  startup_stm32f405xx.o(.text)
    ADC_IRQHandler                           0x08000323   Thumb Code     0  startup_stm32f405xx.o(.text)
    CAN1_RX1_IRQHandler                      0x08000323   Thumb Code     0  startup_stm32f405xx.o(.text)
    CAN1_SCE_IRQHandler                      0x08000323   Thumb Code     0  startup_stm32f405xx.o(.text)
    CAN1_TX_IRQHandler                       0x08000323   Thumb Code     0  startup_stm32f405xx.o(.text)
    CAN2_RX1_IRQHandler                      0x08000323   Thumb Code     0  startup_stm32f405xx.o(.text)
    CAN2_SCE_IRQHandler                      0x08000323   Thumb Code     0  startup_stm32f405xx.o(.text)
    CAN2_TX_IRQHandler                       0x08000323   Thumb Code     0  startup_stm32f405xx.o(.text)
    DMA1_Stream0_IRQHandler                  0x08000323   Thumb Code     0  startup_stm32f405xx.o(.text)
    DMA1_Stream1_IRQHandler                  0x08000323   Thumb Code     0  startup_stm32f405xx.o(.text)
    DMA1_Stream2_IRQHandler                  0x08000323   Thumb Code     0  startup_stm32f405xx.o(.text)
    DMA1_Stream3_IRQHandler                  0x08000323   Thumb Code     0  startup_stm32f405xx.o(.text)
    DMA1_Stream4_IRQHandler                  0x08000323   Thumb Code     0  startup_stm32f405xx.o(.text)
    DMA1_Stream6_IRQHandler                  0x08000323   Thumb Code     0  startup_stm32f405xx.o(.text)
    DMA1_Stream7_IRQHandler                  0x08000323   Thumb Code     0  startup_stm32f405xx.o(.text)
    DMA2_Stream0_IRQHandler                  0x08000323   Thumb Code     0  startup_stm32f405xx.o(.text)
    DMA2_Stream1_IRQHandler                  0x08000323   Thumb Code     0  startup_stm32f405xx.o(.text)
    DMA2_Stream3_IRQHandler                  0x08000323   Thumb Code     0  startup_stm32f405xx.o(.text)
    DMA2_Stream4_IRQHandler                  0x08000323   Thumb Code     0  startup_stm32f405xx.o(.text)
    DMA2_Stream5_IRQHandler                  0x08000323   Thumb Code     0  startup_stm32f405xx.o(.text)
    DMA2_Stream6_IRQHandler                  0x08000323   Thumb Code     0  startup_stm32f405xx.o(.text)
    DMA2_Stream7_IRQHandler                  0x08000323   Thumb Code     0  startup_stm32f405xx.o(.text)
    EXTI0_IRQHandler                         0x08000323   Thumb Code     0  startup_stm32f405xx.o(.text)
    EXTI15_10_IRQHandler                     0x08000323   Thumb Code     0  startup_stm32f405xx.o(.text)
    EXTI1_IRQHandler                         0x08000323   Thumb Code     0  startup_stm32f405xx.o(.text)
    EXTI2_IRQHandler                         0x08000323   Thumb Code     0  startup_stm32f405xx.o(.text)
    EXTI3_IRQHandler                         0x08000323   Thumb Code     0  startup_stm32f405xx.o(.text)
    EXTI4_IRQHandler                         0x08000323   Thumb Code     0  startup_stm32f405xx.o(.text)
    EXTI9_5_IRQHandler                       0x08000323   Thumb Code     0  startup_stm32f405xx.o(.text)
    FLASH_IRQHandler                         0x08000323   Thumb Code     0  startup_stm32f405xx.o(.text)
    FMC_IRQHandler                           0x08000323   Thumb Code     0  startup_stm32f405xx.o(.text)
    FPU_IRQHandler                           0x08000323   Thumb Code     0  startup_stm32f405xx.o(.text)
    HASH_RNG_IRQHandler                      0x08000323   Thumb Code     0  startup_stm32f405xx.o(.text)
    I2C1_ER_IRQHandler                       0x08000323   Thumb Code     0  startup_stm32f405xx.o(.text)
    I2C1_EV_IRQHandler                       0x08000323   Thumb Code     0  startup_stm32f405xx.o(.text)
    I2C2_ER_IRQHandler                       0x08000323   Thumb Code     0  startup_stm32f405xx.o(.text)
    I2C2_EV_IRQHandler                       0x08000323   Thumb Code     0  startup_stm32f405xx.o(.text)
    I2C3_ER_IRQHandler                       0x08000323   Thumb Code     0  startup_stm32f405xx.o(.text)
    I2C3_EV_IRQHandler                       0x08000323   Thumb Code     0  startup_stm32f405xx.o(.text)
    OTG_FS_IRQHandler                        0x08000323   Thumb Code     0  startup_stm32f405xx.o(.text)
    OTG_FS_WKUP_IRQHandler                   0x08000323   Thumb Code     0  startup_stm32f405xx.o(.text)
    OTG_HS_EP1_IN_IRQHandler                 0x08000323   Thumb Code     0  startup_stm32f405xx.o(.text)
    OTG_HS_EP1_OUT_IRQHandler                0x08000323   Thumb Code     0  startup_stm32f405xx.o(.text)
    OTG_HS_IRQHandler                        0x08000323   Thumb Code     0  startup_stm32f405xx.o(.text)
    OTG_HS_WKUP_IRQHandler                   0x08000323   Thumb Code     0  startup_stm32f405xx.o(.text)
    PVD_IRQHandler                           0x08000323   Thumb Code     0  startup_stm32f405xx.o(.text)
    RCC_IRQHandler                           0x08000323   Thumb Code     0  startup_stm32f405xx.o(.text)
    RTC_Alarm_IRQHandler                     0x08000323   Thumb Code     0  startup_stm32f405xx.o(.text)
    RTC_WKUP_IRQHandler                      0x08000323   Thumb Code     0  startup_stm32f405xx.o(.text)
    SDIO_IRQHandler                          0x08000323   Thumb Code     0  startup_stm32f405xx.o(.text)
    SPI1_IRQHandler                          0x08000323   Thumb Code     0  startup_stm32f405xx.o(.text)
    SPI2_IRQHandler                          0x08000323   Thumb Code     0  startup_stm32f405xx.o(.text)
    SPI3_IRQHandler                          0x08000323   Thumb Code     0  startup_stm32f405xx.o(.text)
    TAMP_STAMP_IRQHandler                    0x08000323   Thumb Code     0  startup_stm32f405xx.o(.text)
    TIM1_BRK_TIM9_IRQHandler                 0x08000323   Thumb Code     0  startup_stm32f405xx.o(.text)
    TIM1_CC_IRQHandler                       0x08000323   Thumb Code     0  startup_stm32f405xx.o(.text)
    TIM1_TRG_COM_TIM11_IRQHandler            0x08000323   Thumb Code     0  startup_stm32f405xx.o(.text)
    TIM1_UP_TIM10_IRQHandler                 0x08000323   Thumb Code     0  startup_stm32f405xx.o(.text)
    TIM2_IRQHandler                          0x08000323   Thumb Code     0  startup_stm32f405xx.o(.text)
    TIM3_IRQHandler                          0x08000323   Thumb Code     0  startup_stm32f405xx.o(.text)
    TIM4_IRQHandler                          0x08000323   Thumb Code     0  startup_stm32f405xx.o(.text)
    TIM5_IRQHandler                          0x08000323   Thumb Code     0  startup_stm32f405xx.o(.text)
    TIM6_DAC_IRQHandler                      0x08000323   Thumb Code     0  startup_stm32f405xx.o(.text)
    TIM7_IRQHandler                          0x08000323   Thumb Code     0  startup_stm32f405xx.o(.text)
    TIM8_BRK_TIM12_IRQHandler                0x08000323   Thumb Code     0  startup_stm32f405xx.o(.text)
    TIM8_CC_IRQHandler                       0x08000323   Thumb Code     0  startup_stm32f405xx.o(.text)
    TIM8_UP_TIM13_IRQHandler                 0x08000323   Thumb Code     0  startup_stm32f405xx.o(.text)
    UART4_IRQHandler                         0x08000323   Thumb Code     0  startup_stm32f405xx.o(.text)
    USART3_IRQHandler                        0x08000323   Thumb Code     0  startup_stm32f405xx.o(.text)
    WWDG_IRQHandler                          0x08000323   Thumb Code     0  startup_stm32f405xx.o(.text)
    __user_initial_stackheap                 0x08000325   Thumb Code     0  startup_stm32f405xx.o(.text)
    __aeabi_uldivmod                         0x08000349   Thumb Code     0  lludivv7m.o(.text)
    _ll_udiv                                 0x08000349   Thumb Code   238  lludivv7m.o(.text)
    __aeabi_memcpy                           0x08000437   Thumb Code     0  rt_memcpy_v6.o(.text)
    __rt_memcpy                              0x08000437   Thumb Code   138  rt_memcpy_v6.o(.text)
    _memcpy_lastbytes                        0x0800049d   Thumb Code     0  rt_memcpy_v6.o(.text)
    __aeabi_memcpy4                          0x080004c1   Thumb Code     0  rt_memcpy_w.o(.text)
    __aeabi_memcpy8                          0x080004c1   Thumb Code     0  rt_memcpy_w.o(.text)
    __rt_memcpy_w                            0x080004c1   Thumb Code   100  rt_memcpy_w.o(.text)
    _memcpy_lastbytes_aligned                0x08000509   Thumb Code     0  rt_memcpy_w.o(.text)
    __aeabi_memclr4                          0x08000525   Thumb Code     0  rt_memclr_w.o(.text)
    __aeabi_memclr8                          0x08000525   Thumb Code     0  rt_memclr_w.o(.text)
    __rt_memclr_w                            0x08000525   Thumb Code    78  rt_memclr_w.o(.text)
    _memset_w                                0x08000529   Thumb Code     0  rt_memclr_w.o(.text)
    __use_two_region_memory                  0x08000573   Thumb Code     2  heapauxi.o(.text)
    __rt_heap_escrow$2region                 0x08000575   Thumb Code     2  heapauxi.o(.text)
    __rt_heap_expand$2region                 0x08000577   Thumb Code     2  heapauxi.o(.text)
    __read_errno                             0x08000579   Thumb Code    10  _rserrno.o(.text)
    __set_errno                              0x08000583   Thumb Code    12  _rserrno.o(.text)
    __aeabi_errno_addr                       0x08000591   Thumb Code     8  rt_errno_addr_intlibspace.o(.text)
    __errno$intlibspace                      0x08000591   Thumb Code     0  rt_errno_addr_intlibspace.o(.text)
    __rt_errno_addr$intlibspace              0x08000591   Thumb Code     0  rt_errno_addr_intlibspace.o(.text)
    __user_libspace                          0x08000599   Thumb Code     8  libspace.o(.text)
    __user_perproc_libspace                  0x08000599   Thumb Code     0  libspace.o(.text)
    __user_perthread_libspace                0x08000599   Thumb Code     0  libspace.o(.text)
    __user_setup_stackheap                   0x080005a1   Thumb Code    74  sys_stackheap_outer.o(.text)
    exit                                     0x080005eb   Thumb Code    18  exit.o(.text)
    _sys_exit                                0x080005fd   Thumb Code     8  sys_exit.o(.text)
    __I$use$semihosting                      0x08000609   Thumb Code     0  use_no_semi.o(.text)
    __use_no_semihosting_swi                 0x08000609   Thumb Code     2  use_no_semi.o(.text)
    BusFault_Handler                         0x0800060b   Thumb Code     2  stm32f4xx_it.o(i.BusFault_Handler)
    __semihosting_library_function           0x0800060b   Thumb Code     0  indicate_semi.o(.text)
    CAN1_Filterinit_And_Start                0x0800060d   Thumb Code    54  can.o(i.CAN1_Filterinit_And_Start)
    CAN1_RX0_IRQHandler                      0x08000649   Thumb Code     6  stm32f4xx_it.o(i.CAN1_RX0_IRQHandler)
    CAN2_0x1FF_TX                            0x08000655   Thumb Code    62  can.o(i.CAN2_0x1FF_TX)
    CAN2_Filterinit_And_Start                0x0800069d   Thumb Code    56  can.o(i.CAN2_Filterinit_And_Start)
    CAN2_RX0_IRQHandler                      0x080006d9   Thumb Code     6  stm32f4xx_it.o(i.CAN2_RX0_IRQHandler)
    CAN2_send                                0x080006e5   Thumb Code    26  task.o(i.CAN2_send)
    Chassis_PID                              0x08000705   Thumb Code    34  pid.o(i.Chassis_PID)
    Circle                                   0x0800072d   Thumb Code   240  chassis_mode.o(i.Circle)
    CtoG                                     0x08000841   Thumb Code   202  chassis_mode.o(i.CtoG)
    DMA1_Stream5_IRQHandler                  0x08000949   Thumb Code     6  stm32f4xx_it.o(i.DMA1_Stream5_IRQHandler)
    DMA2_Stream2_IRQHandler                  0x08000955   Thumb Code     6  stm32f4xx_it.o(i.DMA2_Stream2_IRQHandler)
    DebugMon_Handler                         0x08000a05   Thumb Code     2  stm32f4xx_it.o(i.DebugMon_Handler)
    DetectHook                               0x08000a09   Thumb Code    74  detect_task.o(i.DetectHook)
    DetectTask                               0x08000ae1   Thumb Code   232  detect_task.o(i.DetectTask)
    Detect_Task                              0x08000bd5   Thumb Code    16  freertos.o(i.Detect_Task)
    Error_Handler                            0x08000be5   Thumb Code     4  main.o(i.Error_Handler)
    Friction_PID                             0x08000be9   Thumb Code    62  pid.o(i.Friction_PID)
    Function_Choose                          0x08000c3d   Thumb Code   152  chassis_mode.o(i.Function_Choose)
    Gimbal_PID                               0x08000ced   Thumb Code   196  pid.o(i.Gimbal_PID)
    Gimbal_PID_init                          0x08000dd1   Thumb Code    14  pid.o(i.Gimbal_PID_init)
    Gimbal_Task                              0x08000de1   Thumb Code    44  freertos.o(i.Gimbal_Task)
    Gimbal_inner_PID                         0x08000e11   Thumb Code   188  pid.o(i.Gimbal_inner_PID)
    Gimbal_outer_PID                         0x08000efd   Thumb Code   268  pid.o(i.Gimbal_outer_PID)
    HAL_CAN_ActivateNotification             0x08001045   Thumb Code    36  stm32f4xx_hal_can.o(i.HAL_CAN_ActivateNotification)
    HAL_CAN_AddTxMessage                     0x08001069   Thumb Code   220  stm32f4xx_hal_can.o(i.HAL_CAN_AddTxMessage)
    HAL_CAN_ConfigFilter                     0x08001145   Thumb Code   262  stm32f4xx_hal_can.o(i.HAL_CAN_ConfigFilter)
    HAL_CAN_ErrorCallback                    0x08001251   Thumb Code     2  stm32f4xx_hal_can.o(i.HAL_CAN_ErrorCallback)
    HAL_CAN_GetRxMessage                     0x08001253   Thumb Code   232  stm32f4xx_hal_can.o(i.HAL_CAN_GetRxMessage)
    HAL_CAN_IRQHandler                       0x0800133b   Thumb Code   508  stm32f4xx_hal_can.o(i.HAL_CAN_IRQHandler)
    HAL_CAN_Init                             0x08001537   Thumb Code   282  stm32f4xx_hal_can.o(i.HAL_CAN_Init)
    HAL_CAN_MspInit                          0x08001651   Thumb Code   232  can.o(i.HAL_CAN_MspInit)
    HAL_CAN_RxFifo0FullCallback              0x08001751   Thumb Code     2  stm32f4xx_hal_can.o(i.HAL_CAN_RxFifo0FullCallback)
    HAL_CAN_RxFifo0MsgPendingCallback        0x08001755   Thumb Code   540  can.o(i.HAL_CAN_RxFifo0MsgPendingCallback)
    HAL_CAN_RxFifo1FullCallback              0x08001989   Thumb Code     2  stm32f4xx_hal_can.o(i.HAL_CAN_RxFifo1FullCallback)
    HAL_CAN_RxFifo1MsgPendingCallback        0x0800198b   Thumb Code     2  stm32f4xx_hal_can.o(i.HAL_CAN_RxFifo1MsgPendingCallback)
    HAL_CAN_SleepCallback                    0x0800198d   Thumb Code     2  stm32f4xx_hal_can.o(i.HAL_CAN_SleepCallback)
    HAL_CAN_Start                            0x08001991   Thumb Code    88  stm32f4xx_hal_can.o(i.HAL_CAN_Start)
    HAL_CAN_TxMailbox0AbortCallback          0x080019e9   Thumb Code     2  stm32f4xx_hal_can.o(i.HAL_CAN_TxMailbox0AbortCallback)
    HAL_CAN_TxMailbox0CompleteCallback       0x080019eb   Thumb Code     2  stm32f4xx_hal_can.o(i.HAL_CAN_TxMailbox0CompleteCallback)
    HAL_CAN_TxMailbox1AbortCallback          0x080019ed   Thumb Code     2  stm32f4xx_hal_can.o(i.HAL_CAN_TxMailbox1AbortCallback)
    HAL_CAN_TxMailbox1CompleteCallback       0x080019ef   Thumb Code     2  stm32f4xx_hal_can.o(i.HAL_CAN_TxMailbox1CompleteCallback)
    HAL_CAN_TxMailbox2AbortCallback          0x080019f1   Thumb Code     2  stm32f4xx_hal_can.o(i.HAL_CAN_TxMailbox2AbortCallback)
    HAL_CAN_TxMailbox2CompleteCallback       0x080019f3   Thumb Code     2  stm32f4xx_hal_can.o(i.HAL_CAN_TxMailbox2CompleteCallback)
    HAL_CAN_WakeUpFromRxMsgCallback          0x080019f5   Thumb Code     2  stm32f4xx_hal_can.o(i.HAL_CAN_WakeUpFromRxMsgCallback)
    HAL_DMA_Abort                            0x080019f7   Thumb Code   146  stm32f4xx_hal_dma.o(i.HAL_DMA_Abort)
    HAL_DMA_Abort_IT                         0x08001a89   Thumb Code    36  stm32f4xx_hal_dma.o(i.HAL_DMA_Abort_IT)
    HAL_DMA_IRQHandler                       0x08001aad   Thumb Code   412  stm32f4xx_hal_dma.o(i.HAL_DMA_IRQHandler)
    HAL_DMA_Init                             0x08001c4d   Thumb Code   206  stm32f4xx_hal_dma.o(i.HAL_DMA_Init)
    HAL_DMA_Start_IT                         0x08001d21   Thumb Code   110  stm32f4xx_hal_dma.o(i.HAL_DMA_Start_IT)
    HAL_GPIO_Init                            0x08001d91   Thumb Code   450  stm32f4xx_hal_gpio.o(i.HAL_GPIO_Init)
    HAL_GetTick                              0x08001f81   Thumb Code     6  stm32f4xx_hal.o(i.HAL_GetTick)
    HAL_IncTick                              0x08001f8d   Thumb Code    12  stm32f4xx_hal.o(i.HAL_IncTick)
    HAL_Init                                 0x08001f9d   Thumb Code    48  stm32f4xx_hal.o(i.HAL_Init)
    HAL_InitTick                             0x08001fd1   Thumb Code   100  stm32f4xx_hal_timebase_tim.o(i.HAL_InitTick)
    HAL_MspInit                              0x08002045   Thumb Code    52  stm32f4xx_hal_msp.o(i.HAL_MspInit)
    HAL_NVIC_EnableIRQ                       0x0800207d   Thumb Code    26  stm32f4xx_hal_cortex.o(i.HAL_NVIC_EnableIRQ)
    HAL_NVIC_SetPriority                     0x08002099   Thumb Code    60  stm32f4xx_hal_cortex.o(i.HAL_NVIC_SetPriority)
    HAL_NVIC_SetPriorityGrouping             0x080020d9   Thumb Code    26  stm32f4xx_hal_cortex.o(i.HAL_NVIC_SetPriorityGrouping)
    HAL_RCC_ClockConfig                      0x080020fd   Thumb Code   288  stm32f4xx_hal_rcc.o(i.HAL_RCC_ClockConfig)
    HAL_RCC_GetClockConfig                   0x08002231   Thumb Code    54  stm32f4xx_hal_rcc.o(i.HAL_RCC_GetClockConfig)
    HAL_RCC_GetPCLK1Freq                     0x08002271   Thumb Code    20  stm32f4xx_hal_rcc.o(i.HAL_RCC_GetPCLK1Freq)
    HAL_RCC_GetPCLK2Freq                     0x08002291   Thumb Code    20  stm32f4xx_hal_rcc.o(i.HAL_RCC_GetPCLK2Freq)
    HAL_RCC_GetSysClockFreq                  0x080022b1   Thumb Code    88  stm32f4xx_hal_rcc.o(i.HAL_RCC_GetSysClockFreq)
    HAL_RCC_OscConfig                        0x08002315   Thumb Code   856  stm32f4xx_hal_rcc.o(i.HAL_RCC_OscConfig)
    HAL_TIMEx_BreakCallback                  0x08002681   Thumb Code     2  stm32f4xx_hal_tim_ex.o(i.HAL_TIMEx_BreakCallback)
    HAL_TIMEx_CommutCallback                 0x08002683   Thumb Code     2  stm32f4xx_hal_tim_ex.o(i.HAL_TIMEx_CommutCallback)
    HAL_TIMEx_ConfigBreakDeadTime            0x08002685   Thumb Code    84  stm32f4xx_hal_tim_ex.o(i.HAL_TIMEx_ConfigBreakDeadTime)
    HAL_TIMEx_MasterConfigSynchronization    0x080026d9   Thumb Code   116  stm32f4xx_hal_tim_ex.o(i.HAL_TIMEx_MasterConfigSynchronization)
    HAL_TIM_Base_Init                        0x08002769   Thumb Code    90  stm32f4xx_hal_tim.o(i.HAL_TIM_Base_Init)
    HAL_TIM_Base_MspInit                     0x080027c5   Thumb Code    50  tim.o(i.HAL_TIM_Base_MspInit)
    HAL_TIM_Base_Start_IT                    0x08002801   Thumb Code   100  stm32f4xx_hal_tim.o(i.HAL_TIM_Base_Start_IT)
    HAL_TIM_ConfigClockSource                0x08002881   Thumb Code   220  stm32f4xx_hal_tim.o(i.HAL_TIM_ConfigClockSource)
    HAL_TIM_IC_CaptureCallback               0x0800295d   Thumb Code     2  stm32f4xx_hal_tim.o(i.HAL_TIM_IC_CaptureCallback)
    HAL_TIM_IRQHandler                       0x0800295f   Thumb Code   358  stm32f4xx_hal_tim.o(i.HAL_TIM_IRQHandler)
    HAL_TIM_MspPostInit                      0x08002ac5   Thumb Code    72  tim.o(i.HAL_TIM_MspPostInit)
    HAL_TIM_OC_DelayElapsedCallback          0x08002b19   Thumb Code     2  stm32f4xx_hal_tim.o(i.HAL_TIM_OC_DelayElapsedCallback)
    HAL_TIM_PWM_ConfigChannel                0x08002b1b   Thumb Code   204  stm32f4xx_hal_tim.o(i.HAL_TIM_PWM_ConfigChannel)
    HAL_TIM_PWM_Init                         0x08002be7   Thumb Code    90  stm32f4xx_hal_tim.o(i.HAL_TIM_PWM_Init)
    HAL_TIM_PWM_MspInit                      0x08002c41   Thumb Code     2  stm32f4xx_hal_tim.o(i.HAL_TIM_PWM_MspInit)
    HAL_TIM_PWM_PulseFinishedCallback        0x08002c43   Thumb Code     2  stm32f4xx_hal_tim.o(i.HAL_TIM_PWM_PulseFinishedCallback)
    HAL_TIM_PWM_Start                        0x08002c45   Thumb Code   172  stm32f4xx_hal_tim.o(i.HAL_TIM_PWM_Start)
    HAL_TIM_PeriodElapsedCallback            0x08002d0d   Thumb Code    14  main.o(i.HAL_TIM_PeriodElapsedCallback)
    HAL_TIM_TriggerCallback                  0x08002d21   Thumb Code     2  stm32f4xx_hal_tim.o(i.HAL_TIM_TriggerCallback)
    HAL_UARTEx_RxEventCallback               0x08002d23   Thumb Code     2  stm32f4xx_hal_uart.o(i.HAL_UARTEx_RxEventCallback)
    HAL_UART_DMAStop                         0x08002d25   Thumb Code   112  stm32f4xx_hal_uart.o(i.HAL_UART_DMAStop)
    HAL_UART_ErrorCallback                   0x08002d95   Thumb Code     2  stm32f4xx_hal_uart.o(i.HAL_UART_ErrorCallback)
    HAL_UART_IRQHandler                      0x08002d99   Thumb Code   610  stm32f4xx_hal_uart.o(i.HAL_UART_IRQHandler)
    HAL_UART_Init                            0x08003001   Thumb Code    98  stm32f4xx_hal_uart.o(i.HAL_UART_Init)
    HAL_UART_MspInit                         0x08003065   Thumb Code   562  usart.o(i.HAL_UART_MspInit)
    HAL_UART_Receive_DMA                     0x080032cd   Thumb Code    42  stm32f4xx_hal_uart.o(i.HAL_UART_Receive_DMA)
    HAL_UART_Receive_IT                      0x080032f7   Thumb Code    42  stm32f4xx_hal_uart.o(i.HAL_UART_Receive_IT)
    HAL_UART_RxCpltCallback                  0x08003321   Thumb Code    76  usart.o(i.HAL_UART_RxCpltCallback)
    HAL_UART_RxHalfCpltCallback              0x08003381   Thumb Code     2  stm32f4xx_hal_uart.o(i.HAL_UART_RxHalfCpltCallback)
    HAL_UART_Transmit                        0x08003385   Thumb Code   178  stm32f4xx_hal_uart.o(i.HAL_UART_Transmit)
    HAL_UART_TxCpltCallback                  0x08003437   Thumb Code     2  stm32f4xx_hal_uart.o(i.HAL_UART_TxCpltCallback)
    HardFault_Handler                        0x08003439   Thumb Code     2  stm32f4xx_it.o(i.HardFault_Handler)
    Incremental_PID                          0x0800343b   Thumb Code   130  pid.o(i.Incremental_PID)
    KEY_chassis_max                          0x080034bd   Thumb Code    52  rc.o(i.KEY_chassis_max)
    KalmanFilter                             0x080034f9   Thumb Code    90  kalman.o(i.KalmanFilter)
    MX_CAN1_Init                             0x08003555   Thumb Code    62  can.o(i.MX_CAN1_Init)
    MX_CAN2_Init                             0x0800359d   Thumb Code    62  can.o(i.MX_CAN2_Init)
    MX_DMA_Init                              0x080035e5   Thumb Code    72  dma.o(i.MX_DMA_Init)
    MX_FREERTOS_Init                         0x08003631   Thumb Code   118  freertos.o(i.MX_FREERTOS_Init)
    MX_GPIO_Init                             0x080036b1   Thumb Code    86  gpio.o(i.MX_GPIO_Init)
    MX_TIM8_Init                             0x0800370d   Thumb Code   198  tim.o(i.MX_TIM8_Init)
    MX_UART5_Init                            0x080037dd   Thumb Code    48  usart.o(i.MX_UART5_Init)
    MX_USART1_UART_Init                      0x08003815   Thumb Code    48  usart.o(i.MX_USART1_UART_Init)
    MX_USART2_UART_Init                      0x0800384d   Thumb Code    54  usart.o(i.MX_USART2_UART_Init)
    MX_USART3_UART_Init                      0x08003891   Thumb Code    48  usart.o(i.MX_USART3_UART_Init)
    MX_USART6_UART_Init                      0x080038c9   Thumb Code    48  usart.o(i.MX_USART6_UART_Init)
    MemManage_Handler                        0x08003901   Thumb Code     2  stm32f4xx_it.o(i.MemManage_Handler)
    NMI_Handler                              0x08003903   Thumb Code     2  stm32f4xx_it.o(i.NMI_Handler)
    Offline_task                             0x08003905   Thumb Code   306  task.o(i.Offline_task)
    PID_init                                 0x08003ba5   Thumb Code    22  pid.o(i.PID_init)
    Packet_Decode                            0x08003bbd   Thumb Code   232  packet.o(i.Packet_Decode)
    Packet_DecodeInit                        0x08003ca9   Thumb Code    18  packet.o(i.Packet_DecodeInit)
    RC_data_init                             0x08003ccd   Thumb Code    32  rc.o(i.RC_data_init)
    RC_data_is_error                         0x08003cf1   Thumb Code   100  rc.o(i.RC_data_is_error)
    RC_restart                               0x08003d59   Thumb Code    32  rc.o(i.RC_restart)
    ReadRc_Chassis                           0x08003d81   Thumb Code   688  rc.o(i.ReadRc_Chassis)
    ReadRc_Gimbal                            0x08004059   Thumb Code   422  rc.o(i.ReadRc_Gimbal)
    ReadRc_dial                              0x08004249   Thumb Code   180  rc.o(i.ReadRc_dial)
    RemoteDataProcess                        0x0800431d   Thumb Code   234  rc.o(i.RemoteDataProcess)
    SysTick_Handler                          0x08004411   Thumb Code    38  port.o(i.SysTick_Handler)
    SystemClock_Config                       0x0800443d   Thumb Code   142  main.o(i.SystemClock_Config)
    SystemInit                               0x080044d5   Thumb Code    12  system_stm32f4xx.o(i.SystemInit)
    TIM8_TRG_COM_TIM14_IRQHandler            0x080044e5   Thumb Code    18  stm32f4xx_it.o(i.TIM8_TRG_COM_TIM14_IRQHandler)
    TIM_Base_SetConfig                       0x08004501   Thumb Code   156  stm32f4xx_hal_tim.o(i.TIM_Base_SetConfig)
    TIM_CCxChannelCmd                        0x080045c9   Thumb Code    26  stm32f4xx_hal_tim.o(i.TIM_CCxChannelCmd)
    TIM_ETR_SetConfig                        0x080045e3   Thumb Code    20  stm32f4xx_hal_tim.o(i.TIM_ETR_SetConfig)
    TIM_OC2_SetConfig                        0x08004669   Thumb Code    98  stm32f4xx_hal_tim.o(i.TIM_OC2_SetConfig)
    UART5_IRQHandler                         0x080047d5   Thumb Code     6  stm32f4xx_it.o(i.UART5_IRQHandler)
    UART_IDLECallBack                        0x08004941   Thumb Code    90  usart.o(i.UART_IDLECallBack)
    UART_Start_Receive_DMA                   0x08004b79   Thumb Code   134  stm32f4xx_hal_uart.o(i.UART_Start_Receive_DMA)
    UART_Start_Receive_IT                    0x08004c0d   Thumb Code    58  stm32f4xx_hal_uart.o(i.UART_Start_Receive_IT)
    USART1_IRQHandler                        0x08004cc1   Thumb Code    30  stm32f4xx_it.o(i.USART1_IRQHandler)
    USART2_IRQHandler                        0x08004ce5   Thumb Code    20  stm32f4xx_it.o(i.USART2_IRQHandler)
    USART6_IRQHandler                        0x08004cfd   Thumb Code     6  stm32f4xx_it.o(i.USART6_IRQHandler)
    UsageFault_Handler                       0x08004d09   Thumb Code     2  stm32f4xx_it.o(i.UsageFault_Handler)
    Usart_Init_Report                        0x08004d0d   Thumb Code    30  usart.o(i.Usart_Init_Report)
    __ARM_fpclassifyf                        0x08004d39   Thumb Code    38  fpclassifyf.o(i.__ARM_fpclassifyf)
    __hardfp_cosf                            0x08004d81   Thumb Code   280  cosf.o(i.__hardfp_cosf)
    __hardfp_sinf                            0x08004ed1   Thumb Code   344  sinf.o(i.__hardfp_sinf)
    __mathlib_flt_infnan                     0x08005061   Thumb Code     6  funder.o(i.__mathlib_flt_infnan)
    __mathlib_flt_invalid                    0x08005069   Thumb Code    10  funder.o(i.__mathlib_flt_invalid)
    __mathlib_flt_underflow                  0x08005079   Thumb Code    10  funder.o(i.__mathlib_flt_underflow)
    __mathlib_rredf2                         0x08005089   Thumb Code   316  rredf.o(i.__mathlib_rredf2)
    can_Task                                 0x080051dd   Thumb Code    28  freertos.o(i.can_Task)
    chassis_task                             0x080051fd   Thumb Code    30  freertos.o(i.chassis_task)
    detect_init                              0x08005251   Thumb Code    18  detect_task.o(i.detect_init)
    dial_PID                                 0x08005269   Thumb Code    78  pid.o(i.dial_PID)
    dial_inner_pid_init                      0x080052cd   Thumb Code    60  pid.o(i.dial_inner_pid_init)
    dial_outer_pid_init                      0x08005315   Thumb Code    56  pid.o(i.dial_outer_pid_init)
    dial_pid_init                            0x08005359   Thumb Code    72  pid.o(i.dial_pid_init)
    friction_PID_init                        0x080053b9   Thumb Code   104  pid.o(i.friction_PID_init)
    get_eular                                0x08005431   Thumb Code    12  imu_data_decode.o(i.get_eular)
    get_gimbal_motor_measuer                 0x08005441   Thumb Code    74  can.o(i.get_gimbal_motor_measuer)
    get_moto_offset                          0x0800548d   Thumb Code    38  pid.o(i.get_moto_offset)
    get_motor_measure                        0x080054c1   Thumb Code    74  can.o(i.get_motor_measure)
    get_raw_gyo                              0x0800550d   Thumb Code    16  imu_data_decode.o(i.get_raw_gyo)
    get_total_angle                          0x08005521   Thumb Code   136  pid.o(i.get_total_angle)
    gimbal_pitch_inner_pid_init              0x080055b1   Thumb Code    56  pid.o(i.gimbal_pitch_inner_pid_init)
    gimbal_pitch_outer_pid_init              0x080055f9   Thumb Code    56  pid.o(i.gimbal_pitch_outer_pid_init)
    gimbal_pitch_pid_init                    0x08005639   Thumb Code    14  pid.o(i.gimbal_pitch_pid_init)
    gimbal_yaw_inner_pid_init                0x08005649   Thumb Code    56  pid.o(i.gimbal_yaw_inner_pid_init)
    gimbal_yaw_outer_pid_init                0x08005691   Thumb Code    56  pid.o(i.gimbal_yaw_outer_pid_init)
    gimbal_yaw_pid_init                      0x080056d1   Thumb Code    14  pid.o(i.gimbal_yaw_pid_init)
    imu_data_decode_init                     0x080056e1   Thumb Code    14  imu_data_decode.o(i.imu_data_decode_init)
    judge_rcdata                             0x080056f9   Thumb Code   466  referee.o(i.judge_rcdata)
    kalmanCreate                             0x080058d5   Thumb Code    38  kalman.o(i.kalmanCreate)
    location_PID                             0x08005901   Thumb Code   150  pid.o(i.location_PID)
    main                                     0x080059ad   Thumb Code   124  main.o(i.main)
    osKernelStart                            0x08005a55   Thumb Code    10  cmsis_os.o(i.osKernelStart)
    osThreadCreate                           0x08005a5f   Thumb Code    92  cmsis_os.o(i.osThreadCreate)
    pvPortMalloc                             0x08005e45   Thumb Code   224  heap_4.o(i.pvPortMalloc)
    pxPortInitialiseStack                    0x08005f2d   Thumb Code    38  port.o(i.pxPortInitialiseStack)
    ref_get_crc16                            0x08005f59   Thumb Code    40  crc.o(i.ref_get_crc16)
    ref_get_crc8                             0x08005f85   Thumb Code    24  crc.o(i.ref_get_crc8)
    ref_verify_crc16                         0x08005fa1   Thumb Code    56  crc.o(i.ref_verify_crc16)
    ref_verify_crc8                          0x08005fdd   Thumb Code    38  crc.o(i.ref_verify_crc8)
    report_SendData                          0x08006005   Thumb Code   108  report.o(i.report_SendData)
    slove_RC_lost                            0x08006079   Thumb Code     6  rc.o(i.slove_RC_lost)
    slove_RC_offline                         0x0800607f   Thumb Code     4  rc.o(i.slove_RC_offline)
    uxListRemove                             0x08006083   Thumb Code    38  list.o(i.uxListRemove)
    vApplicationGetIdleTaskMemory            0x080060a9   Thumb Code    16  freertos.o(i.vApplicationGetIdleTaskMemory)
    vListInitialise                          0x080060bd   Thumb Code    22  list.o(i.vListInitialise)
    vListInitialiseItem                      0x080060d3   Thumb Code     6  list.o(i.vListInitialiseItem)
    vListInsert                              0x080060d9   Thumb Code    54  list.o(i.vListInsert)
    vListInsertEnd                           0x0800610f   Thumb Code    24  list.o(i.vListInsertEnd)
    vPortEnterCritical                       0x08006129   Thumb Code    54  port.o(i.vPortEnterCritical)
    vPortExitCritical                        0x08006169   Thumb Code    38  port.o(i.vPortExitCritical)
    vPortFree                                0x08006195   Thumb Code    94  heap_4.o(i.vPortFree)
    vPortSetupTimerInterrupt                 0x080061f9   Thumb Code    32  port.o(i.vPortSetupTimerInterrupt)
    vTaskDelay                               0x0800621d   Thumb Code    70  tasks.o(i.vTaskDelay)
    vTaskDelayUntil                          0x0800626d   Thumb Code   146  tasks.o(i.vTaskDelayUntil)
    vTaskStartScheduler                      0x08006309   Thumb Code   120  tasks.o(i.vTaskStartScheduler)
    vTaskSuspendAll                          0x08006391   Thumb Code    10  tasks.o(i.vTaskSuspendAll)
    vTaskSwitchContext                       0x080063a1   Thumb Code    86  tasks.o(i.vTaskSwitchContext)
    vofa_Task                                0x08006401   Thumb Code    56  freertos.o(i.vofa_Task)
    wheel_pid_init                           0x08006445   Thumb Code   118  pid.o(i.wheel_pid_init)
    xPortStartScheduler                      0x080064d5   Thumb Code   232  port.o(i.xPortStartScheduler)
    xTaskCreate                              0x080065d9   Thumb Code   108  tasks.o(i.xTaskCreate)
    xTaskCreateStatic                        0x08006645   Thumb Code    96  tasks.o(i.xTaskCreateStatic)
    xTaskGetTickCount                        0x080066a5   Thumb Code     6  tasks.o(i.xTaskGetTickCount)
    xTaskIncrementTick                       0x080066b1   Thumb Code   202  tasks.o(i.xTaskIncrementTick)
    xTaskResumeAll                           0x08006785   Thumb Code   190  tasks.o(i.xTaskResumeAll)
    __aeabi_d2f                              0x08006851   Thumb Code     0  d2f.o(x$fpl$d2f)
    _d2f                                     0x08006851   Thumb Code    98  d2f.o(x$fpl$d2f)
    __aeabi_d2iz                             0x080068b5   Thumb Code     0  dfix.o(x$fpl$dfix)
    _dfix                                    0x080068b5   Thumb Code    94  dfix.o(x$fpl$dfix)
    __aeabi_i2d                              0x08006913   Thumb Code     0  dflt_clz.o(x$fpl$dflt)
    _dflt                                    0x08006913   Thumb Code    46  dflt_clz.o(x$fpl$dflt)
    __aeabi_dmul                             0x08006941   Thumb Code     0  dmul.o(x$fpl$dmul)
    _dmul                                    0x08006941   Thumb Code   332  dmul.o(x$fpl$dmul)
    __fpl_dnaninf                            0x08006a95   Thumb Code   156  dnaninf.o(x$fpl$dnaninf)
    __fpl_dretinf                            0x08006b31   Thumb Code    12  dretinf.o(x$fpl$dretinf)
    _fp_init                                 0x08006b3d   Thumb Code    10  fpinit.o(x$fpl$fpinit)
    __fplib_config_fpu_vfp                   0x08006b45   Thumb Code     0  fpinit.o(x$fpl$fpinit)
    __fplib_config_pureend_doubles           0x08006b45   Thumb Code     0  fpinit.o(x$fpl$fpinit)
    __fpl_fretinf                            0x08006b47   Thumb Code    10  fretinf.o(x$fpl$fretinf)
    __I$use$fp                               0x08006b50   Number         0  usenofp.o(x$fpl$usenofp)
    AHBPrescTable                            0x08006f14   Data          16  system_stm32f4xx.o(.constdata)
    APBPrescTable                            0x08006f24   Data           8  system_stm32f4xx.o(.constdata)
    Region$$Table$$Base                      0x08006f94   Number         0  anon$$obj.o(Region$$Table)
    Region$$Table$$Limit                     0x08006fb4   Number         0  anon$$obj.o(Region$$Table)
    STOP                                     0x20000000   Data           1  rc.o(.data)
    MODE                                     0x20000001   Data           1  rc.o(.data)
    L_X                                      0x20000002   Data           2  rc.o(.data)
    L_Y                                      0x20000004   Data           2  rc.o(.data)
    R_Y                                      0x20000006   Data           2  rc.o(.data)
    R_X                                      0x20000008   Data           2  rc.o(.data)
    degree_k                                 0x2000000c   Data           4  rc.o(.data)
    dial_number                              0x20000010   Data           4  rc.o(.data)
    chasses_coefficient                      0x20000014   Data           8  rc.o(.data)
    cnt1                                     0x20000020   Data           4  imu_data_decode.o(.data)
    Degree_po                                0x2000004c   Data           4  pid.o(.data)
    cnt21                                    0x20000050   Data           4  pid.o(.data)
    dial_mode                                0x20000054   Data           4  pid.o(.data)
    store                                    0x20000058   Data           6  pid.o(.data)
    cnt5                                     0x20000060   Data           4  task.o(.data)
    cnt9                                     0x20000068   Data           4  detect_task.o(.data)
    hurt_data                                0x20000074   Data           1  referee.o(.data)
    Judge_Self_ID                            0x20000075   Data           1  referee.o(.data)
    Color                                    0x20000076   Data           1  referee.o(.data)
    Judge_SelfClient_ID                      0x20000078   Data           2  referee.o(.data)
    data_fulllength                          0x2000007c   Data           4  referee.o(.data)
    Event_data                               0x20000080   Data           4  referee.o(.data)
    remain                                   0x2000008c   Data           6  referee.o(.data)
    shoot_data                               0x20000092   Data           7  referee.o(.data)
    Is_finishctog                            0x2000009c   Data           2  chassis_mode.o(.data)
    chassis_mode                             0x200000a0   Data           4  chassis_mode.o(.data)
    Q_sign                                   0x200000a4   Data           4  chassis_mode.o(.data)
    E_sign                                   0x200000a8   Data           4  chassis_mode.o(.data)
    Xsin                                     0x200000ac   Data           4  chassis_mode.o(.data)
    Xcos                                     0x200000b0   Data           4  chassis_mode.o(.data)
    Ysin                                     0x200000b4   Data           4  chassis_mode.o(.data)
    Ycos                                     0x200000b8   Data           4  chassis_mode.o(.data)
    hudu                                     0x200000bc   Data           4  chassis_mode.o(.data)
    ecd_ch                                   0x200000c0   Data           4  chassis_mode.o(.data)
    degree_ch                                0x200000c4   Data           4  chassis_mode.o(.data)
    ecd_diff                                 0x200000c8   Data           4  chassis_mode.o(.data)
    chassis__taskHandle                      0x200000dc   Data           4  freertos.o(.data)
    Gimbal__TaskHandle                       0x200000e0   Data           4  freertos.o(.data)
    can__TaskHandle                          0x200000e4   Data           4  freertos.o(.data)
    vofa__TaskHandle                         0x200000e8   Data           4  freertos.o(.data)
    Detect__TaskHandle                       0x200000ec   Data           4  freertos.o(.data)
    USART1_Flag                              0x20000124   Data           1  usart.o(.data)
    MPU_data                                 0x20000125   Data           1  usart.o(.data)
    USART1_Data_Len                          0x20000126   Data           2  usart.o(.data)
    cnt10                                    0x20000128   Data           4  usart.o(.data)
    cnt19                                    0x2000012c   Data           4  usart.o(.data)
    uwTickFreq                               0x20000130   Data           1  stm32f4xx_hal.o(.data)
    uwTickPrio                               0x20000134   Data           4  stm32f4xx_hal.o(.data)
    uwTick                                   0x20000138   Data           4  stm32f4xx_hal.o(.data)
    SystemCoreClock                          0x2000013c   Data           4  system_stm32f4xx.o(.data)
    pxCurrentTCB                             0x20000140   Data           4  tasks.o(.data)
    RC_CtrlData                              0x200001a8   Data          20  rc.o(.bss)
    KEY_Date                                 0x200001bc   Data          24  rc.o(.bss)
    sbus_rx_buffer                           0x200001d4   Data          36  rc.o(.bss)
    last_store                               0x200002a0   Data          12  pid.o(.bss)
    vofa_data                                0x200002ac   Data          20  report.o(.bss)
    errorList                                0x200002c0   Data         324  detect_task.o(.bss)
    HP                                       0x20000404   Data          32  referee.o(.bss)
    My_status                                0x20000424   Data          27  referee.o(.bss)
    power                                    0x2000043f   Data          16  referee.o(.bss)
    judge_header                             0x20000450   Data          12  referee.o(.bss)
    wheel_moter                              0x200006b0   Data         400  can.o(.bss)
    dial_motor                               0x20000840   Data         100  can.o(.bss)
    gimbal_yaw_motor                         0x200008a4   Data         100  can.o(.bss)
    gimbal_pitch_motor                       0x20000908   Data         100  can.o(.bss)
    Friction_motor                           0x2000096c   Data         200  can.o(.bss)
    dial_data                                0x20000a34   Data          28  can.o(.bss)
    supercap                                 0x20000a50   Data          16  can.o(.bss)
    motor_yaw                                0x20000a60   Data          20  can.o(.bss)
    motor_pitch                              0x20000a74   Data          20  can.o(.bss)
    motor_trigger                            0x20000a88   Data          20  can.o(.bss)
    motor_chassis                            0x20000a9c   Data          80  can.o(.bss)
    motor_friction                           0x20000aec   Data          40  can.o(.bss)
    hcan1                                    0x20000b14   Data          40  can.o(.bss)
    hcan2                                    0x20000b3c   Data          40  can.o(.bss)
    yaw_inner_pid                            0x20000b64   Data          44  can.o(.bss)
    pitch_inner_pid                          0x20000b90   Data          44  can.o(.bss)
    yaw_outer_pid                            0x20000bbc   Data          44  can.o(.bss)
    pitch_outer_pid                          0x20000be8   Data          44  can.o(.bss)
    dial_inner_pid                           0x20000c14   Data          44  can.o(.bss)
    dial_outer_pid                           0x20000c40   Data          44  can.o(.bss)
    htim8                                    0x20000c6c   Data          72  tim.o(.bss)
    USART1_Rx_temp                           0x20000cb4   Data         256  usart.o(.bss)
    huart5                                   0x20000db4   Data          68  usart.o(.bss)
    huart1                                   0x20000df8   Data          68  usart.o(.bss)
    huart2                                   0x20000e3c   Data          68  usart.o(.bss)
    huart3                                   0x20000e80   Data          68  usart.o(.bss)
    huart6                                   0x20000ec4   Data          68  usart.o(.bss)
    hdma_usart1_rx                           0x20000f08   Data          96  usart.o(.bss)
    hdma_usart2_rx                           0x20000f68   Data          96  usart.o(.bss)
    htim14                                   0x20000fc8   Data          72  stm32f4xx_hal_timebase_tim.o(.bss)
    __libspace_start                         0x20004d00   Data          96  libspace.o(.bss)
    __temporary_stack_top$libspace           0x20004d60   Data           0  libspace.o(.bss)



==============================================================================

Memory Map of the image

  Image Entry point : 0x08000189

  Load Region LR_IROM1 (Base: 0x08000000, Size: 0x0000715c, Max: 0x00100000, ABSOLUTE, COMPRESSED[0x00006fd4])

    Execution Region ER_IROM1 (Exec base: 0x08000000, Load base: 0x08000000, Size: 0x00006fb4, Max: 0x00100000, ABSOLUTE)

    Exec Addr    Load Addr    Size         Type   Attr      Idx    E Section Name        Object

    0x08000000   0x08000000   0x00000188   Data   RO            3    RESET               startup_stm32f405xx.o
    0x08000188   0x08000188   0x00000008   Code   RO         5867  * !!!main             c_w.l(__main.o)
    0x08000190   0x08000190   0x00000034   Code   RO         6115    !!!scatter          c_w.l(__scatter.o)
    0x080001c4   0x080001c4   0x0000003a   Code   RO         6113    !!dczerorl          c_w.l(__dczerorl.o)
    0x080001fe   0x080001fe   0x00000002   PAD
    0x08000200   0x08000200   0x0000001c   Code   RO         6117    !!handler_zi        c_w.l(__scatter_zi.o)
    0x0800021c   0x0800021c   0x00000002   Code   RO         5984    .ARM.Collect$$libinit$$00000000  c_w.l(libinit.o)
    0x0800021e   0x0800021e   0x00000004   Code   RO         5993    .ARM.Collect$$libinit$$00000001  c_w.l(libinit2.o)
    0x08000222   0x08000222   0x00000000   Code   RO         5996    .ARM.Collect$$libinit$$00000004  c_w.l(libinit2.o)
    0x08000222   0x08000222   0x00000000   Code   RO         5999    .ARM.Collect$$libinit$$0000000A  c_w.l(libinit2.o)
    0x08000222   0x08000222   0x00000000   Code   RO         6001    .ARM.Collect$$libinit$$0000000C  c_w.l(libinit2.o)
    0x08000222   0x08000222   0x00000000   Code   RO         6003    .ARM.Collect$$libinit$$0000000E  c_w.l(libinit2.o)
    0x08000222   0x08000222   0x00000000   Code   RO         6006    .ARM.Collect$$libinit$$00000011  c_w.l(libinit2.o)
    0x08000222   0x08000222   0x00000000   Code   RO         6008    .ARM.Collect$$libinit$$00000013  c_w.l(libinit2.o)
    0x08000222   0x08000222   0x00000000   Code   RO         6010    .ARM.Collect$$libinit$$00000015  c_w.l(libinit2.o)
    0x08000222   0x08000222   0x00000000   Code   RO         6012    .ARM.Collect$$libinit$$00000017  c_w.l(libinit2.o)
    0x08000222   0x08000222   0x00000000   Code   RO         6014    .ARM.Collect$$libinit$$00000019  c_w.l(libinit2.o)
    0x08000222   0x08000222   0x00000000   Code   RO         6016    .ARM.Collect$$libinit$$0000001B  c_w.l(libinit2.o)
    0x08000222   0x08000222   0x00000000   Code   RO         6018    .ARM.Collect$$libinit$$0000001D  c_w.l(libinit2.o)
    0x08000222   0x08000222   0x00000000   Code   RO         6020    .ARM.Collect$$libinit$$0000001F  c_w.l(libinit2.o)
    0x08000222   0x08000222   0x00000000   Code   RO         6022    .ARM.Collect$$libinit$$00000021  c_w.l(libinit2.o)
    0x08000222   0x08000222   0x00000000   Code   RO         6024    .ARM.Collect$$libinit$$00000023  c_w.l(libinit2.o)
    0x08000222   0x08000222   0x00000000   Code   RO         6026    .ARM.Collect$$libinit$$00000025  c_w.l(libinit2.o)
    0x08000222   0x08000222   0x00000000   Code   RO         6030    .ARM.Collect$$libinit$$0000002C  c_w.l(libinit2.o)
    0x08000222   0x08000222   0x00000000   Code   RO         6032    .ARM.Collect$$libinit$$0000002E  c_w.l(libinit2.o)
    0x08000222   0x08000222   0x00000000   Code   RO         6034    .ARM.Collect$$libinit$$00000030  c_w.l(libinit2.o)
    0x08000222   0x08000222   0x00000000   Code   RO         6036    .ARM.Collect$$libinit$$00000032  c_w.l(libinit2.o)
    0x08000222   0x08000222   0x00000002   Code   RO         6037    .ARM.Collect$$libinit$$00000033  c_w.l(libinit2.o)
    0x08000224   0x08000224   0x00000002   Code   RO         6068    .ARM.Collect$$libshutdown$$00000000  c_w.l(libshutdown.o)
    0x08000226   0x08000226   0x00000000   Code   RO         6094    .ARM.Collect$$libshutdown$$00000002  c_w.l(libshutdown2.o)
    0x08000226   0x08000226   0x00000000   Code   RO         6096    .ARM.Collect$$libshutdown$$00000004  c_w.l(libshutdown2.o)
    0x08000226   0x08000226   0x00000000   Code   RO         6098    .ARM.Collect$$libshutdown$$00000006  c_w.l(libshutdown2.o)
    0x08000226   0x08000226   0x00000000   Code   RO         6101    .ARM.Collect$$libshutdown$$00000009  c_w.l(libshutdown2.o)
    0x08000226   0x08000226   0x00000000   Code   RO         6104    .ARM.Collect$$libshutdown$$0000000C  c_w.l(libshutdown2.o)
    0x08000226   0x08000226   0x00000000   Code   RO         6106    .ARM.Collect$$libshutdown$$0000000E  c_w.l(libshutdown2.o)
    0x08000226   0x08000226   0x00000000   Code   RO         6109    .ARM.Collect$$libshutdown$$00000011  c_w.l(libshutdown2.o)
    0x08000226   0x08000226   0x00000002   Code   RO         6110    .ARM.Collect$$libshutdown$$00000012  c_w.l(libshutdown2.o)
    0x08000228   0x08000228   0x00000000   Code   RO         5909    .ARM.Collect$$rtentry$$00000000  c_w.l(__rtentry.o)
    0x08000228   0x08000228   0x00000000   Code   RO         5947    .ARM.Collect$$rtentry$$00000002  c_w.l(__rtentry2.o)
    0x08000228   0x08000228   0x00000006   Code   RO         5959    .ARM.Collect$$rtentry$$00000004  c_w.l(__rtentry4.o)
    0x0800022e   0x0800022e   0x00000000   Code   RO         5949    .ARM.Collect$$rtentry$$00000009  c_w.l(__rtentry2.o)
    0x0800022e   0x0800022e   0x00000004   Code   RO         5950    .ARM.Collect$$rtentry$$0000000A  c_w.l(__rtentry2.o)
    0x08000232   0x08000232   0x00000000   Code   RO         5952    .ARM.Collect$$rtentry$$0000000C  c_w.l(__rtentry2.o)
    0x08000232   0x08000232   0x00000008   Code   RO         5953    .ARM.Collect$$rtentry$$0000000D  c_w.l(__rtentry2.o)
    0x0800023a   0x0800023a   0x00000002   Code   RO         5985    .ARM.Collect$$rtexit$$00000000  c_w.l(rtexit.o)
    0x0800023c   0x0800023c   0x00000000   Code   RO         6041    .ARM.Collect$$rtexit$$00000002  c_w.l(rtexit2.o)
    0x0800023c   0x0800023c   0x00000004   Code   RO         6042    .ARM.Collect$$rtexit$$00000003  c_w.l(rtexit2.o)
    0x08000240   0x08000240   0x00000006   Code   RO         6043    .ARM.Collect$$rtexit$$00000004  c_w.l(rtexit2.o)
    0x08000246   0x08000246   0x00000002   PAD
    0x08000248   0x08000248   0x000000be   Code   RO         5774    .emb_text           port.o
    0x08000306   0x08000306   0x00000002   PAD
    0x08000308   0x08000308   0x00000040   Code   RO            4    .text               startup_stm32f405xx.o
    0x08000348   0x08000348   0x000000ee   Code   RO         5853    .text               c_w.l(lludivv7m.o)
    0x08000436   0x08000436   0x0000008a   Code   RO         5857    .text               c_w.l(rt_memcpy_v6.o)
    0x080004c0   0x080004c0   0x00000064   Code   RO         5859    .text               c_w.l(rt_memcpy_w.o)
    0x08000524   0x08000524   0x0000004e   Code   RO         5863    .text               c_w.l(rt_memclr_w.o)
    0x08000572   0x08000572   0x00000006   Code   RO         5865    .text               c_w.l(heapauxi.o)
    0x08000578   0x08000578   0x00000016   Code   RO         5914    .text               c_w.l(_rserrno.o)
    0x0800058e   0x0800058e   0x00000002   PAD
    0x08000590   0x08000590   0x00000008   Code   RO         5966    .text               c_w.l(rt_errno_addr_intlibspace.o)
    0x08000598   0x08000598   0x00000008   Code   RO         5968    .text               c_w.l(libspace.o)
    0x080005a0   0x080005a0   0x0000004a   Code   RO         5971    .text               c_w.l(sys_stackheap_outer.o)
    0x080005ea   0x080005ea   0x00000012   Code   RO         5973    .text               c_w.l(exit.o)
    0x080005fc   0x080005fc   0x0000000c   Code   RO         6038    .text               c_w.l(sys_exit.o)
    0x08000608   0x08000608   0x00000002   Code   RO         6057    .text               c_w.l(use_no_semi.o)
    0x0800060a   0x0800060a   0x00000000   Code   RO         6059    .text               c_w.l(indicate_semi.o)
    0x0800060a   0x0800060a   0x00000002   Code   RO         1590    i.BusFault_Handler  stm32f4xx_it.o
    0x0800060c   0x0800060c   0x0000003c   Code   RO         1285    i.CAN1_Filterinit_And_Start  can.o
    0x08000648   0x08000648   0x0000000c   Code   RO         1591    i.CAN1_RX0_IRQHandler  stm32f4xx_it.o
    0x08000654   0x08000654   0x00000048   Code   RO         1286    i.CAN2_0x1FF_TX     can.o
    0x0800069c   0x0800069c   0x0000003c   Code   RO         1288    i.CAN2_Filterinit_And_Start  can.o
    0x080006d8   0x080006d8   0x0000000c   Code   RO         1592    i.CAN2_RX0_IRQHandler  stm32f4xx_it.o
    0x080006e4   0x080006e4   0x00000020   Code   RO          654    i.CAN2_send         task.o
    0x08000704   0x08000704   0x00000028   Code   RO          377    i.Chassis_PID       pid.o
    0x0800072c   0x0800072c   0x00000114   Code   RO          988    i.Circle            chassis_mode.o
    0x08000840   0x08000840   0x00000108   Code   RO          989    i.CtoG              chassis_mode.o
    0x08000948   0x08000948   0x0000000c   Code   RO         1593    i.DMA1_Stream5_IRQHandler  stm32f4xx_it.o
    0x08000954   0x08000954   0x0000000c   Code   RO         1594    i.DMA2_Stream2_IRQHandler  stm32f4xx_it.o
    0x08000960   0x08000960   0x00000028   Code   RO         2458    i.DMA_CalcBaseAndBitshift  stm32f4xx_hal_dma.o
    0x08000988   0x08000988   0x00000054   Code   RO         2459    i.DMA_CheckFifoParam  stm32f4xx_hal_dma.o
    0x080009dc   0x080009dc   0x00000028   Code   RO         2460    i.DMA_SetConfig     stm32f4xx_hal_dma.o
    0x08000a04   0x08000a04   0x00000002   Code   RO         1595    i.DebugMon_Handler  stm32f4xx_it.o
    0x08000a06   0x08000a06   0x00000002   PAD
    0x08000a08   0x08000a08   0x00000050   Code   RO          745    i.DetectHook        detect_task.o
    0x08000a58   0x08000a58   0x00000088   Code   RO          746    i.DetectInit        detect_task.o
    0x08000ae0   0x08000ae0   0x000000f4   Code   RO          747    i.DetectTask        detect_task.o
    0x08000bd4   0x08000bd4   0x00000010   Code   RO         1203    i.Detect_Task       freertos.o
    0x08000be4   0x08000be4   0x00000004   Code   RO         1066    i.Error_Handler     main.o
    0x08000be8   0x08000be8   0x00000054   Code   RO          378    i.Friction_PID      pid.o
    0x08000c3c   0x08000c3c   0x000000b0   Code   RO          990    i.Function_Choose   chassis_mode.o
    0x08000cec   0x08000cec   0x000000e4   Code   RO          379    i.Gimbal_PID        pid.o
    0x08000dd0   0x08000dd0   0x0000000e   Code   RO          380    i.Gimbal_PID_init   pid.o
    0x08000dde   0x08000dde   0x00000002   PAD
    0x08000de0   0x08000de0   0x00000030   Code   RO         1204    i.Gimbal_Task       freertos.o
    0x08000e10   0x08000e10   0x000000ec   Code   RO          381    i.Gimbal_inner_PID  pid.o
    0x08000efc   0x08000efc   0x00000148   Code   RO          382    i.Gimbal_outer_PID  pid.o
    0x08001044   0x08001044   0x00000024   Code   RO         1766    i.HAL_CAN_ActivateNotification  stm32f4xx_hal_can.o
    0x08001068   0x08001068   0x000000dc   Code   RO         1767    i.HAL_CAN_AddTxMessage  stm32f4xx_hal_can.o
    0x08001144   0x08001144   0x0000010c   Code   RO         1768    i.HAL_CAN_ConfigFilter  stm32f4xx_hal_can.o
    0x08001250   0x08001250   0x00000002   Code   RO         1771    i.HAL_CAN_ErrorCallback  stm32f4xx_hal_can.o
    0x08001252   0x08001252   0x000000e8   Code   RO         1774    i.HAL_CAN_GetRxMessage  stm32f4xx_hal_can.o
    0x0800133a   0x0800133a   0x000001fc   Code   RO         1778    i.HAL_CAN_IRQHandler  stm32f4xx_hal_can.o
    0x08001536   0x08001536   0x0000011a   Code   RO         1779    i.HAL_CAN_Init      stm32f4xx_hal_can.o
    0x08001650   0x08001650   0x00000100   Code   RO         1290    i.HAL_CAN_MspInit   can.o
    0x08001750   0x08001750   0x00000002   Code   RO         1786    i.HAL_CAN_RxFifo0FullCallback  stm32f4xx_hal_can.o
    0x08001752   0x08001752   0x00000002   PAD
    0x08001754   0x08001754   0x00000234   Code   RO         1291    i.HAL_CAN_RxFifo0MsgPendingCallback  can.o
    0x08001988   0x08001988   0x00000002   Code   RO         1788    i.HAL_CAN_RxFifo1FullCallback  stm32f4xx_hal_can.o
    0x0800198a   0x0800198a   0x00000002   Code   RO         1789    i.HAL_CAN_RxFifo1MsgPendingCallback  stm32f4xx_hal_can.o
    0x0800198c   0x0800198c   0x00000002   Code   RO         1790    i.HAL_CAN_SleepCallback  stm32f4xx_hal_can.o
    0x0800198e   0x0800198e   0x00000002   PAD
    0x08001990   0x08001990   0x00000058   Code   RO         1791    i.HAL_CAN_Start     stm32f4xx_hal_can.o
    0x080019e8   0x080019e8   0x00000002   Code   RO         1793    i.HAL_CAN_TxMailbox0AbortCallback  stm32f4xx_hal_can.o
    0x080019ea   0x080019ea   0x00000002   Code   RO         1794    i.HAL_CAN_TxMailbox0CompleteCallback  stm32f4xx_hal_can.o
    0x080019ec   0x080019ec   0x00000002   Code   RO         1795    i.HAL_CAN_TxMailbox1AbortCallback  stm32f4xx_hal_can.o
    0x080019ee   0x080019ee   0x00000002   Code   RO         1796    i.HAL_CAN_TxMailbox1CompleteCallback  stm32f4xx_hal_can.o
    0x080019f0   0x080019f0   0x00000002   Code   RO         1797    i.HAL_CAN_TxMailbox2AbortCallback  stm32f4xx_hal_can.o
    0x080019f2   0x080019f2   0x00000002   Code   RO         1798    i.HAL_CAN_TxMailbox2CompleteCallback  stm32f4xx_hal_can.o
    0x080019f4   0x080019f4   0x00000002   Code   RO         1800    i.HAL_CAN_WakeUpFromRxMsgCallback  stm32f4xx_hal_can.o
    0x080019f6   0x080019f6   0x00000092   Code   RO         2461    i.HAL_DMA_Abort     stm32f4xx_hal_dma.o
    0x08001a88   0x08001a88   0x00000024   Code   RO         2462    i.HAL_DMA_Abort_IT  stm32f4xx_hal_dma.o
    0x08001aac   0x08001aac   0x000001a0   Code   RO         2466    i.HAL_DMA_IRQHandler  stm32f4xx_hal_dma.o
    0x08001c4c   0x08001c4c   0x000000d4   Code   RO         2467    i.HAL_DMA_Init      stm32f4xx_hal_dma.o
    0x08001d20   0x08001d20   0x0000006e   Code   RO         2471    i.HAL_DMA_Start_IT  stm32f4xx_hal_dma.o
    0x08001d8e   0x08001d8e   0x00000002   PAD
    0x08001d90   0x08001d90   0x000001f0   Code   RO         2354    i.HAL_GPIO_Init     stm32f4xx_hal_gpio.o
    0x08001f80   0x08001f80   0x0000000c   Code   RO         2886    i.HAL_GetTick       stm32f4xx_hal.o
    0x08001f8c   0x08001f8c   0x00000010   Code   RO         2892    i.HAL_IncTick       stm32f4xx_hal.o
    0x08001f9c   0x08001f9c   0x00000034   Code   RO         2893    i.HAL_Init          stm32f4xx_hal.o
    0x08001fd0   0x08001fd0   0x00000074   Code   RO         1726    i.HAL_InitTick      stm32f4xx_hal_timebase_tim.o
    0x08002044   0x08002044   0x00000038   Code   RO         1702    i.HAL_MspInit       stm32f4xx_hal_msp.o
    0x0800207c   0x0800207c   0x0000001a   Code   RO         2743    i.HAL_NVIC_EnableIRQ  stm32f4xx_hal_cortex.o
    0x08002096   0x08002096   0x00000002   PAD
    0x08002098   0x08002098   0x00000040   Code   RO         2749    i.HAL_NVIC_SetPriority  stm32f4xx_hal_cortex.o
    0x080020d8   0x080020d8   0x00000024   Code   RO         2750    i.HAL_NVIC_SetPriorityGrouping  stm32f4xx_hal_cortex.o
    0x080020fc   0x080020fc   0x00000134   Code   RO         2000    i.HAL_RCC_ClockConfig  stm32f4xx_hal_rcc.o
    0x08002230   0x08002230   0x00000040   Code   RO         2004    i.HAL_RCC_GetClockConfig  stm32f4xx_hal_rcc.o
    0x08002270   0x08002270   0x00000020   Code   RO         2007    i.HAL_RCC_GetPCLK1Freq  stm32f4xx_hal_rcc.o
    0x08002290   0x08002290   0x00000020   Code   RO         2008    i.HAL_RCC_GetPCLK2Freq  stm32f4xx_hal_rcc.o
    0x080022b0   0x080022b0   0x00000064   Code   RO         2009    i.HAL_RCC_GetSysClockFreq  stm32f4xx_hal_rcc.o
    0x08002314   0x08002314   0x0000036c   Code   RO         2012    i.HAL_RCC_OscConfig  stm32f4xx_hal_rcc.o
    0x08002680   0x08002680   0x00000002   Code   RO         3837    i.HAL_TIMEx_BreakCallback  stm32f4xx_hal_tim_ex.o
    0x08002682   0x08002682   0x00000002   Code   RO         3838    i.HAL_TIMEx_CommutCallback  stm32f4xx_hal_tim_ex.o
    0x08002684   0x08002684   0x00000054   Code   RO         3840    i.HAL_TIMEx_ConfigBreakDeadTime  stm32f4xx_hal_tim_ex.o
    0x080026d8   0x080026d8   0x00000090   Code   RO         3856    i.HAL_TIMEx_MasterConfigSynchronization  stm32f4xx_hal_tim_ex.o
    0x08002768   0x08002768   0x0000005a   Code   RO         3133    i.HAL_TIM_Base_Init  stm32f4xx_hal_tim.o
    0x080027c2   0x080027c2   0x00000002   PAD
    0x080027c4   0x080027c4   0x0000003c   Code   RO         1430    i.HAL_TIM_Base_MspInit  tim.o
    0x08002800   0x08002800   0x00000080   Code   RO         3138    i.HAL_TIM_Base_Start_IT  stm32f4xx_hal_tim.o
    0x08002880   0x08002880   0x000000dc   Code   RO         3142    i.HAL_TIM_ConfigClockSource  stm32f4xx_hal_tim.o
    0x0800295c   0x0800295c   0x00000002   Code   RO         3167    i.HAL_TIM_IC_CaptureCallback  stm32f4xx_hal_tim.o
    0x0800295e   0x0800295e   0x00000166   Code   RO         3181    i.HAL_TIM_IRQHandler  stm32f4xx_hal_tim.o
    0x08002ac4   0x08002ac4   0x00000054   Code   RO         1431    i.HAL_TIM_MspPostInit  tim.o
    0x08002b18   0x08002b18   0x00000002   Code   RO         3184    i.HAL_TIM_OC_DelayElapsedCallback  stm32f4xx_hal_tim.o
    0x08002b1a   0x08002b1a   0x000000cc   Code   RO         3205    i.HAL_TIM_PWM_ConfigChannel  stm32f4xx_hal_tim.o
    0x08002be6   0x08002be6   0x0000005a   Code   RO         3208    i.HAL_TIM_PWM_Init  stm32f4xx_hal_tim.o
    0x08002c40   0x08002c40   0x00000002   Code   RO         3210    i.HAL_TIM_PWM_MspInit  stm32f4xx_hal_tim.o
    0x08002c42   0x08002c42   0x00000002   Code   RO         3211    i.HAL_TIM_PWM_PulseFinishedCallback  stm32f4xx_hal_tim.o
    0x08002c44   0x08002c44   0x000000c8   Code   RO         3213    i.HAL_TIM_PWM_Start  stm32f4xx_hal_tim.o
    0x08002d0c   0x08002d0c   0x00000014   Code   RO         1067    i.HAL_TIM_PeriodElapsedCallback  main.o
    0x08002d20   0x08002d20   0x00000002   Code   RO         3224    i.HAL_TIM_TriggerCallback  stm32f4xx_hal_tim.o
    0x08002d22   0x08002d22   0x00000002   Code   RO         4115    i.HAL_UARTEx_RxEventCallback  stm32f4xx_hal_uart.o
    0x08002d24   0x08002d24   0x00000070   Code   RO         4127    i.HAL_UART_DMAStop  stm32f4xx_hal_uart.o
    0x08002d94   0x08002d94   0x00000002   Code   RO         4129    i.HAL_UART_ErrorCallback  stm32f4xx_hal_uart.o
    0x08002d96   0x08002d96   0x00000002   PAD
    0x08002d98   0x08002d98   0x00000268   Code   RO         4132    i.HAL_UART_IRQHandler  stm32f4xx_hal_uart.o
    0x08003000   0x08003000   0x00000062   Code   RO         4133    i.HAL_UART_Init     stm32f4xx_hal_uart.o
    0x08003062   0x08003062   0x00000002   PAD
    0x08003064   0x08003064   0x00000268   Code   RO         1490    i.HAL_UART_MspInit  usart.o
    0x080032cc   0x080032cc   0x0000002a   Code   RO         4137    i.HAL_UART_Receive_DMA  stm32f4xx_hal_uart.o
    0x080032f6   0x080032f6   0x0000002a   Code   RO         4138    i.HAL_UART_Receive_IT  stm32f4xx_hal_uart.o
    0x08003320   0x08003320   0x00000060   Code   RO         1491    i.HAL_UART_RxCpltCallback  usart.o
    0x08003380   0x08003380   0x00000002   Code   RO         4140    i.HAL_UART_RxHalfCpltCallback  stm32f4xx_hal_uart.o
    0x08003382   0x08003382   0x00000002   PAD
    0x08003384   0x08003384   0x000000b2   Code   RO         4141    i.HAL_UART_Transmit  stm32f4xx_hal_uart.o
    0x08003436   0x08003436   0x00000002   Code   RO         4144    i.HAL_UART_TxCpltCallback  stm32f4xx_hal_uart.o
    0x08003438   0x08003438   0x00000002   Code   RO         1596    i.HardFault_Handler  stm32f4xx_it.o
    0x0800343a   0x0800343a   0x00000082   Code   RO          383    i.Incremental_PID   pid.o
    0x080034bc   0x080034bc   0x0000003c   Code   RO           13    i.KEY_chassis_max   rc.o
    0x080034f8   0x080034f8   0x0000005a   Code   RO         1039    i.KalmanFilter      kalman.o
    0x08003552   0x08003552   0x00000002   PAD
    0x08003554   0x08003554   0x00000048   Code   RO         1292    i.MX_CAN1_Init      can.o
    0x0800359c   0x0800359c   0x00000048   Code   RO         1293    i.MX_CAN2_Init      can.o
    0x080035e4   0x080035e4   0x0000004c   Code   RO         1402    i.MX_DMA_Init       dma.o
    0x08003630   0x08003630   0x00000080   Code   RO         1205    i.MX_FREERTOS_Init  freertos.o
    0x080036b0   0x080036b0   0x0000005c   Code   RO         1176    i.MX_GPIO_Init      gpio.o
    0x0800370c   0x0800370c   0x000000d0   Code   RO         1432    i.MX_TIM8_Init      tim.o
    0x080037dc   0x080037dc   0x00000038   Code   RO         1492    i.MX_UART5_Init     usart.o
    0x08003814   0x08003814   0x00000038   Code   RO         1493    i.MX_USART1_UART_Init  usart.o
    0x0800384c   0x0800384c   0x00000044   Code   RO         1494    i.MX_USART2_UART_Init  usart.o
    0x08003890   0x08003890   0x00000038   Code   RO         1495    i.MX_USART3_UART_Init  usart.o
    0x080038c8   0x080038c8   0x00000038   Code   RO         1496    i.MX_USART6_UART_Init  usart.o
    0x08003900   0x08003900   0x00000002   Code   RO         1597    i.MemManage_Handler  stm32f4xx_it.o
    0x08003902   0x08003902   0x00000002   Code   RO         1598    i.NMI_Handler       stm32f4xx_it.o
    0x08003904   0x08003904   0x00000164   Code   RO          655    i.Offline_task      task.o
    0x08003a68   0x08003a68   0x0000013c   Code   RO          247    i.OnDataReceived    imu_data_decode.o
    0x08003ba4   0x08003ba4   0x00000016   Code   RO          384    i.PID_init          pid.o
    0x08003bba   0x08003bba   0x00000002   PAD
    0x08003bbc   0x08003bbc   0x000000ec   Code   RO          323    i.Packet_Decode     packet.o
    0x08003ca8   0x08003ca8   0x00000018   Code   RO          324    i.Packet_DecodeInit  packet.o
    0x08003cc0   0x08003cc0   0x0000000a   Code   RO           14    i.RC_abs            rc.o
    0x08003cca   0x08003cca   0x00000002   PAD
    0x08003ccc   0x08003ccc   0x00000024   Code   RO           15    i.RC_data_init      rc.o
    0x08003cf0   0x08003cf0   0x00000068   Code   RO           16    i.RC_data_is_error  rc.o
    0x08003d58   0x08003d58   0x00000028   Code   RO           17    i.RC_restart        rc.o
    0x08003d80   0x08003d80   0x000002d8   Code   RO           18    i.ReadRc_Chassis    rc.o
    0x08004058   0x08004058   0x000001f0   Code   RO           19    i.ReadRc_Gimbal     rc.o
    0x08004248   0x08004248   0x000000d4   Code   RO           20    i.ReadRc_dial       rc.o
    0x0800431c   0x0800431c   0x000000f4   Code   RO           21    i.RemoteDataProcess  rc.o
    0x08004410   0x08004410   0x0000002c   Code   RO         5775    i.SysTick_Handler   port.o
    0x0800443c   0x0800443c   0x00000098   Code   RO         1068    i.SystemClock_Config  main.o
    0x080044d4   0x080044d4   0x00000010   Code   RO         4462    i.SystemInit        system_stm32f4xx.o
    0x080044e4   0x080044e4   0x0000001c   Code   RO         1599    i.TIM8_TRG_COM_TIM14_IRQHandler  stm32f4xx_it.o
    0x08004500   0x08004500   0x000000c8   Code   RO         3226    i.TIM_Base_SetConfig  stm32f4xx_hal_tim.o
    0x080045c8   0x080045c8   0x0000001a   Code   RO         3227    i.TIM_CCxChannelCmd  stm32f4xx_hal_tim.o
    0x080045e2   0x080045e2   0x00000014   Code   RO         3237    i.TIM_ETR_SetConfig  stm32f4xx_hal_tim.o
    0x080045f6   0x080045f6   0x00000010   Code   RO         3238    i.TIM_ITRx_SetConfig  stm32f4xx_hal_tim.o
    0x08004606   0x08004606   0x00000002   PAD
    0x08004608   0x08004608   0x00000060   Code   RO         3239    i.TIM_OC1_SetConfig  stm32f4xx_hal_tim.o
    0x08004668   0x08004668   0x0000006c   Code   RO         3240    i.TIM_OC2_SetConfig  stm32f4xx_hal_tim.o
    0x080046d4   0x080046d4   0x00000068   Code   RO         3241    i.TIM_OC3_SetConfig  stm32f4xx_hal_tim.o
    0x0800473c   0x0800473c   0x00000050   Code   RO         3242    i.TIM_OC4_SetConfig  stm32f4xx_hal_tim.o
    0x0800478c   0x0800478c   0x00000022   Code   RO         3244    i.TIM_TI1_ConfigInputStage  stm32f4xx_hal_tim.o
    0x080047ae   0x080047ae   0x00000024   Code   RO         3246    i.TIM_TI2_ConfigInputStage  stm32f4xx_hal_tim.o
    0x080047d2   0x080047d2   0x00000002   PAD
    0x080047d4   0x080047d4   0x0000000c   Code   RO         1600    i.UART5_IRQHandler  stm32f4xx_it.o
    0x080047e0   0x080047e0   0x00000010   Code   RO         4146    i.UART_DMAAbortOnError  stm32f4xx_hal_uart.o
    0x080047f0   0x080047f0   0x0000004a   Code   RO         4147    i.UART_DMAError     stm32f4xx_hal_uart.o
    0x0800483a   0x0800483a   0x00000082   Code   RO         4148    i.UART_DMAReceiveCplt  stm32f4xx_hal_uart.o
    0x080048bc   0x080048bc   0x0000001a   Code   RO         4150    i.UART_DMARxHalfCplt  stm32f4xx_hal_uart.o
    0x080048d6   0x080048d6   0x0000004e   Code   RO         4156    i.UART_EndRxTransfer  stm32f4xx_hal_uart.o
    0x08004924   0x08004924   0x0000001c   Code   RO         4157    i.UART_EndTxTransfer  stm32f4xx_hal_uart.o
    0x08004940   0x08004940   0x0000006c   Code   RO         1497    i.UART_IDLECallBack  usart.o
    0x080049ac   0x080049ac   0x000000c0   Code   RO         4158    i.UART_Receive_IT   stm32f4xx_hal_uart.o
    0x08004a6c   0x08004a6c   0x0000010c   Code   RO         4159    i.UART_SetConfig    stm32f4xx_hal_uart.o
    0x08004b78   0x08004b78   0x00000094   Code   RO         4160    i.UART_Start_Receive_DMA  stm32f4xx_hal_uart.o
    0x08004c0c   0x08004c0c   0x0000003a   Code   RO         4161    i.UART_Start_Receive_IT  stm32f4xx_hal_uart.o
    0x08004c46   0x08004c46   0x00000078   Code   RO         4162    i.UART_WaitOnFlagUntilTimeout  stm32f4xx_hal_uart.o
    0x08004cbe   0x08004cbe   0x00000002   PAD
    0x08004cc0   0x08004cc0   0x00000024   Code   RO         1601    i.USART1_IRQHandler  stm32f4xx_it.o
    0x08004ce4   0x08004ce4   0x00000018   Code   RO         1602    i.USART2_IRQHandler  stm32f4xx_it.o
    0x08004cfc   0x08004cfc   0x0000000c   Code   RO         1603    i.USART6_IRQHandler  stm32f4xx_it.o
    0x08004d08   0x08004d08   0x00000002   Code   RO         1604    i.UsageFault_Handler  stm32f4xx_it.o
    0x08004d0a   0x08004d0a   0x00000002   PAD
    0x08004d0c   0x08004d0c   0x0000002c   Code   RO         1498    i.Usart_Init_Report  usart.o
    0x08004d38   0x08004d38   0x00000026   Code   RO         5927    i.__ARM_fpclassifyf  m_wm.l(fpclassifyf.o)
    0x08004d5e   0x08004d5e   0x00000020   Code   RO         2756    i.__NVIC_SetPriority  stm32f4xx_hal_cortex.o
    0x08004d7e   0x08004d7e   0x00000002   PAD
    0x08004d80   0x08004d80   0x00000150   Code   RO         5885    i.__hardfp_cosf     m_wm.l(cosf.o)
    0x08004ed0   0x08004ed0   0x00000190   Code   RO         5897    i.__hardfp_sinf     m_wm.l(sinf.o)
    0x08005060   0x08005060   0x00000006   Code   RO         5930    i.__mathlib_flt_infnan  m_wm.l(funder.o)
    0x08005066   0x08005066   0x00000002   PAD
    0x08005068   0x08005068   0x00000010   Code   RO         5932    i.__mathlib_flt_invalid  m_wm.l(funder.o)
    0x08005078   0x08005078   0x00000010   Code   RO         5935    i.__mathlib_flt_underflow  m_wm.l(funder.o)
    0x08005088   0x08005088   0x00000154   Code   RO         5943    i.__mathlib_rredf2  m_wm.l(rredf.o)
    0x080051dc   0x080051dc   0x00000020   Code   RO         1206    i.can_Task          freertos.o
    0x080051fc   0x080051fc   0x00000024   Code   RO         1207    i.chassis_task      freertos.o
    0x08005220   0x08005220   0x0000002e   Code   RO          326    i.crc16_update      packet.o
    0x0800524e   0x0800524e   0x00000002   PAD
    0x08005250   0x08005250   0x00000018   Code   RO          748    i.detect_init       detect_task.o
    0x08005268   0x08005268   0x00000064   Code   RO          385    i.dial_PID          pid.o
    0x080052cc   0x080052cc   0x00000048   Code   RO          386    i.dial_inner_pid_init  pid.o
    0x08005314   0x08005314   0x00000044   Code   RO          387    i.dial_outer_pid_init  pid.o
    0x08005358   0x08005358   0x00000060   Code   RO          388    i.dial_pid_init     pid.o
    0x080053b8   0x080053b8   0x00000078   Code   RO          389    i.friction_PID_init  pid.o
    0x08005430   0x08005430   0x00000010   Code   RO          248    i.get_eular         imu_data_decode.o
    0x08005440   0x08005440   0x0000004a   Code   RO         1294    i.get_gimbal_motor_measuer  can.o
    0x0800548a   0x0800548a   0x00000002   PAD
    0x0800548c   0x0800548c   0x00000034   Code   RO          390    i.get_moto_offset   pid.o
    0x080054c0   0x080054c0   0x0000004a   Code   RO         1295    i.get_motor_measure  can.o
    0x0800550a   0x0800550a   0x00000002   PAD
    0x0800550c   0x0800550c   0x00000014   Code   RO          252    i.get_raw_gyo       imu_data_decode.o
    0x08005520   0x08005520   0x00000090   Code   RO          391    i.get_total_angle   pid.o
    0x080055b0   0x080055b0   0x00000048   Code   RO          392    i.gimbal_pitch_inner_pid_init  pid.o
    0x080055f8   0x080055f8   0x00000040   Code   RO          393    i.gimbal_pitch_outer_pid_init  pid.o
    0x08005638   0x08005638   0x0000000e   Code   RO          394    i.gimbal_pitch_pid_init  pid.o
    0x08005646   0x08005646   0x00000002   PAD
    0x08005648   0x08005648   0x00000048   Code   RO          395    i.gimbal_yaw_inner_pid_init  pid.o
    0x08005690   0x08005690   0x00000040   Code   RO          396    i.gimbal_yaw_outer_pid_init  pid.o
    0x080056d0   0x080056d0   0x0000000e   Code   RO          397    i.gimbal_yaw_pid_init  pid.o
    0x080056de   0x080056de   0x00000002   PAD
    0x080056e0   0x080056e0   0x00000018   Code   RO          254    i.imu_data_decode_init  imu_data_decode.o
    0x080056f8   0x080056f8   0x000001dc   Code   RO          853    i.judge_rcdata      referee.o
    0x080058d4   0x080058d4   0x0000002c   Code   RO         1040    i.kalmanCreate      kalman.o
    0x08005900   0x08005900   0x000000ac   Code   RO          398    i.location_PID      pid.o
    0x080059ac   0x080059ac   0x0000009c   Code   RO         1069    i.main              main.o
    0x08005a48   0x08005a48   0x0000000c   Code   RO         5337    i.makeFreeRtosPriority  cmsis_os.o
    0x08005a54   0x08005a54   0x0000000a   Code   RO         5342    i.osKernelStart     cmsis_os.o
    0x08005a5e   0x08005a5e   0x0000005c   Code   RO         5376    i.osThreadCreate    cmsis_os.o
    0x08005aba   0x08005aba   0x00000002   PAD
    0x08005abc   0x08005abc   0x00000078   Code   RO         4999    i.prvAddCurrentTaskToDelayedList  tasks.o
    0x08005b34   0x08005b34   0x00000088   Code   RO         5000    i.prvAddNewTaskToReadyList  tasks.o
    0x08005bbc   0x08005bbc   0x00000040   Code   RO         5001    i.prvCheckTasksWaitingTermination  tasks.o
    0x08005bfc   0x08005bfc   0x00000040   Code   RO         5002    i.prvDeleteTCB      tasks.o
    0x08005c3c   0x08005c3c   0x00000050   Code   RO         5707    i.prvHeapInit       heap_4.o
    0x08005c8c   0x08005c8c   0x00000028   Code   RO         5003    i.prvIdleTask       tasks.o
    0x08005cb4   0x08005cb4   0x0000007e   Code   RO         5004    i.prvInitialiseNewTask  tasks.o
    0x08005d32   0x08005d32   0x00000002   PAD
    0x08005d34   0x08005d34   0x00000060   Code   RO         5005    i.prvInitialiseTaskLists  tasks.o
    0x08005d94   0x08005d94   0x0000005c   Code   RO         5708    i.prvInsertBlockIntoFreeList  heap_4.o
    0x08005df0   0x08005df0   0x00000024   Code   RO         5006    i.prvResetNextTaskUnblockTime  tasks.o
    0x08005e14   0x08005e14   0x00000030   Code   RO         5776    i.prvTaskExitError  port.o
    0x08005e44   0x08005e44   0x000000e8   Code   RO         5709    i.pvPortMalloc      heap_4.o
    0x08005f2c   0x08005f2c   0x0000002c   Code   RO         5777    i.pxPortInitialiseStack  port.o
    0x08005f58   0x08005f58   0x0000002c   Code   RO          904    i.ref_get_crc16     crc.o
    0x08005f84   0x08005f84   0x0000001c   Code   RO          905    i.ref_get_crc8      crc.o
    0x08005fa0   0x08005fa0   0x0000003c   Code   RO          906    i.ref_verify_crc16  crc.o
    0x08005fdc   0x08005fdc   0x00000026   Code   RO          907    i.ref_verify_crc8   crc.o
    0x08006002   0x08006002   0x00000002   PAD
    0x08006004   0x08006004   0x00000074   Code   RO          711    i.report_SendData   report.o
    0x08006078   0x08006078   0x00000006   Code   RO           22    i.slove_RC_lost     rc.o
    0x0800607e   0x0800607e   0x00000004   Code   RO           23    i.slove_RC_offline  rc.o
    0x08006082   0x08006082   0x00000026   Code   RO         4628    i.uxListRemove      list.o
    0x080060a8   0x080060a8   0x00000014   Code   RO         1208    i.vApplicationGetIdleTaskMemory  freertos.o
    0x080060bc   0x080060bc   0x00000016   Code   RO         4629    i.vListInitialise   list.o
    0x080060d2   0x080060d2   0x00000006   Code   RO         4630    i.vListInitialiseItem  list.o
    0x080060d8   0x080060d8   0x00000036   Code   RO         4631    i.vListInsert       list.o
    0x0800610e   0x0800610e   0x00000018   Code   RO         4632    i.vListInsertEnd    list.o
    0x08006126   0x08006126   0x00000002   PAD
    0x08006128   0x08006128   0x00000040   Code   RO         5779    i.vPortEnterCritical  port.o
    0x08006168   0x08006168   0x0000002c   Code   RO         5780    i.vPortExitCritical  port.o
    0x08006194   0x08006194   0x00000064   Code   RO         5710    i.vPortFree         heap_4.o
    0x080061f8   0x080061f8   0x00000024   Code   RO         5781    i.vPortSetupTimerInterrupt  port.o
    0x0800621c   0x0800621c   0x00000050   Code   RO         5015    i.vTaskDelay        tasks.o
    0x0800626c   0x0800626c   0x0000009c   Code   RO         5016    i.vTaskDelayUntil   tasks.o
    0x08006308   0x08006308   0x00000088   Code   RO         5029    i.vTaskStartScheduler  tasks.o
    0x08006390   0x08006390   0x00000010   Code   RO         5031    i.vTaskSuspendAll   tasks.o
    0x080063a0   0x080063a0   0x00000060   Code   RO         5032    i.vTaskSwitchContext  tasks.o
    0x08006400   0x08006400   0x00000044   Code   RO         1209    i.vofa_Task         freertos.o
    0x08006444   0x08006444   0x00000090   Code   RO          399    i.wheel_pid_init    pid.o
    0x080064d4   0x080064d4   0x00000104   Code   RO         5783    i.xPortStartScheduler  port.o
    0x080065d8   0x080065d8   0x0000006c   Code   RO         5035    i.xTaskCreate       tasks.o
    0x08006644   0x08006644   0x00000060   Code   RO         5036    i.xTaskCreateStatic  tasks.o
    0x080066a4   0x080066a4   0x0000000c   Code   RO         5041    i.xTaskGetTickCount  tasks.o
    0x080066b0   0x080066b0   0x000000d4   Code   RO         5043    i.xTaskIncrementTick  tasks.o
    0x08006784   0x08006784   0x000000cc   Code   RO         5049    i.xTaskResumeAll    tasks.o
    0x08006850   0x08006850   0x00000062   Code   RO         5869    x$fpl$d2f           fz_wm.l(d2f.o)
    0x080068b2   0x080068b2   0x00000002   PAD
    0x080068b4   0x080068b4   0x0000005e   Code   RO         5871    x$fpl$dfix          fz_wm.l(dfix.o)
    0x08006912   0x08006912   0x0000002e   Code   RO         5876    x$fpl$dflt          fz_wm.l(dflt_clz.o)
    0x08006940   0x08006940   0x00000154   Code   RO         5881    x$fpl$dmul          fz_wm.l(dmul.o)
    0x08006a94   0x08006a94   0x0000009c   Code   RO         5918    x$fpl$dnaninf       fz_wm.l(dnaninf.o)
    0x08006b30   0x08006b30   0x0000000c   Code   RO         5920    x$fpl$dretinf       fz_wm.l(dretinf.o)
    0x08006b3c   0x08006b3c   0x0000000a   Code   RO         6053    x$fpl$fpinit        fz_wm.l(fpinit.o)
    0x08006b46   0x08006b46   0x0000000a   Code   RO         5924    x$fpl$fretinf       fz_wm.l(fretinf.o)
    0x08006b50   0x08006b50   0x00000000   Code   RO         5926    x$fpl$usenofp       fz_wm.l(usenofp.o)
    0x08006b50   0x08006b50   0x00000030   Data   RO          752    .constdata          detect_task.o
    0x08006b80   0x08006b80   0x00000300   Data   RO          908    .constdata          crc.o
    0x08006e80   0x08006e80   0x0000008c   Data   RO         1211    .constdata          freertos.o
    0x08006f0c   0x08006f0c   0x00000008   Data   RO         2473    .constdata          stm32f4xx_hal_dma.o
    0x08006f14   0x08006f14   0x00000010   Data   RO         4463    .constdata          system_stm32f4xx.o
    0x08006f24   0x08006f24   0x00000008   Data   RO         4464    .constdata          system_stm32f4xx.o
    0x08006f2c   0x08006f2c   0x00000020   Data   RO         5944    .constdata          m_wm.l(rredf.o)
    0x08006f4c   0x08006f4c   0x00000046   Data   RO         1212    .conststring        freertos.o
    0x08006f92   0x08006f92   0x00000002   PAD
    0x08006f94   0x08006f94   0x00000020   Data   RO         6111    Region$$Table       anon$$obj.o


    Execution Region RW_IRAM1 (Exec base: 0x20000000, Load base: 0x08006fb4, Size: 0x00005d60, Max: 0x0001c000, ABSOLUTE, COMPRESSED[0x00000020])

    Exec Addr    Load Addr    Size         Type   Attr      Idx    E Section Name        Object

    0x20000000   COMPRESSED   0x0000001c   Data   RW           27    .data               rc.o
    0x2000001c   COMPRESSED   0x0000001a   Data   RW          257    .data               imu_data_decode.o
    0x20000036   COMPRESSED   0x00000002   PAD
    0x20000038   COMPRESSED   0x00000014   Data   RW          327    .data               packet.o
    0x2000004c   COMPRESSED   0x00000012   Data   RW          401    .data               pid.o
    0x2000005e   COMPRESSED   0x00000002   PAD
    0x20000060   COMPRESSED   0x00000004   Data   RW          656    .data               task.o
    0x20000064   COMPRESSED   0x00000010   Data   RW          753    .data               detect_task.o
    0x20000074   COMPRESSED   0x00000025   Data   RW          858    .data               referee.o
    0x20000099   COMPRESSED   0x00000001   PAD
    0x2000009a   COMPRESSED   0x00000002   Data   RW          909    .data               crc.o
    0x2000009c   COMPRESSED   0x00000030   Data   RW          991    .data               chassis_mode.o
    0x200000cc   COMPRESSED   0x00000024   Data   RW         1213    .data               freertos.o
    0x200000f0   COMPRESSED   0x00000034   Data   RW         1303    .data               can.o
    0x20000124   COMPRESSED   0x0000000c   Data   RW         1501    .data               usart.o
    0x20000130   COMPRESSED   0x0000000c   Data   RW         2900    .data               stm32f4xx_hal.o
    0x2000013c   COMPRESSED   0x00000004   Data   RW         4465    .data               system_stm32f4xx.o
    0x20000140   COMPRESSED   0x0000003c   Data   RW         5052    .data               tasks.o
    0x2000017c   COMPRESSED   0x00000020   Data   RW         5716    .data               heap_4.o
    0x2000019c   COMPRESSED   0x0000000c   Data   RW         5784    .data               port.o
    0x200001a8        -       0x0000002c   Zero   RW           25    .bss                rc.o
    0x200001d4        -       0x00000024   Zero   RW           26    .bss                rc.o
    0x200001f8        -       0x000000a8   Zero   RW          255    .bss                imu_data_decode.o
    0x200002a0        -       0x0000000c   Zero   RW          400    .bss                pid.o
    0x200002ac        -       0x00000014   Zero   RW          712    .bss                report.o
    0x200002c0        -       0x00000144   Zero   RW          751    .bss                detect_task.o
    0x20000404        -       0x00000058   Zero   RW          854    .bss                referee.o
    0x2000045c        -       0x00000254   Zero   RW         1210    .bss                freertos.o
    0x200006b0        -       0x000004b4   Zero   RW         1296    .bss                can.o
    0x20000b64        -       0x0000002c   Zero   RW         1297    .bss                can.o
    0x20000b90        -       0x0000002c   Zero   RW         1298    .bss                can.o
    0x20000bbc        -       0x0000002c   Zero   RW         1299    .bss                can.o
    0x20000be8        -       0x0000002c   Zero   RW         1300    .bss                can.o
    0x20000c14        -       0x0000002c   Zero   RW         1301    .bss                can.o
    0x20000c40        -       0x0000002c   Zero   RW         1302    .bss                can.o
    0x20000c6c        -       0x00000048   Zero   RW         1435    .bss                tim.o
    0x20000cb4        -       0x00000314   Zero   RW         1499    .bss                usart.o
    0x20000fc8        -       0x00000048   Zero   RW         1729    .bss                stm32f4xx_hal_timebase_tim.o
    0x20001010        -       0x000000f0   Zero   RW         5051    .bss                tasks.o
    0x20001100        -       0x00003c00   Zero   RW         5715    .bss                heap_4.o
    0x20004d00        -       0x00000060   Zero   RW         5969    .bss                c_w.l(libspace.o)
    0x20004d60        -       0x00000800   Zero   RW            2    HEAP                startup_stm32f405xx.o
    0x20005560        -       0x00000800   Zero   RW            1    STACK               startup_stm32f405xx.o


    Execution Region RW_IRAM2 (Exec base: 0x2001c000, Load base: 0x08006fd4, Size: 0x00000000, Max: 0x00004000, ABSOLUTE)

    **** No section assigned to this execution region ****


==============================================================================

Image component sizes


      Code (inc. data)   RO Data    RW Data    ZI Data      Debug   Object Name

      1304         88          0         52       1468      12304   can.o
       716        122          0         48          0       2651   chassis_mode.o
       114          0          0          0          0      24733   cmsis_os.o
       170         12        768          2          0       3470   crc.o
         0          0          0          0          0       7372   croutine.o
       484         40         48         16        324       4237   detect_task.o
        76          4          0          0          0        826   dma.o
         0          0          0          0          0      17840   event_groups.o
       348         40        210         36        596       5614   freertos.o
        92          6          0          0          0        911   gpio.o
       504         32          0         32      15360       7507   heap_4.o
       376         30          0         26        168       4534   imu_data_decode.o
       134          6          0          0          0       3366   kalman.o
       144          0          0          0          0       3530   list.o
       332         48          0          0          0      32638   main.o
       306         18          0         20          0       2832   packet.o
      2350        372          0         18         12     664994   pid.o
       730         82          0         12          0      11000   port.o
      1940        180          0         28         80     641953   rc.o
       476         10          0         37         88       4439   referee.o
       116          8          0          0         20       1338   report.o
        64         26        392          0       4096        848   startup_stm32f405xx.o
        80         14          0         12          0       8098   stm32f4xx_hal.o
      1658          6          0          0          0      14323   stm32f4xx_hal_can.o
       158         14          0          0          0      33166   stm32f4xx_hal_cortex.o
      1084         16          8          0          0       7374   stm32f4xx_hal_dma.o
       496         46          0          0          0       1540   stm32f4xx_hal_gpio.o
        56          4          0          0          0        874   stm32f4xx_hal_msp.o
      1412         86          0          0          0       5917   stm32f4xx_hal_rcc.o
      2020        136          0          0          0      16974   stm32f4xx_hal_tim.o
       232         28          0          0          0       3289   stm32f4xx_hal_tim_ex.o
       116         16          0          0         72       1432   stm32f4xx_hal_timebase_tim.o
      2234         30          0          0          0      16985   stm32f4xx_hal_uart.o
       172         56          0          0          0       7789   stm32f4xx_it.o
        16          4         24          4          0       1139   system_stm32f4xx.o
       388         56          0          4          0       2136   task.o
      1798        158          0         60        240      22227   tasks.o
       352         32          0          0         72       2488   tim.o
         0          0          0          0          0       2480   timers.o
      1156        152          0         12        788       7119   usart.o

    ----------------------------------------------------------------------
     24260       1978       1484        424      23384    1614287   Object Totals
         0          0         32          0          0          0   (incl. Generated)
        56          0          2          5          0          0   (incl. Padding)

    ----------------------------------------------------------------------

      Code (inc. data)   RO Data    RW Data    ZI Data      Debug   Library Member Name

        58          0          0          0          0          0   __dczerorl.o
         8          0          0          0          0         68   __main.o
         0          0          0          0          0          0   __rtentry.o
        12          0          0          0          0          0   __rtentry2.o
         6          0          0          0          0          0   __rtentry4.o
        52          8          0          0          0          0   __scatter.o
        28          0          0          0          0          0   __scatter_zi.o
        22          0          0          0          0        100   _rserrno.o
        18          0          0          0          0         80   exit.o
         6          0          0          0          0        152   heapauxi.o
         0          0          0          0          0          0   indicate_semi.o
         2          0          0          0          0          0   libinit.o
         6          0          0          0          0          0   libinit2.o
         2          0          0          0          0          0   libshutdown.o
         2          0          0          0          0          0   libshutdown2.o
         8          4          0          0         96         68   libspace.o
       238          0          0          0          0        100   lludivv7m.o
         8          4          0          0          0         68   rt_errno_addr_intlibspace.o
        78          0          0          0          0         80   rt_memclr_w.o
       138          0          0          0          0         68   rt_memcpy_v6.o
       100          0          0          0          0         80   rt_memcpy_w.o
         2          0          0          0          0          0   rtexit.o
        10          0          0          0          0          0   rtexit2.o
        12          4          0          0          0         68   sys_exit.o
        74          0          0          0          0         80   sys_stackheap_outer.o
         2          0          0          0          0         68   use_no_semi.o
        98          4          0          0          0        140   d2f.o
        94          4          0          0          0        140   dfix.o
        46          0          0          0          0        116   dflt_clz.o
       340         12          0          0          0        152   dmul.o
       156          4          0          0          0        140   dnaninf.o
        12          0          0          0          0        116   dretinf.o
        10          0          0          0          0        116   fpinit.o
        10          0          0          0          0        116   fretinf.o
         0          0          0          0          0          0   usenofp.o
       336         56          0          0          0        136   cosf.o
        38          0          0          0          0        116   fpclassifyf.o
        38         12          0          0          0        348   funder.o
       340         24         32          0          0        160   rredf.o
       400         56          0          0          0        212   sinf.o

    ----------------------------------------------------------------------
      2820        192         32          0         96       3088   Library Totals
        10          0          0          0          0          0   (incl. Padding)

    ----------------------------------------------------------------------

      Code (inc. data)   RO Data    RW Data    ZI Data      Debug   Library Name

       892         20          0          0         96       1080   c_w.l
       766         24          0          0          0       1036   fz_wm.l
      1152        148         32          0          0        972   m_wm.l

    ----------------------------------------------------------------------
      2820        192         32          0         96       3088   Library Totals

    ----------------------------------------------------------------------

==============================================================================


      Code (inc. data)   RO Data    RW Data    ZI Data      Debug   

     27080       2170       1516        424      23480    1594307   Grand Totals
     27080       2170       1516         32      23480    1594307   ELF Image Totals (compressed)
     27080       2170       1516         32          0          0   ROM Totals

==============================================================================

    Total RO  Size (Code + RO Data)                28596 (  27.93kB)
    Total RW  Size (RW Data + ZI Data)             23904 (  23.34kB)
    Total ROM Size (Code + RO Data + RW Data)      28628 (  27.96kB)

==============================================================================

