Component: ARM Compiler 5.06 update 7 (build 960) Tool: armlink [4d3601]

==============================================================================

Section Cross References

    startup_stm32f405xx.o(STACK) refers (Special) to heapauxi.o(.text) for __use_two_region_memory
    startup_stm32f405xx.o(HEAP) refers (Special) to heapauxi.o(.text) for __use_two_region_memory
    startup_stm32f405xx.o(RESET) refers (Special) to heapauxi.o(.text) for __use_two_region_memory
    startup_stm32f405xx.o(RESET) refers to startup_stm32f405xx.o(STACK) for __initial_sp
    startup_stm32f405xx.o(RESET) refers to startup_stm32f405xx.o(.text) for Reset_Handler
    startup_stm32f405xx.o(RESET) refers to stm32f4xx_it.o(i.NMI_Handler) for NMI_Handler
    startup_stm32f405xx.o(RESET) refers to stm32f4xx_it.o(i.HardFault_Handler) for HardFault_Handler
    startup_stm32f405xx.o(RESET) refers to stm32f4xx_it.o(i.MemManage_Handler) for MemManage_Handler
    startup_stm32f405xx.o(RESET) refers to stm32f4xx_it.o(i.BusFault_Handler) for BusFault_Handler
    startup_stm32f405xx.o(RESET) refers to stm32f4xx_it.o(i.UsageFault_Handler) for UsageFault_Handler
    startup_stm32f405xx.o(RESET) refers to port.o(.emb_text) for SVC_Handler
    startup_stm32f405xx.o(RESET) refers to stm32f4xx_it.o(i.DebugMon_Handler) for DebugMon_Handler
    startup_stm32f405xx.o(RESET) refers to port.o(i.SysTick_Handler) for SysTick_Handler
    startup_stm32f405xx.o(RESET) refers to stm32f4xx_it.o(i.DMA1_Stream0_IRQHandler) for DMA1_Stream0_IRQHandler
    startup_stm32f405xx.o(RESET) refers to stm32f4xx_it.o(i.DMA1_Stream2_IRQHandler) for DMA1_Stream2_IRQHandler
    startup_stm32f405xx.o(RESET) refers to stm32f4xx_it.o(i.DMA1_Stream5_IRQHandler) for DMA1_Stream5_IRQHandler
    startup_stm32f405xx.o(RESET) refers to stm32f4xx_it.o(i.CAN1_RX0_IRQHandler) for CAN1_RX0_IRQHandler
    startup_stm32f405xx.o(RESET) refers to stm32f4xx_it.o(i.USART1_IRQHandler) for USART1_IRQHandler
    startup_stm32f405xx.o(RESET) refers to stm32f4xx_it.o(i.USART2_IRQHandler) for USART2_IRQHandler
    startup_stm32f405xx.o(RESET) refers to stm32f4xx_it.o(i.TIM8_TRG_COM_TIM14_IRQHandler) for TIM8_TRG_COM_TIM14_IRQHandler
    startup_stm32f405xx.o(RESET) refers to stm32f4xx_it.o(i.DMA1_Stream7_IRQHandler) for DMA1_Stream7_IRQHandler
    startup_stm32f405xx.o(RESET) refers to stm32f4xx_it.o(i.UART4_IRQHandler) for UART4_IRQHandler
    startup_stm32f405xx.o(RESET) refers to stm32f4xx_it.o(i.UART5_IRQHandler) for UART5_IRQHandler
    startup_stm32f405xx.o(RESET) refers to stm32f4xx_it.o(i.DMA2_Stream1_IRQHandler) for DMA2_Stream1_IRQHandler
    startup_stm32f405xx.o(RESET) refers to stm32f4xx_it.o(i.DMA2_Stream2_IRQHandler) for DMA2_Stream2_IRQHandler
    startup_stm32f405xx.o(RESET) refers to stm32f4xx_it.o(i.CAN2_RX0_IRQHandler) for CAN2_RX0_IRQHandler
    startup_stm32f405xx.o(RESET) refers to stm32f4xx_it.o(i.DMA2_Stream6_IRQHandler) for DMA2_Stream6_IRQHandler
    startup_stm32f405xx.o(RESET) refers to stm32f4xx_it.o(i.USART6_IRQHandler) for USART6_IRQHandler
    startup_stm32f405xx.o(.text) refers (Special) to heapauxi.o(.text) for __use_two_region_memory
    startup_stm32f405xx.o(.text) refers to system_stm32f4xx.o(i.SystemInit) for SystemInit
    startup_stm32f405xx.o(.text) refers to __main.o(!!!main) for __main
    startup_stm32f405xx.o(.text) refers to startup_stm32f405xx.o(HEAP) for Heap_Mem
    startup_stm32f405xx.o(.text) refers to startup_stm32f405xx.o(STACK) for Stack_Mem
    laser_operation.o(i.Angel_approx) refers to arm_sin_f32.o(.text.arm_sin_f32) for arm_sin_f32
    laser_operation.o(i.Angel_approx) refers to arm_cos_f32.o(.text.arm_cos_f32) for arm_cos_f32
    laser_operation.o(i.Angel_approx) refers to arm_mult_f32.o(.text.arm_mult_f32) for arm_mult_f32
    laser_operation.o(i.Angel_approx) refers to arm_add_f32.o(.text.arm_add_f32) for arm_add_f32
    laser_operation.o(i.Angel_approx) refers to arm_mean_f32.o(.text.arm_mean_f32) for arm_mean_f32
    laser_operation.o(i.Angel_approx) refers to arm_sub_f32.o(.text.arm_sub_f32) for arm_sub_f32
    laser_operation.o(i.Angel_approx) refers to logf.o(i.__hardfp_logf) for __hardfp_logf
    laser_operation.o(i.Angel_approx) refers to arm_abs_f32.o(.text.arm_abs_f32) for arm_abs_f32
    laser_operation.o(i.Angel_approx) refers to laser_operation.o(.constdata) for .constdata
    laser_operation.o(i.Angel_approx) refers to laser_operation.o(.data) for .data
    ranging.o(i.f_clear_L1Mod_Usart) refers to rt_memclr_w.o(.text) for __aeabi_memclr4
    ranging.o(i.f_clear_L1Mod_Usart) refers to ranging.o(.bss) for .bss
    ranging.o(i.f_conti_cmd) refers to stm32f4xx_hal_uart.o(i.HAL_UART_Transmit) for HAL_UART_Transmit
    ranging.o(i.f_conti_cmd) refers to usart.o(.bss) for huart6
    ranging.o(i.f_conti_cmd) refers to ranging.o(.bss) for .bss
    ranging.o(i.f_fastConti_Cmd) refers to stm32f4xx_hal_uart.o(i.HAL_UART_Transmit) for HAL_UART_Transmit
    ranging.o(i.f_fastConti_Cmd) refers to usart.o(.bss) for huart6
[...]
    RC_CtrlData                              0x200004d0   Data          20  shoot.o(.bss)
    dial_data                                0x200004e4   Data          28  shoot.o(.bss)
    .bss                                     0x20000500   Section      596  freertos.o(.bss)
    xIdleTaskTCBBuffer                       0x20000500   Data          84  freertos.o(.bss)
    xIdleStack                               0x20000554   Data         512  freertos.o(.bss)
    .bss                                     0x20000754   Section       80  can.o(.bss)
    .bss                                     0x200007a4   Section     1244  usart.o(.bss)
    .bss                                     0x20000c80   Section       72  stm32f4xx_hal_timebase_tim.o(.bss)
    .bss                                     0x20000cc8   Section      240  tasks.o(.bss)
    pxReadyTasksLists                        0x20000cc8   Data         140  tasks.o(.bss)
    xDelayedTaskList1                        0x20000d54   Data          20  tasks.o(.bss)
    xDelayedTaskList2                        0x20000d68   Data          20  tasks.o(.bss)
    xPendingReadyList                        0x20000d7c   Data          20  tasks.o(.bss)
    xTasksWaitingTermination                 0x20000d90   Data          20  tasks.o(.bss)
    xSuspendedTaskList                       0x20000da4   Data          20  tasks.o(.bss)
    .bss                                     0x20000db8   Section    15360  heap_4.o(.bss)
    ucHeap                                   0x20000db8   Data       15360  heap_4.o(.bss)
    .bss                                     0x200049b8   Section       96  libspace.o(.bss)
    HEAP                                     0x20004a18   Section     2048  startup_stm32f405xx.o(HEAP)
    Heap_Mem                                 0x20004a18   Data        2048  startup_stm32f405xx.o(HEAP)
    STACK                                    0x20005218   Section     2048  startup_stm32f405xx.o(STACK)
    Stack_Mem                                0x20005218   Data        2048  startup_stm32f405xx.o(STACK)
    __initial_sp                             0x20005a18   Data           0  startup_stm32f405xx.o(STACK)

    Global Symbols

    Symbol Name                              Value     Ov Type        Size  Object(Section)

    BuildAttributes$$THM_ISAv4$E$P$D$K$B$S$7EM$VFPi3$EXTD16$VFPS$VFMA$PE$A:L22UL41UL21$X:L11$S22US41US21$IEEE1$IW$USESV6$~STKCKD$USESV7$~SHL$OTIME$ROPI$IEEEX$EBA8$UX$STANDARDLIB$REQ8$PRES8$EABIv2 0x00000000   Number         0  anon$$obj.o ABSOLUTE
    __ARM_use_no_argv                        0x00000000   Number         0  main.o ABSOLUTE
    __ARM_exceptions_init                     - Undefined Weak Reference
    __alloca_initialize                       - Undefined Weak Reference
    __arm_fini_                               - Undefined Weak Reference
    __arm_preinit_                            - Undefined Weak Reference
    __cpp_initialize__aeabi_                  - Undefined Weak Reference
    __cxa_finalize                            - Undefined Weak Reference
    __rt_locale                               - Undefined Weak Reference
    __sigvec_lookup                           - Undefined Weak Reference
    _atexit_init                              - Undefined Weak Reference
    _call_atexit_fns                          - Undefined Weak Reference
    _clock_init                               - Undefined Weak Reference
    _fp_trap_init                             - Undefined Weak Reference
    _fp_trap_shutdown                         - Undefined Weak Reference
    _get_lc_collate                           - Undefined Weak Reference
    _get_lc_ctype                             - Undefined Weak Reference
    _get_lc_monetary                          - Undefined Weak Reference
    _get_lc_numeric                           - Undefined Weak Reference
    _get_lc_time                              - Undefined Weak Reference
    _getenv_init                              - Undefined Weak Reference
    _handle_redirection                       - Undefined Weak Reference
    _init_alloc                               - Undefined Weak Reference
    _init_user_alloc                          - Undefined Weak Reference
    _initio                                   - Undefined Weak Reference
    _rand_init                                - Undefined Weak Reference
    _signal_finish                            - Undefined Weak Reference
    _signal_init                              - Undefined Weak Reference
    _terminate_alloc                          - Undefined Weak Reference
    _terminate_user_alloc                     - Undefined Weak Reference
    _terminateio                              - Undefined Weak Reference
    __Vectors_Size                           0x00000188   Number         0  startup_stm32f405xx.o ABSOLUTE
    __Vectors                                0x08000000   Data           4  startup_stm32f405xx.o(RESET)
    __Vectors_End                            0x08000188   Data           0  startup_stm32f405xx.o(RESET)
    __main                                   0x08000189   Thumb Code     8  __main.o(!!!main)
    __scatterload                            0x08000191   Thumb Code     0  __scatter.o(!!!scatter)
    __scatterload_rt2                        0x08000191   Thumb Code    44  __scatter.o(!!!scatter)
    __scatterload_rt2_thumb_only             0x08000191   Thumb Code     0  __scatter.o(!!!scatter)
    __scatterload_null                       0x0800019f   Thumb Code     0  __scatter.o(!!!scatter)
    __decompress                             0x080001c5   Thumb Code    90  __dczerorl2.o(!!dczerorl2)
    __decompress1                            0x080001c5   Thumb Code     0  __dczerorl2.o(!!dczerorl2)
    __scatterload_zeroinit                   0x08000221   Thumb Code    28  __scatter_zi.o(!!handler_zi)
    __rt_lib_init                            0x0800023d   Thumb Code     0  libinit.o(.ARM.Collect$$libinit$$00000000)
    __rt_lib_init_fp_1                       0x0800023f   Thumb Code     0  libinit2.o(.ARM.Collect$$libinit$$00000001)
    __rt_lib_init_alloca_1                   0x08000243   Thumb Code     0  libinit2.o(.ARM.Collect$$libinit$$0000002E)
    __rt_lib_init_argv_1                     0x08000243   Thumb Code     0  libinit2.o(.ARM.Collect$$libinit$$0000002C)
    __rt_lib_init_atexit_1                   0x08000243   Thumb Code     0  libinit2.o(.ARM.Collect$$libinit$$0000001B)
    __rt_lib_init_clock_1                    0x08000243   Thumb Code     0  libinit2.o(.ARM.Collect$$libinit$$00000021)
    __rt_lib_init_cpp_1                      0x08000243   Thumb Code     0  libinit2.o(.ARM.Collect$$libinit$$00000032)
    __rt_lib_init_exceptions_1               0x08000243   Thumb Code     0  libinit2.o(.ARM.Collect$$libinit$$00000030)
    __rt_lib_init_fp_trap_1                  0x08000243   Thumb Code     0  libinit2.o(.ARM.Collect$$libinit$$0000001F)
    __rt_lib_init_getenv_1                   0x08000243   Thumb Code     0  libinit2.o(.ARM.Collect$$libinit$$00000023)
    __rt_lib_init_heap_1                     0x08000243   Thumb Code     0  libinit2.o(.ARM.Collect$$libinit$$0000000A)
    __rt_lib_init_lc_collate_1               0x08000243   Thumb Code     0  libinit2.o(.ARM.Collect$$libinit$$00000011)
    __rt_lib_init_lc_ctype_1                 0x08000243   Thumb Code     0  libinit2.o(.ARM.Collect$$libinit$$00000013)
    __rt_lib_init_lc_monetary_1              0x08000243   Thumb Code     0  libinit2.o(.ARM.Collect$$libinit$$00000015)
    __rt_lib_init_lc_numeric_1               0x08000243   Thumb Code     0  libinit2.o(.ARM.Collect$$libinit$$00000017)
    __rt_lib_init_lc_time_1                  0x08000243   Thumb Code     0  libinit2.o(.ARM.Collect$$libinit$$00000019)
    __rt_lib_init_preinit_1                  0x08000243   Thumb Code     0  libinit2.o(.ARM.Collect$$libinit$$00000004)
    __rt_lib_init_rand_1                     0x08000243   Thumb Code     0  libinit2.o(.ARM.Collect$$libinit$$0000000E)
    __rt_lib_init_return                     0x08000243   Thumb Code     0  libinit2.o(.ARM.Collect$$libinit$$00000033)
    __rt_lib_init_signal_1                   0x08000243   Thumb Code     0  libinit2.o(.ARM.Collect$$libinit$$0000001D)
    __rt_lib_init_stdio_1                    0x08000243   Thumb Code     0  libinit2.o(.ARM.Collect$$libinit$$00000025)
    __rt_lib_init_user_alloc_1               0x08000243   Thumb Code     0  libinit2.o(.ARM.Collect$$libinit$$0000000C)
    __rt_lib_shutdown                        0x08000245   Thumb Code     0  libshutdown.o(.ARM.Collect$$libshutdown$$00000000)
    __rt_lib_shutdown_cpp_1                  0x08000247   Thumb Code     0  libshutdown2.o(.ARM.Collect$$libshutdown$$00000004)
    __rt_lib_shutdown_fini_1                 0x08000247   Thumb Code     0  libshutdown2.o(.ARM.Collect$$libshutdown$$00000002)
    __rt_lib_shutdown_fp_trap_1              0x08000247   Thumb Code     0  libshutdown2.o(.ARM.Collect$$libshutdown$$00000009)
    __rt_lib_shutdown_heap_1                 0x08000247   Thumb Code     0  libshutdown2.o(.ARM.Collect$$libshutdown$$00000011)
    __rt_lib_shutdown_return                 0x08000247   Thumb Code     0  libshutdown2.o(.ARM.Collect$$libshutdown$$00000012)
    __rt_lib_shutdown_signal_1               0x08000247   Thumb Code     0  libshutdown2.o(.ARM.Collect$$libshutdown$$0000000C)
    __rt_lib_shutdown_stdio_1                0x08000247   Thumb Code     0  libshutdown2.o(.ARM.Collect$$libshutdown$$00000006)
    __rt_lib_shutdown_user_alloc_1           0x08000247   Thumb Code     0  libshutdown2.o(.ARM.Collect$$libshutdown$$0000000E)
    __rt_entry                               0x08000249   Thumb Code     0  __rtentry.o(.ARM.Collect$$rtentry$$00000000)
    __rt_entry_presh_1                       0x08000249   Thumb Code     0  __rtentry2.o(.ARM.Collect$$rtentry$$00000002)
    __rt_entry_sh                            0x08000249   Thumb Code     0  __rtentry4.o(.ARM.Collect$$rtentry$$00000004)
    __rt_entry_li                            0x0800024f   Thumb Code     0  __rtentry2.o(.ARM.Collect$$rtentry$$0000000A)
    __rt_entry_postsh_1                      0x0800024f   Thumb Code     0  __rtentry2.o(.ARM.Collect$$rtentry$$00000009)
    __rt_entry_main                          0x08000253   Thumb Code     0  __rtentry2.o(.ARM.Collect$$rtentry$$0000000D)
    __rt_entry_postli_1                      0x08000253   Thumb Code     0  __rtentry2.o(.ARM.Collect$$rtentry$$0000000C)
    __rt_exit                                0x0800025b   Thumb Code     0  rtexit.o(.ARM.Collect$$rtexit$$00000000)
    __rt_exit_ls                             0x0800025d   Thumb Code     0  rtexit2.o(.ARM.Collect$$rtexit$$00000003)
    __rt_exit_prels_1                        0x0800025d   Thumb Code     0  rtexit2.o(.ARM.Collect$$rtexit$$00000002)
    __rt_exit_exit                           0x08000261   Thumb Code     0  rtexit2.o(.ARM.Collect$$rtexit$$00000004)
    SVC_Handler                              0x08000269   Thumb Code    28  port.o(.emb_text)
    __asm___6_port_c_39a90d8d__prvStartFirstTask 0x08000289   Thumb Code    36  port.o(.emb_text)
    __asm___6_port_c_39a90d8d__prvEnableVFP  0x080002b1   Thumb Code    16  port.o(.emb_text)
    PendSV_Handler                           0x080002c5   Thumb Code    88  port.o(.emb_text)
    vPortGetIPSR                             0x08000321   Thumb Code     6  port.o(.emb_text)
    Reset_Handler                            0x08000329   Thumb Code     8  startup_stm32f405xx.o(.text)
    ADC_IRQHandler                           0x08000343   Thumb Code     0  startup_stm32f405xx.o(.text)
    CAN1_RX1_IRQHandler                      0x08000343   Thumb Code     0  startup_stm32f405xx.o(.text)
    CAN1_SCE_IRQHandler                      0x08000343   Thumb Code     0  startup_stm32f405xx.o(.text)
    CAN1_TX_IRQHandler                       0x08000343   Thumb Code     0  startup_stm32f405xx.o(.text)
    CAN2_RX1_IRQHandler                      0x08000343   Thumb Code     0  startup_stm32f405xx.o(.text)
    CAN2_SCE_IRQHandler                      0x08000343   Thumb Code     0  startup_stm32f405xx.o(.text)
    CAN2_TX_IRQHandler                       0x08000343   Thumb Code     0  startup_stm32f405xx.o(.text)
    DMA1_Stream1_IRQHandler                  0x08000343   Thumb Code     0  startup_stm32f405xx.o(.text)
    DMA1_Stream3_IRQHandler                  0x08000343   Thumb Code     0  startup_stm32f405xx.o(.text)
    DMA1_Stream4_IRQHandler                  0x08000343   Thumb Code     0  startup_stm32f405xx.o(.text)
    DMA1_Stream6_IRQHandler                  0x08000343   Thumb Code     0  startup_stm32f405xx.o(.text)
    DMA2_Stream0_IRQHandler                  0x08000343   Thumb Code     0  startup_stm32f405xx.o(.text)
    DMA2_Stream3_IRQHandler                  0x08000343   Thumb Code     0  startup_stm32f405xx.o(.text)
    DMA2_Stream4_IRQHandler                  0x08000343   Thumb Code     0  startup_stm32f405xx.o(.text)
    DMA2_Stream5_IRQHandler                  0x08000343   Thumb Code     0  startup_stm32f405xx.o(.text)
    DMA2_Stream7_IRQHandler                  0x08000343   Thumb Code     0  startup_stm32f405xx.o(.text)
    EXTI0_IRQHandler                         0x08000343   Thumb Code     0  startup_stm32f405xx.o(.text)
    EXTI15_10_IRQHandler                     0x08000343   Thumb Code     0  startup_stm32f405xx.o(.text)
    EXTI1_IRQHandler                         0x08000343   Thumb Code     0  startup_stm32f405xx.o(.text)
    EXTI2_IRQHandler                         0x08000343   Thumb Code     0  startup_stm32f405xx.o(.text)
    EXTI3_IRQHandler                         0x08000343   Thumb Code     0  startup_stm32f405xx.o(.text)
    EXTI4_IRQHandler                         0x08000343   Thumb Code     0  startup_stm32f405xx.o(.text)
    EXTI9_5_IRQHandler                       0x08000343   Thumb Code     0  startup_stm32f405xx.o(.text)
    FLASH_IRQHandler                         0x08000343   Thumb Code     0  startup_stm32f405xx.o(.text)
    FMC_IRQHandler                           0x08000343   Thumb Code     0  startup_stm32f405xx.o(.text)
    FPU_IRQHandler                           0x08000343   Thumb Code     0  startup_stm32f405xx.o(.text)
    HASH_RNG_IRQHandler                      0x08000343   Thumb Code     0  startup_stm32f405xx.o(.text)
    I2C1_ER_IRQHandler                       0x08000343   Thumb Code     0  startup_stm32f405xx.o(.text)
    I2C1_EV_IRQHandler                       0x08000343   Thumb Code     0  startup_stm32f405xx.o(.text)
    I2C2_ER_IRQHandler                       0x08000343   Thumb Code     0  startup_stm32f405xx.o(.text)
    I2C2_EV_IRQHandler                       0x08000343   Thumb Code     0  startup_stm32f405xx.o(.text)
    I2C3_ER_IRQHandler                       0x08000343   Thumb Code     0  startup_stm32f405xx.o(.text)
    I2C3_EV_IRQHandler                       0x08000343   Thumb Code     0  startup_stm32f405xx.o(.text)
    OTG_FS_IRQHandler                        0x08000343   Thumb Code     0  startup_stm32f405xx.o(.text)
    OTG_FS_WKUP_IRQHandler                   0x08000343   Thumb Code     0  startup_stm32f405xx.o(.text)
    OTG_HS_EP1_IN_IRQHandler                 0x08000343   Thumb Code     0  startup_stm32f405xx.o(.text)
    OTG_HS_EP1_OUT_IRQHandler                0x08000343   Thumb Code     0  startup_stm32f405xx.o(.text)
    OTG_HS_IRQHandler                        0x08000343   Thumb Code     0  startup_stm32f405xx.o(.text)
    OTG_HS_WKUP_IRQHandler                   0x08000343   Thumb Code     0  startup_stm32f405xx.o(.text)
    PVD_IRQHandler                           0x08000343   Thumb Code     0  startup_stm32f405xx.o(.text)
    RCC_IRQHandler                           0x08000343   Thumb Code     0  startup_stm32f405xx.o(.text)
    RTC_Alarm_IRQHandler                     0x08000343   Thumb Code     0  startup_stm32f405xx.o(.text)
    RTC_WKUP_IRQHandler                      0x08000343   Thumb Code     0  startup_stm32f405xx.o(.text)
    SDIO_IRQHandler                          0x08000343   Thumb Code     0  startup_stm32f405xx.o(.text)
    SPI1_IRQHandler                          0x08000343   Thumb Code     0  startup_stm32f405xx.o(.text)
    SPI2_IRQHandler                          0x08000343   Thumb Code     0  startup_stm32f405xx.o(.text)
    SPI3_IRQHandler                          0x08000343   Thumb Code     0  startup_stm32f405xx.o(.text)
    TAMP_STAMP_IRQHandler                    0x08000343   Thumb Code     0  startup_stm32f405xx.o(.text)
    TIM1_BRK_TIM9_IRQHandler                 0x08000343   Thumb Code     0  startup_stm32f405xx.o(.text)
    TIM1_CC_IRQHandler                       0x08000343   Thumb Code     0  startup_stm32f405xx.o(.text)
    TIM1_TRG_COM_TIM11_IRQHandler            0x08000343   Thumb Code     0  startup_stm32f405xx.o(.text)
    TIM1_UP_TIM10_IRQHandler                 0x08000343   Thumb Code     0  startup_stm32f405xx.o(.text)
    TIM2_IRQHandler                          0x08000343   Thumb Code     0  startup_stm32f405xx.o(.text)
    TIM3_IRQHandler                          0x08000343   Thumb Code     0  startup_stm32f405xx.o(.text)
    TIM4_IRQHandler                          0x08000343   Thumb Code     0  startup_stm32f405xx.o(.text)
    TIM5_IRQHandler                          0x08000343   Thumb Code     0  startup_stm32f405xx.o(.text)
    TIM6_DAC_IRQHandler                      0x08000343   Thumb Code     0  startup_stm32f405xx.o(.text)
    TIM7_IRQHandler                          0x08000343   Thumb Code     0  startup_stm32f405xx.o(.text)
    TIM8_BRK_TIM12_IRQHandler                0x08000343   Thumb Code     0  startup_stm32f405xx.o(.text)
    TIM8_CC_IRQHandler                       0x08000343   Thumb Code     0  startup_stm32f405xx.o(.text)
    TIM8_UP_TIM13_IRQHandler                 0x08000343   Thumb Code     0  startup_stm32f405xx.o(.text)
    USART3_IRQHandler                        0x08000343   Thumb Code     0  startup_stm32f405xx.o(.text)
    WWDG_IRQHandler                          0x08000343   Thumb Code     0  startup_stm32f405xx.o(.text)
    __user_initial_stackheap                 0x08000345   Thumb Code     0  startup_stm32f405xx.o(.text)
    __aeabi_uldivmod                         0x08000369   Thumb Code     0  lludivv7m.o(.text)
    _ll_udiv                                 0x08000369   Thumb Code   238  lludivv7m.o(.text)
    __aeabi_memcpy                           0x08000457   Thumb Code     0  rt_memcpy_v6.o(.text)
    __rt_memcpy                              0x08000457   Thumb Code   138  rt_memcpy_v6.o(.text)
    _memcpy_lastbytes                        0x080004bd   Thumb Code     0  rt_memcpy_v6.o(.text)
    __aeabi_memcpy4                          0x080004e1   Thumb Code     0  rt_memcpy_w.o(.text)
    __aeabi_memcpy8                          0x080004e1   Thumb Code     0  rt_memcpy_w.o(.text)
    __rt_memcpy_w                            0x080004e1   Thumb Code   100  rt_memcpy_w.o(.text)
    _memcpy_lastbytes_aligned                0x08000529   Thumb Code     0  rt_memcpy_w.o(.text)
    __aeabi_memclr                           0x08000545   Thumb Code     0  rt_memclr.o(.text)
    __rt_memclr                              0x08000545   Thumb Code    68  rt_memclr.o(.text)
    _memset                                  0x08000549   Thumb Code     0  rt_memclr.o(.text)
    __aeabi_memclr4                          0x08000589   Thumb Code     0  rt_memclr_w.o(.text)
    __aeabi_memclr8                          0x08000589   Thumb Code     0  rt_memclr_w.o(.text)
    __rt_memclr_w                            0x08000589   Thumb Code    78  rt_memclr_w.o(.text)
    _memset_w                                0x0800058d   Thumb Code     0  rt_memclr_w.o(.text)
    __use_two_region_memory                  0x080005d7   Thumb Code     2  heapauxi.o(.text)
    __rt_heap_escrow$2region                 0x080005d9   Thumb Code     2  heapauxi.o(.text)
    __rt_heap_expand$2region                 0x080005db   Thumb Code     2  heapauxi.o(.text)
    __user_libspace                          0x080005dd   Thumb Code     8  libspace.o(.text)
    __user_perproc_libspace                  0x080005dd   Thumb Code     0  libspace.o(.text)
    __user_perthread_libspace                0x080005dd   Thumb Code     0  libspace.o(.text)
    __user_setup_stackheap                   0x080005e5   Thumb Code    74  sys_stackheap_outer.o(.text)
    exit                                     0x0800062f   Thumb Code    18  exit.o(.text)
    _sys_exit                                0x08000641   Thumb Code     8  sys_exit.o(.text)
    __I$use$semihosting                      0x0800064d   Thumb Code     0  use_no_semi.o(.text)
    __use_no_semihosting_swi                 0x0800064d   Thumb Code     2  use_no_semi.o(.text)
    BusFault_Handler                         0x0800064f   Thumb Code     2  stm32f4xx_it.o(i.BusFault_Handler)
    __semihosting_library_function           0x0800064f   Thumb Code     0  indicate_semi.o(.text)
    CAN1_Filter_Config_and_Start             0x08000651   Thumb Code    72  can.o(i.CAN1_Filter_Config_and_Start)
    CAN1_RX0_IRQHandler                      0x0800069d   Thumb Code     6  stm32f4xx_it.o(i.CAN1_RX0_IRQHandler)
    CAN2_Filter_Config_and_Start             0x080006a9   Thumb Code    76  can.o(i.CAN2_Filter_Config_and_Start)
    CAN2_RX0_IRQHandler                      0x080006f9   Thumb Code     6  stm32f4xx_it.o(i.CAN2_RX0_IRQHandler)
    DMA1_Stream0_IRQHandler                  0x08000705   Thumb Code     6  stm32f4xx_it.o(i.DMA1_Stream0_IRQHandler)
    DMA1_Stream2_IRQHandler                  0x08000711   Thumb Code     6  stm32f4xx_it.o(i.DMA1_Stream2_IRQHandler)
    DMA1_Stream5_IRQHandler                  0x0800071d   Thumb Code     6  stm32f4xx_it.o(i.DMA1_Stream5_IRQHandler)
    DMA1_Stream7_IRQHandler                  0x08000729   Thumb Code     6  stm32f4xx_it.o(i.DMA1_Stream7_IRQHandler)
    DMA2_Stream1_IRQHandler                  0x08000735   Thumb Code     6  stm32f4xx_it.o(i.DMA2_Stream1_IRQHandler)
    DMA2_Stream2_IRQHandler                  0x08000741   Thumb Code     6  stm32f4xx_it.o(i.DMA2_Stream2_IRQHandler)
    DMA2_Stream6_IRQHandler                  0x0800074d   Thumb Code     6  stm32f4xx_it.o(i.DMA2_Stream6_IRQHandler)
    DebugMon_Handler                         0x080007fd   Thumb Code     2  stm32f4xx_it.o(i.DebugMon_Handler)
    Error_Handler                            0x080007ff   Thumb Code     4  main.o(i.Error_Handler)
    Gimbal_PID                               0x08000805   Thumb Code   216  gimbal.o(i.Gimbal_PID)
    Gimbal_Task                              0x080008fd   Thumb Code    34  gimbal.o(i.Gimbal_Task)
    Gimbal_outer_PID                         0x08000921   Thumb Code   216  pid.o(i.Gimbal_outer_PID)
    HAL_CAN_ActivateNotification             0x08000a25   Thumb Code    36  stm32f4xx_hal_can.o(i.HAL_CAN_ActivateNotification)
    HAL_CAN_AddTxMessage                     0x08000a49   Thumb Code   220  stm32f4xx_hal_can.o(i.HAL_CAN_AddTxMessage)
    HAL_CAN_ConfigFilter                     0x08000b25   Thumb Code   262  stm32f4xx_hal_can.o(i.HAL_CAN_ConfigFilter)
    HAL_CAN_ErrorCallback                    0x08000c31   Thumb Code     2  stm32f4xx_hal_can.o(i.HAL_CAN_ErrorCallback)
    HAL_CAN_GetRxMessage                     0x08000c33   Thumb Code   232  stm32f4xx_hal_can.o(i.HAL_CAN_GetRxMessage)
    HAL_CAN_IRQHandler                       0x08000d1b   Thumb Code   508  stm32f4xx_hal_can.o(i.HAL_CAN_IRQHandler)
    HAL_CAN_Init                             0x08000f17   Thumb Code   282  stm32f4xx_hal_can.o(i.HAL_CAN_Init)
    HAL_CAN_MspInit                          0x08001031   Thumb Code   232  can.o(i.HAL_CAN_MspInit)
    HAL_CAN_RxFifo0FullCallback              0x08001131   Thumb Code     2  stm32f4xx_hal_can.o(i.HAL_CAN_RxFifo0FullCallback)
    HAL_CAN_RxFifo0MsgPendingCallback        0x08001135   Thumb Code   194  can.o(i.HAL_CAN_RxFifo0MsgPendingCallback)
    HAL_CAN_RxFifo1FullCallback              0x08001209   Thumb Code     2  stm32f4xx_hal_can.o(i.HAL_CAN_RxFifo1FullCallback)
    HAL_CAN_RxFifo1MsgPendingCallback        0x0800120b   Thumb Code     2  stm32f4xx_hal_can.o(i.HAL_CAN_RxFifo1MsgPendingCallback)
    HAL_CAN_SleepCallback                    0x0800120d   Thumb Code     2  stm32f4xx_hal_can.o(i.HAL_CAN_SleepCallback)
    HAL_CAN_Start                            0x08001211   Thumb Code    88  stm32f4xx_hal_can.o(i.HAL_CAN_Start)
    HAL_CAN_TxMailbox0AbortCallback          0x08001269   Thumb Code     2  stm32f4xx_hal_can.o(i.HAL_CAN_TxMailbox0AbortCallback)
    HAL_CAN_TxMailbox0CompleteCallback       0x0800126b   Thumb Code     2  stm32f4xx_hal_can.o(i.HAL_CAN_TxMailbox0CompleteCallback)
    HAL_CAN_TxMailbox1AbortCallback          0x0800126d   Thumb Code     2  stm32f4xx_hal_can.o(i.HAL_CAN_TxMailbox1AbortCallback)
    HAL_CAN_TxMailbox1CompleteCallback       0x0800126f   Thumb Code     2  stm32f4xx_hal_can.o(i.HAL_CAN_TxMailbox1CompleteCallback)
    HAL_CAN_TxMailbox2AbortCallback          0x08001271   Thumb Code     2  stm32f4xx_hal_can.o(i.HAL_CAN_TxMailbox2AbortCallback)
    HAL_CAN_TxMailbox2CompleteCallback       0x08001273   Thumb Code     2  stm32f4xx_hal_can.o(i.HAL_CAN_TxMailbox2CompleteCallback)
    HAL_CAN_WakeUpFromRxMsgCallback          0x08001275   Thumb Code     2  stm32f4xx_hal_can.o(i.HAL_CAN_WakeUpFromRxMsgCallback)
    HAL_DMA_Abort                            0x08001277   Thumb Code   146  stm32f4xx_hal_dma.o(i.HAL_DMA_Abort)
    HAL_DMA_Abort_IT                         0x08001309   Thumb Code    36  stm32f4xx_hal_dma.o(i.HAL_DMA_Abort_IT)
    HAL_DMA_IRQHandler                       0x0800132d   Thumb Code   412  stm32f4xx_hal_dma.o(i.HAL_DMA_IRQHandler)
    HAL_DMA_Init                             0x080014cd   Thumb Code   206  stm32f4xx_hal_dma.o(i.HAL_DMA_Init)
    HAL_DMA_Start_IT                         0x080015a1   Thumb Code   110  stm32f4xx_hal_dma.o(i.HAL_DMA_Start_IT)
    HAL_GPIO_Init                            0x08001611   Thumb Code   450  stm32f4xx_hal_gpio.o(i.HAL_GPIO_Init)
    HAL_GPIO_TogglePin                       0x08001801   Thumb Code    16  stm32f4xx_hal_gpio.o(i.HAL_GPIO_TogglePin)
    HAL_GPIO_WritePin                        0x08001811   Thumb Code    10  stm32f4xx_hal_gpio.o(i.HAL_GPIO_WritePin)
    HAL_GetTick                              0x0800181d   Thumb Code     6  stm32f4xx_hal.o(i.HAL_GetTick)
    HAL_IncTick                              0x08001829   Thumb Code    12  stm32f4xx_hal.o(i.HAL_IncTick)
    HAL_Init                                 0x08001839   Thumb Code    48  stm32f4xx_hal.o(i.HAL_Init)
    HAL_InitTick                             0x0800186d   Thumb Code   132  stm32f4xx_hal_timebase_tim.o(i.HAL_InitTick)
    HAL_MspInit                              0x08001905   Thumb Code    52  stm32f4xx_hal_msp.o(i.HAL_MspInit)
    HAL_NVIC_EnableIRQ                       0x0800193d   Thumb Code    26  stm32f4xx_hal_cortex.o(i.HAL_NVIC_EnableIRQ)
    HAL_NVIC_SetPriority                     0x08001959   Thumb Code    60  stm32f4xx_hal_cortex.o(i.HAL_NVIC_SetPriority)
    HAL_NVIC_SetPriorityGrouping             0x08001999   Thumb Code    26  stm32f4xx_hal_cortex.o(i.HAL_NVIC_SetPriorityGrouping)
    HAL_RCC_ClockConfig                      0x080019bd   Thumb Code   288  stm32f4xx_hal_rcc.o(i.HAL_RCC_ClockConfig)
    HAL_RCC_GetClockConfig                   0x08001af1   Thumb Code    54  stm32f4xx_hal_rcc.o(i.HAL_RCC_GetClockConfig)
    HAL_RCC_GetPCLK1Freq                     0x08001b31   Thumb Code    20  stm32f4xx_hal_rcc.o(i.HAL_RCC_GetPCLK1Freq)
    HAL_RCC_GetPCLK2Freq                     0x08001b51   Thumb Code    20  stm32f4xx_hal_rcc.o(i.HAL_RCC_GetPCLK2Freq)
    HAL_RCC_GetSysClockFreq                  0x08001b71   Thumb Code    88  stm32f4xx_hal_rcc.o(i.HAL_RCC_GetSysClockFreq)
    HAL_RCC_OscConfig                        0x08001bd5   Thumb Code   856  stm32f4xx_hal_rcc.o(i.HAL_RCC_OscConfig)
    HAL_TIMEx_BreakCallback                  0x08001f41   Thumb Code     2  stm32f4xx_hal_tim_ex.o(i.HAL_TIMEx_BreakCallback)
    HAL_TIMEx_CommutCallback                 0x08001f43   Thumb Code     2  stm32f4xx_hal_tim_ex.o(i.HAL_TIMEx_CommutCallback)
    HAL_TIM_Base_Init                        0x08001f45   Thumb Code    90  stm32f4xx_hal_tim.o(i.HAL_TIM_Base_Init)
    HAL_TIM_Base_MspInit                     0x08001f9f   Thumb Code     2  stm32f4xx_hal_tim.o(i.HAL_TIM_Base_MspInit)
    HAL_TIM_Base_Start_IT                    0x08001fa1   Thumb Code   100  stm32f4xx_hal_tim.o(i.HAL_TIM_Base_Start_IT)
    HAL_TIM_IC_CaptureCallback               0x08002021   Thumb Code     2  stm32f4xx_hal_tim.o(i.HAL_TIM_IC_CaptureCallback)
    HAL_TIM_IRQHandler                       0x08002023   Thumb Code   358  stm32f4xx_hal_tim.o(i.HAL_TIM_IRQHandler)
    HAL_TIM_OC_DelayElapsedCallback          0x08002189   Thumb Code     2  stm32f4xx_hal_tim.o(i.HAL_TIM_OC_DelayElapsedCallback)
    HAL_TIM_PWM_PulseFinishedCallback        0x0800218b   Thumb Code     2  stm32f4xx_hal_tim.o(i.HAL_TIM_PWM_PulseFinishedCallback)
    HAL_TIM_PeriodElapsedCallback            0x0800218d   Thumb Code    14  main.o(i.HAL_TIM_PeriodElapsedCallback)
    HAL_TIM_TriggerCallback                  0x080021a1   Thumb Code     2  stm32f4xx_hal_tim.o(i.HAL_TIM_TriggerCallback)
    HAL_UARTEx_RxEventCallback               0x080021a3   Thumb Code     2  stm32f4xx_hal_uart.o(i.HAL_UARTEx_RxEventCallback)
    HAL_UART_DMAStop                         0x080021a5   Thumb Code   112  stm32f4xx_hal_uart.o(i.HAL_UART_DMAStop)
    HAL_UART_ErrorCallback                   0x08002215   Thumb Code     2  stm32f4xx_hal_uart.o(i.HAL_UART_ErrorCallback)
    HAL_UART_IRQHandler                      0x08002219   Thumb Code   610  stm32f4xx_hal_uart.o(i.HAL_UART_IRQHandler)
    HAL_UART_Init                            0x08002481   Thumb Code    98  stm32f4xx_hal_uart.o(i.HAL_UART_Init)
    HAL_UART_MspInit                         0x080024e5   Thumb Code   908  usart.o(i.HAL_UART_MspInit)
    HAL_UART_Receive_DMA                     0x080028b1   Thumb Code    42  stm32f4xx_hal_uart.o(i.HAL_UART_Receive_DMA)
    HAL_UART_RxCpltCallback                  0x080028db   Thumb Code     2  stm32f4xx_hal_uart.o(i.HAL_UART_RxCpltCallback)
    HAL_UART_RxHalfCpltCallback              0x080028dd   Thumb Code     2  stm32f4xx_hal_uart.o(i.HAL_UART_RxHalfCpltCallback)
    HAL_UART_Transmit                        0x080028e1   Thumb Code   178  stm32f4xx_hal_uart.o(i.HAL_UART_Transmit)
    HAL_UART_TxCpltCallback                  0x08002993   Thumb Code     2  stm32f4xx_hal_uart.o(i.HAL_UART_TxCpltCallback)
    HardFault_Handler                        0x08002995   Thumb Code     2  stm32f4xx_it.o(i.HardFault_Handler)
    IMU_Pack_Recive                          0x08002b15   Thumb Code     4  imu_data_decode.o(i.IMU_Pack_Recive)
    Incremental_PI                           0x08002b19   Thumb Code   102  pid.o(i.Incremental_PI)
    KalmanFilter                             0x08002b7f   Thumb Code    90  kalman.o(i.KalmanFilter)
    MX_CAN1_Init                             0x08002bd9   Thumb Code    62  can.o(i.MX_CAN1_Init)
    MX_CAN2_Init                             0x08002c21   Thumb Code    62  can.o(i.MX_CAN2_Init)
    MX_DMA_Init                              0x08002c69   Thumb Code   152  dma.o(i.MX_DMA_Init)
    MX_FREERTOS_Init                         0x08002d05   Thumb Code   162  freertos.o(i.MX_FREERTOS_Init)
    MX_GPIO_Init                             0x08002db1   Thumb Code   132  gpio.o(i.MX_GPIO_Init)
    MX_UART4_Init                            0x08002e3d   Thumb Code    48  usart.o(i.MX_UART4_Init)
    MX_UART5_Init                            0x08002e75   Thumb Code    48  usart.o(i.MX_UART5_Init)
    MX_USART1_UART_Init                      0x08002ead   Thumb Code    48  usart.o(i.MX_USART1_UART_Init)
    MX_USART2_UART_Init                      0x08002ee5   Thumb Code    54  usart.o(i.MX_USART2_UART_Init)
    MX_USART3_UART_Init                      0x08002f29   Thumb Code    48  usart.o(i.MX_USART3_UART_Init)
    MX_USART6_UART_Init                      0x08002f61   Thumb Code    48  usart.o(i.MX_USART6_UART_Init)
    MemManage_Handler                        0x08002f99   Thumb Code     2  stm32f4xx_it.o(i.MemManage_Handler)
    NMI_Handler                              0x08002f9b   Thumb Code     2  stm32f4xx_it.o(i.NMI_Handler)
    Position_PID                             0x08002f9d   Thumb Code   272  pid.o(i.Position_PID)
    ReadRc_Gimbal                            0x080030bd   Thumb Code   482  gimbal.o(i.ReadRc_Gimbal)
    Shoot_task                               0x080032e1   Thumb Code    36  shoot.o(i.Shoot_task)
    SysTick_Handler                          0x08003309   Thumb Code    38  port.o(i.SysTick_Handler)
    SystemClock_Config                       0x08003335   Thumb Code   142  main.o(i.SystemClock_Config)
    SystemInit                               0x080033cd   Thumb Code    12  system_stm32f4xx.o(i.SystemInit)
    TIM8_TRG_COM_TIM14_IRQHandler            0x080033dd   Thumb Code     6  stm32f4xx_it.o(i.TIM8_TRG_COM_TIM14_IRQHandler)
    TIM_Base_SetConfig                       0x080033e9   Thumb Code   156  stm32f4xx_hal_tim.o(i.TIM_Base_SetConfig)
    Task_Is_Running                          0x080034b1   Thumb Code    32  freertos.o(i.Task_Is_Running)
    UART4_IRQHandler                         0x080034d5   Thumb Code     6  stm32f4xx_it.o(i.UART4_IRQHandler)
    UART5_IRQHandler                         0x080034e1   Thumb Code    32  stm32f4xx_it.o(i.UART5_IRQHandler)
    UART_IDLECallBack                        0x08003665   Thumb Code   138  usart.o(i.UART_IDLECallBack)
    UART_Start_Receive_DMA                   0x080038e5   Thumb Code   134  stm32f4xx_hal_uart.o(i.UART_Start_Receive_DMA)
    USART1_IRQHandler                        0x080039f1   Thumb Code     6  stm32f4xx_it.o(i.USART1_IRQHandler)
    USART2_IRQHandler                        0x080039fd   Thumb Code    32  stm32f4xx_it.o(i.USART2_IRQHandler)
    USART6_IRQHandler                        0x08003a21   Thumb Code    32  stm32f4xx_it.o(i.USART6_IRQHandler)
    UsageFault_Handler                       0x08003a45   Thumb Code     2  stm32f4xx_it.o(i.UsageFault_Handler)
    can_Task                                 0x08003a69   Thumb Code    28  can_transfer.o(i.can_Task)
    f_Friction_control                       0x08003ab9   Thumb Code   118  shoot.o(i.f_Friction_control)
    f_Gimbal_set_offline                     0x08003b4d   Thumb Code   142  gimbal.o(i.f_Gimbal_set_offline)
    f_RC_data_init                           0x08003bf1   Thumb Code    20  rc.o(i.f_RC_data_init)
    f_ReadRc_dial                            0x08003c09   Thumb Code   170  shoot.o(i.f_ReadRc_dial)
    f_RemoteDataProcess                      0x08003cc1   Thumb Code   236  rc.o(i.f_RemoteDataProcess)
    f_Serial_Write                           0x08003db1   Thumb Code    48  vofa.o(i.f_Serial_Write)
    f_can2_tx_0x1ff                          0x08003de5   Thumb Code   172  can_transfer.o(i.f_can2_tx_0x1ff)
    f_can_all_tx_offline                     0x08003e95   Thumb Code    56  can_transfer.o(i.f_can_all_tx_offline)
    f_can_assignment                         0x08003ed1   Thumb Code    50  can_transfer.o(i.f_can_assignment)
    f_clear_L1Mod_Usart                      0x08003f09   Thumb Code    22  ranging.o(i.f_clear_L1Mod_Usart)
    f_dbus_error_detect                      0x08003f25   Thumb Code   134  rc.o(i.f_dbus_error_detect)
    f_dial_PID                               0x08003fb5   Thumb Code   154  shoot.o(i.f_dial_PID)
    f_dial_finish                            0x0800406d   Thumb Code    42  shoot.o(i.f_dial_finish)
    f_fastConti_Cmd                          0x080040ad   Thumb Code    34  ranging.o(i.f_fastConti_Cmd)
    f_get_RC                                 0x080040e1   Thumb Code    18  rc.o(i.f_get_RC)
    f_get_moto_offset                        0x080040f9   Thumb Code    56  shoot.o(i.f_get_moto_offset)
    f_get_mouse                              0x08004141   Thumb Code    18  rc.o(i.f_get_mouse)
    f_get_total_angle                        0x08004159   Thumb Code   120  shoot.o(i.f_get_total_angle)
    f_imu_data_processing                    0x080041d5   Thumb Code    28  gimbal.o(i.f_imu_data_processing)
    f_ranging_init                           0x080041f9   Thumb Code    14  ranging.o(i.f_ranging_init)
    f_rc_data_processing                     0x08004209   Thumb Code    28  gimbal.o(i.f_rc_data_processing)
    get_eular                                0x0800422d   Thumb Code    12  imu_data_decode.o(i.get_eular)
    get_raw_gyr                              0x0800423d   Thumb Code    12  imu_data_decode.o(i.get_raw_gyr)
    kalmanCreate                             0x08004259   Thumb Code    38  kalman.o(i.kalmanCreate)
    main                                     0x08004285   Thumb Code   140  main.o(i.main)
    osDelayUntil                             0x08004335   Thumb Code    14  cmsis_os.o(i.osDelayUntil)
    osKernelStart                            0x08004343   Thumb Code    10  cmsis_os.o(i.osKernelStart)
    osKernelSysTick                          0x0800434d   Thumb Code    24  cmsis_os.o(i.osKernelSysTick)
    osSemaphoreCreate                        0x08004365   Thumb Code    62  cmsis_os.o(i.osSemaphoreCreate)
    osSemaphoreRelease                       0x080043a5   Thumb Code    74  cmsis_os.o(i.osSemaphoreRelease)
    osSemaphoreWait                          0x080043f5   Thumb Code    96  cmsis_os.o(i.osSemaphoreWait)
    osThreadCreate                           0x08004459   Thumb Code    84  cmsis_os.o(i.osThreadCreate)
    pvPortMalloc                             0x0800492d   Thumb Code   216  heap_4.o(i.pvPortMalloc)
    pvTaskIncrementMutexHeldCount            0x08004a09   Thumb Code    18  tasks.o(i.pvTaskIncrementMutexHeldCount)
    pxPortInitialiseStack                    0x08004a21   Thumb Code    40  port.o(i.pxPortInitialiseStack)
    uxListRemove                             0x08004a4d   Thumb Code    38  list.o(i.uxListRemove)
    vApplicationGetIdleTaskMemory            0x08004a75   Thumb Code    16  freertos.o(i.vApplicationGetIdleTaskMemory)
    vListInitialise                          0x08004a89   Thumb Code    22  list.o(i.vListInitialise)
    vListInitialiseItem                      0x08004a9f   Thumb Code     6  list.o(i.vListInitialiseItem)
    vListInsert                              0x08004aa5   Thumb Code    48  list.o(i.vListInsert)
    vListInsertEnd                           0x08004ad5   Thumb Code    24  list.o(i.vListInsertEnd)
    vPortEnterCritical                       0x08004aed   Thumb Code    54  port.o(i.vPortEnterCritical)
    vPortExitCritical                        0x08004b2d   Thumb Code    34  port.o(i.vPortExitCritical)
    vPortFree                                0x08004b55   Thumb Code    94  heap_4.o(i.vPortFree)
    vPortSetupTimerInterrupt                 0x08004bb9   Thumb Code    32  port.o(i.vPortSetupTimerInterrupt)
    vPortValidateInterruptPriority           0x08004bdd   Thumb Code    74  port.o(i.vPortValidateInterruptPriority)
    vTaskDelayUntil                          0x08004c31   Thumb Code   132  tasks.o(i.vTaskDelayUntil)
    vTaskInternalSetTimeOutState             0x08004cbd   Thumb Code    12  tasks.o(i.vTaskInternalSetTimeOutState)
    vTaskMissedYield                         0x08004ccd   Thumb Code     8  tasks.o(i.vTaskMissedYield)
    vTaskPlaceOnEventList                    0x08004cd9   Thumb Code    44  tasks.o(i.vTaskPlaceOnEventList)
    vTaskPriorityDisinheritAfterTimeout      0x08004d09   Thumb Code   152  tasks.o(i.vTaskPriorityDisinheritAfterTimeout)
    vTaskStartScheduler                      0x08004da9   Thumb Code    90  tasks.o(i.vTaskStartScheduler)
    vTaskSuspendAll                          0x08004e15   Thumb Code    10  tasks.o(i.vTaskSuspendAll)
    vTaskSwitchContext                       0x08004e25   Thumb Code    82  tasks.o(i.vTaskSwitchContext)
    vofa__Task                               0x08004e81   Thumb Code    64  vofa.o(i.vofa__Task)
    xPortStartScheduler                      0x08004ed1   Thumb Code   222  port.o(i.xPortStartScheduler)
    xQueueGenericCreate                      0x08004fc5   Thumb Code    66  queue.o(i.xQueueGenericCreate)
    xQueueGenericCreateStatic                0x08005007   Thumb Code   102  queue.o(i.xQueueGenericCreateStatic)
    xQueueGenericReset                       0x0800506d   Thumb Code   132  queue.o(i.xQueueGenericReset)
    xQueueGenericSend                        0x080050f5   Thumb Code   346  queue.o(i.xQueueGenericSend)
    xQueueGiveFromISR                        0x08005255   Thumb Code   156  queue.o(i.xQueueGiveFromISR)
    xQueueReceiveFromISR                     0x080052f1   Thumb Code   154  queue.o(i.xQueueReceiveFromISR)
    xQueueSemaphoreTake                      0x0800538d   Thumb Code   372  queue.o(i.xQueueSemaphoreTake)
    xTaskCheckForTimeOut                     0x08005505   Thumb Code   112  tasks.o(i.xTaskCheckForTimeOut)
    xTaskCreate                              0x08005579   Thumb Code    90  tasks.o(i.xTaskCreate)
    xTaskCreateStatic                        0x080055d3   Thumb Code    86  tasks.o(i.xTaskCreateStatic)
    xTaskGetSchedulerState                   0x08005629   Thumb Code    22  tasks.o(i.xTaskGetSchedulerState)
    xTaskGetTickCount                        0x08005645   Thumb Code     6  tasks.o(i.xTaskGetTickCount)
    xTaskGetTickCountFromISR                 0x08005651   Thumb Code    12  tasks.o(i.xTaskGetTickCountFromISR)
    xTaskIncrementTick                       0x08005661   Thumb Code   194  tasks.o(i.xTaskIncrementTick)
    xTaskPriorityDisinherit                  0x0800572d   Thumb Code   144  tasks.o(i.xTaskPriorityDisinherit)
    xTaskPriorityInherit                     0x080057c5   Thumb Code   130  tasks.o(i.xTaskPriorityInherit)
    xTaskRemoveFromEventList                 0x08005851   Thumb Code   108  tasks.o(i.xTaskRemoveFromEventList)
    xTaskResumeAll                           0x080058c5   Thumb Code   182  tasks.o(i.xTaskResumeAll)
    __aeabi_d2f                              0x08005989   Thumb Code     0  d2f.o(x$fpl$d2f)
    _d2f                                     0x08005989   Thumb Code    98  d2f.o(x$fpl$d2f)
    __aeabi_dmul                             0x080059ed   Thumb Code     0  dmul.o(x$fpl$dmul)
    _dmul                                    0x080059ed   Thumb Code   332  dmul.o(x$fpl$dmul)
    __fpl_dnaninf                            0x08005b41   Thumb Code   156  dnaninf.o(x$fpl$dnaninf)
    __fpl_dretinf                            0x08005bdd   Thumb Code    12  dretinf.o(x$fpl$dretinf)
    __aeabi_f2d                              0x08005be9   Thumb Code     0  f2d.o(x$fpl$f2d)
    _f2d                                     0x08005be9   Thumb Code    86  f2d.o(x$fpl$f2d)
    __fpl_fnaninf                            0x08005c3f   Thumb Code   140  fnaninf.o(x$fpl$fnaninf)
    _fp_init                                 0x08005ccb   Thumb Code    10  fpinit.o(x$fpl$fpinit)
    __fplib_config_fpu_vfp                   0x08005cd3   Thumb Code     0  fpinit.o(x$fpl$fpinit)
    __fplib_config_pureend_doubles           0x08005cd3   Thumb Code     0  fpinit.o(x$fpl$fpinit)
    __fpl_fretinf                            0x08005cd5   Thumb Code    10  fretinf.o(x$fpl$fretinf)
    __I$use$fp                               0x08005cde   Number         0  usenofp.o(x$fpl$usenofp)
    AHBPrescTable                            0x08005d74   Data          16  system_stm32f4xx.o(.constdata)
    APBPrescTable                            0x08005d84   Data           8  system_stm32f4xx.o(.constdata)
    Region$$Table$$Base                      0x08005dc8   Number         0  anon$$obj.o(Region$$Table)
    Region$$Table$$Limit                     0x08005de8   Number         0  anon$$obj.o(Region$$Table)
    yaw_outer_pid                            0x20000000   Data          56  pid.o(.data)
    yaw_inner_pid                            0x20000038   Data          56  pid.o(.data)
    pitch_outer_pid                          0x20000070   Data          56  pid.o(.data)
    pitch_inner_pid                          0x200000a8   Data          56  pid.o(.data)
    dial_outer_pid                           0x200000e0   Data          56  pid.o(.data)
    dial_inner_pid                           0x20000118   Data          56  pid.o(.data)
    PI_Fric_201                              0x20000150   Data          32  pid.o(.data)
    PI_Fric_202                              0x20000170   Data          32  pid.o(.data)
    yaw_out_targer                           0x200001ac   Data           4  gimbal.o(.data)
    pitch_out_targer                         0x200001b0   Data           4  gimbal.o(.data)
    pitch_eular_ActualSpeed                  0x200001b4   Data           4  gimbal.o(.data)
    yaw_eular_ActualSpeed                    0x200001b8   Data           4  gimbal.o(.data)
    RunningHandle                            0x200001d4   Data           4  freertos.o(.data)
    Gimbal__TaskHandle                       0x200001d8   Data           4  freertos.o(.data)
    can__TaskHandle                          0x200001dc   Data           4  freertos.o(.data)
    Shoot__TaskHandle                        0x200001e0   Data           4  freertos.o(.data)
    vofa__taskHandle                         0x200001e4   Data           4  freertos.o(.data)
    Imu_flagHandle                           0x200001e8   Data           4  freertos.o(.data)
    Rc_flagHandle                            0x200001ec   Data           4  freertos.o(.data)
    Ranging_flagHandle                       0x200001f0   Data           4  freertos.o(.data)
    Dial_motor                               0x20000208   Data           8  can.o(.data)
    Friction_motor1                          0x20000210   Data           8  can.o(.data)
    Friction_motor2                          0x20000218   Data           8  can.o(.data)
    Yaw_motor                                0x20000220   Data           8  can.o(.data)
    Pitch_motor                              0x20000228   Data           8  can.o(.data)
    ranging_rc_buffer                        0x20000230   Data           8  usart.o(.data)
    uwTickFreq                               0x20000238   Data           1  stm32f4xx_hal.o(.data)
    uwTickPrio                               0x2000023c   Data           4  stm32f4xx_hal.o(.data)
    uwTick                                   0x20000240   Data           4  stm32f4xx_hal.o(.data)
    SystemCoreClock                          0x20000244   Data           4  system_stm32f4xx.o(.data)
    pxCurrentTCB                             0x20000248   Data           4  tasks.o(.data)
    g_L1Mod_node                             0x200002b0   Data         268  ranging.o(.bss)
    CAN1_ID1FF                               0x2000042c   Data          16  can_transfer.o(.bss)
    hcan1                                    0x20000754   Data          40  can.o(.bss)
    hcan2                                    0x2000077c   Data          40  can.o(.bss)
    UART5_temp                               0x200007a4   Data         128  usart.o(.bss)
    huart4                                   0x20000824   Data          68  usart.o(.bss)
    huart5                                   0x20000868   Data          68  usart.o(.bss)
    huart1                                   0x200008ac   Data          68  usart.o(.bss)
    huart2                                   0x200008f0   Data          68  usart.o(.bss)
    huart3                                   0x20000934   Data          68  usart.o(.bss)
    huart6                                   0x20000978   Data          68  usart.o(.bss)
    hdma_uart4_rx                            0x200009bc   Data          96  usart.o(.bss)
    hdma_uart5_rx                            0x20000a1c   Data          96  usart.o(.bss)
    hdma_uart5_tx                            0x20000a7c   Data          96  usart.o(.bss)
    hdma_usart1_rx                           0x20000adc   Data          96  usart.o(.bss)
    hdma_usart2_rx                           0x20000b3c   Data          96  usart.o(.bss)
    hdma_usart6_rx                           0x20000b9c   Data          96  usart.o(.bss)
    hdma_usart6_tx                           0x20000bfc   Data          96  usart.o(.bss)
    sbus_rx_buffer                           0x20000c5c   Data          36  usart.o(.bss)
    htim14                                   0x20000c80   Data          72  stm32f4xx_hal_timebase_tim.o(.bss)
    __libspace_start                         0x200049b8   Data          96  libspace.o(.bss)
    __temporary_stack_top$libspace           0x20004a18   Data           0  libspace.o(.bss)



==============================================================================

Memory Map of the image

  Image Entry point : 0x08000189

  Load Region LR_IROM1 (Base: 0x08000000, Size: 0x00006098, Max: 0x00100000, ABSOLUTE, COMPRESSED[0x00005e50])

    Execution Region ER_IROM1 (Exec base: 0x08000000, Load base: 0x08000000, Size: 0x00005de8, Max: 0x00100000, ABSOLUTE)

    Exec Addr    Load Addr    Size         Type   Attr      Idx    E Section Name        Object

    0x08000000   0x08000000   0x00000188   Data   RO            3    RESET               startup_stm32f405xx.o
    0x08000188   0x08000188   0x00000008   Code   RO         5452  * !!!main             c_w.l(__main.o)
    0x08000190   0x08000190   0x00000034   Code   RO         5707    !!!scatter          c_w.l(__scatter.o)
    0x080001c4   0x080001c4   0x0000005a   Code   RO         5705    !!dczerorl2         c_w.l(__dczerorl2.o)
    0x0800021e   0x0800021e   0x00000002   PAD
    0x08000220   0x08000220   0x0000001c   Code   RO         5709    !!handler_zi        c_w.l(__scatter_zi.o)
    0x0800023c   0x0800023c   0x00000002   Code   RO         5576    .ARM.Collect$$libinit$$00000000  c_w.l(libinit.o)
    0x0800023e   0x0800023e   0x00000004   Code   RO         5585    .ARM.Collect$$libinit$$00000001  c_w.l(libinit2.o)
    0x08000242   0x08000242   0x00000000   Code   RO         5588    .ARM.Collect$$libinit$$00000004  c_w.l(libinit2.o)
    0x08000242   0x08000242   0x00000000   Code   RO         5591    .ARM.Collect$$libinit$$0000000A  c_w.l(libinit2.o)
    0x08000242   0x08000242   0x00000000   Code   RO         5593    .ARM.Collect$$libinit$$0000000C  c_w.l(libinit2.o)
    0x08000242   0x08000242   0x00000000   Code   RO         5595    .ARM.Collect$$libinit$$0000000E  c_w.l(libinit2.o)
    0x08000242   0x08000242   0x00000000   Code   RO         5598    .ARM.Collect$$libinit$$00000011  c_w.l(libinit2.o)
    0x08000242   0x08000242   0x00000000   Code   RO         5600    .ARM.Collect$$libinit$$00000013  c_w.l(libinit2.o)
    0x08000242   0x08000242   0x00000000   Code   RO         5602    .ARM.Collect$$libinit$$00000015  c_w.l(libinit2.o)
    0x08000242   0x08000242   0x00000000   Code   RO         5604    .ARM.Collect$$libinit$$00000017  c_w.l(libinit2.o)
    0x08000242   0x08000242   0x00000000   Code   RO         5606    .ARM.Collect$$libinit$$00000019  c_w.l(libinit2.o)
    0x08000242   0x08000242   0x00000000   Code   RO         5608    .ARM.Collect$$libinit$$0000001B  c_w.l(libinit2.o)
    0x08000242   0x08000242   0x00000000   Code   RO         5610    .ARM.Collect$$libinit$$0000001D  c_w.l(libinit2.o)
    0x08000242   0x08000242   0x00000000   Code   RO         5612    .ARM.Collect$$libinit$$0000001F  c_w.l(libinit2.o)
    0x08000242   0x08000242   0x00000000   Code   RO         5614    .ARM.Collect$$libinit$$00000021  c_w.l(libinit2.o)
    0x08000242   0x08000242   0x00000000   Code   RO         5616    .ARM.Collect$$libinit$$00000023  c_w.l(libinit2.o)
    0x08000242   0x08000242   0x00000000   Code   RO         5618    .ARM.Collect$$libinit$$00000025  c_w.l(libinit2.o)
    0x08000242   0x08000242   0x00000000   Code   RO         5622    .ARM.Collect$$libinit$$0000002C  c_w.l(libinit2.o)
    0x08000242   0x08000242   0x00000000   Code   RO         5624    .ARM.Collect$$libinit$$0000002E  c_w.l(libinit2.o)
    0x08000242   0x08000242   0x00000000   Code   RO         5626    .ARM.Collect$$libinit$$00000030  c_w.l(libinit2.o)
    0x08000242   0x08000242   0x00000000   Code   RO         5628    .ARM.Collect$$libinit$$00000032  c_w.l(libinit2.o)
    0x08000242   0x08000242   0x00000002   Code   RO         5629    .ARM.Collect$$libinit$$00000033  c_w.l(libinit2.o)
    0x08000244   0x08000244   0x00000002   Code   RO         5660    .ARM.Collect$$libshutdown$$00000000  c_w.l(libshutdown.o)
    0x08000246   0x08000246   0x00000000   Code   RO         5686    .ARM.Collect$$libshutdown$$00000002  c_w.l(libshutdown2.o)
    0x08000246   0x08000246   0x00000000   Code   RO         5688    .ARM.Collect$$libshutdown$$00000004  c_w.l(libshutdown2.o)
    0x08000246   0x08000246   0x00000000   Code   RO         5690    .ARM.Collect$$libshutdown$$00000006  c_w.l(libshutdown2.o)
    0x08000246   0x08000246   0x00000000   Code   RO         5693    .ARM.Collect$$libshutdown$$00000009  c_w.l(libshutdown2.o)
    0x08000246   0x08000246   0x00000000   Code   RO         5696    .ARM.Collect$$libshutdown$$0000000C  c_w.l(libshutdown2.o)
    0x08000246   0x08000246   0x00000000   Code   RO         5698    .ARM.Collect$$libshutdown$$0000000E  c_w.l(libshutdown2.o)
    0x08000246   0x08000246   0x00000000   Code   RO         5701    .ARM.Collect$$libshutdown$$00000011  c_w.l(libshutdown2.o)
    0x08000246   0x08000246   0x00000002   Code   RO         5702    .ARM.Collect$$libshutdown$$00000012  c_w.l(libshutdown2.o)
    0x08000248   0x08000248   0x00000000   Code   RO         5500    .ARM.Collect$$rtentry$$00000000  c_w.l(__rtentry.o)
    0x08000248   0x08000248   0x00000000   Code   RO         5537    .ARM.Collect$$rtentry$$00000002  c_w.l(__rtentry2.o)
    0x08000248   0x08000248   0x00000006   Code   RO         5549    .ARM.Collect$$rtentry$$00000004  c_w.l(__rtentry4.o)
    0x0800024e   0x0800024e   0x00000000   Code   RO         5539    .ARM.Collect$$rtentry$$00000009  c_w.l(__rtentry2.o)
    0x0800024e   0x0800024e   0x00000004   Code   RO         5540    .ARM.Collect$$rtentry$$0000000A  c_w.l(__rtentry2.o)
    0x08000252   0x08000252   0x00000000   Code   RO         5542    .ARM.Collect$$rtentry$$0000000C  c_w.l(__rtentry2.o)
    0x08000252   0x08000252   0x00000008   Code   RO         5543    .ARM.Collect$$rtentry$$0000000D  c_w.l(__rtentry2.o)
    0x0800025a   0x0800025a   0x00000002   Code   RO         5577    .ARM.Collect$$rtexit$$00000000  c_w.l(rtexit.o)
    0x0800025c   0x0800025c   0x00000000   Code   RO         5633    .ARM.Collect$$rtexit$$00000002  c_w.l(rtexit2.o)
    0x0800025c   0x0800025c   0x00000004   Code   RO         5634    .ARM.Collect$$rtexit$$00000003  c_w.l(rtexit2.o)
    0x08000260   0x08000260   0x00000006   Code   RO         5635    .ARM.Collect$$rtexit$$00000004  c_w.l(rtexit2.o)
    0x08000266   0x08000266   0x00000002   PAD
    0x08000268   0x08000268   0x000000be   Code   RO         5194    .emb_text           port.o
    0x08000326   0x08000326   0x00000002   PAD
    0x08000328   0x08000328   0x00000040   Code   RO            4    .text               startup_stm32f405xx.o
    0x08000368   0x08000368   0x000000ee   Code   RO         5438    .text               c_w.l(lludivv7m.o)
    0x08000456   0x08000456   0x0000008a   Code   RO         5440    .text               c_w.l(rt_memcpy_v6.o)
    0x080004e0   0x080004e0   0x00000064   Code   RO         5442    .text               c_w.l(rt_memcpy_w.o)
    0x08000544   0x08000544   0x00000044   Code   RO         5446    .text               c_w.l(rt_memclr.o)
    0x08000588   0x08000588   0x0000004e   Code   RO         5448    .text               c_w.l(rt_memclr_w.o)
    0x080005d6   0x080005d6   0x00000006   Code   RO         5450    .text               c_w.l(heapauxi.o)
    0x080005dc   0x080005dc   0x00000008   Code   RO         5560    .text               c_w.l(libspace.o)
    0x080005e4   0x080005e4   0x0000004a   Code   RO         5563    .text               c_w.l(sys_stackheap_outer.o)
    0x0800062e   0x0800062e   0x00000012   Code   RO         5565    .text               c_w.l(exit.o)
    0x08000640   0x08000640   0x0000000c   Code   RO         5630    .text               c_w.l(sys_exit.o)
    0x0800064c   0x0800064c   0x00000002   Code   RO         5649    .text               c_w.l(use_no_semi.o)
    0x0800064e   0x0800064e   0x00000000   Code   RO         5651    .text               c_w.l(indicate_semi.o)
    0x0800064e   0x0800064e   0x00000002   Code   RO         1029    i.BusFault_Handler  stm32f4xx_it.o
    0x08000650   0x08000650   0x0000004c   Code   RO          858    i.CAN1_Filter_Config_and_Start  can.o
    0x0800069c   0x0800069c   0x0000000c   Code   RO         1030    i.CAN1_RX0_IRQHandler  stm32f4xx_it.o
    0x080006a8   0x080006a8   0x00000050   Code   RO          859    i.CAN2_Filter_Config_and_Start  can.o
    0x080006f8   0x080006f8   0x0000000c   Code   RO         1031    i.CAN2_RX0_IRQHandler  stm32f4xx_it.o
    0x08000704   0x08000704   0x0000000c   Code   RO         1032    i.DMA1_Stream0_IRQHandler  stm32f4xx_it.o
    0x08000710   0x08000710   0x0000000c   Code   RO         1033    i.DMA1_Stream2_IRQHandler  stm32f4xx_it.o
    0x0800071c   0x0800071c   0x0000000c   Code   RO         1034    i.DMA1_Stream5_IRQHandler  stm32f4xx_it.o
    0x08000728   0x08000728   0x0000000c   Code   RO         1035    i.DMA1_Stream7_IRQHandler  stm32f4xx_it.o
    0x08000734   0x08000734   0x0000000c   Code   RO         1036    i.DMA2_Stream1_IRQHandler  stm32f4xx_it.o
    0x08000740   0x08000740   0x0000000c   Code   RO         1037    i.DMA2_Stream2_IRQHandler  stm32f4xx_it.o
    0x0800074c   0x0800074c   0x0000000c   Code   RO         1038    i.DMA2_Stream6_IRQHandler  stm32f4xx_it.o
    0x08000758   0x08000758   0x00000028   Code   RO         1933    i.DMA_CalcBaseAndBitshift  stm32f4xx_hal_dma.o
    0x08000780   0x08000780   0x00000054   Code   RO         1934    i.DMA_CheckFifoParam  stm32f4xx_hal_dma.o
    0x080007d4   0x080007d4   0x00000028   Code   RO         1935    i.DMA_SetConfig     stm32f4xx_hal_dma.o
    0x080007fc   0x080007fc   0x00000002   Code   RO         1039    i.DebugMon_Handler  stm32f4xx_it.o
    0x080007fe   0x080007fe   0x00000004   Code   RO          723    i.Error_Handler     main.o
    0x08000802   0x08000802   0x00000002   PAD
    0x08000804   0x08000804   0x000000f8   Code   RO          599    i.Gimbal_PID        gimbal.o
    0x080008fc   0x080008fc   0x00000022   Code   RO          600    i.Gimbal_Task       gimbal.o
    0x0800091e   0x0800091e   0x00000002   PAD
    0x08000920   0x08000920   0x00000104   Code   RO          352    i.Gimbal_outer_PID  pid.o
    0x08000a24   0x08000a24   0x00000024   Code   RO         1241    i.HAL_CAN_ActivateNotification  stm32f4xx_hal_can.o
    0x08000a48   0x08000a48   0x000000dc   Code   RO         1242    i.HAL_CAN_AddTxMessage  stm32f4xx_hal_can.o
    0x08000b24   0x08000b24   0x0000010c   Code   RO         1243    i.HAL_CAN_ConfigFilter  stm32f4xx_hal_can.o
    0x08000c30   0x08000c30   0x00000002   Code   RO         1246    i.HAL_CAN_ErrorCallback  stm32f4xx_hal_can.o
    0x08000c32   0x08000c32   0x000000e8   Code   RO         1249    i.HAL_CAN_GetRxMessage  stm32f4xx_hal_can.o
    0x08000d1a   0x08000d1a   0x000001fc   Code   RO         1253    i.HAL_CAN_IRQHandler  stm32f4xx_hal_can.o
    0x08000f16   0x08000f16   0x0000011a   Code   RO         1254    i.HAL_CAN_Init      stm32f4xx_hal_can.o
    0x08001030   0x08001030   0x00000100   Code   RO          861    i.HAL_CAN_MspInit   can.o
    0x08001130   0x08001130   0x00000002   Code   RO         1261    i.HAL_CAN_RxFifo0FullCallback  stm32f4xx_hal_can.o
    0x08001132   0x08001132   0x00000002   PAD
    0x08001134   0x08001134   0x000000d4   Code   RO          862    i.HAL_CAN_RxFifo0MsgPendingCallback  can.o
    0x08001208   0x08001208   0x00000002   Code   RO         1263    i.HAL_CAN_RxFifo1FullCallback  stm32f4xx_hal_can.o
    0x0800120a   0x0800120a   0x00000002   Code   RO         1264    i.HAL_CAN_RxFifo1MsgPendingCallback  stm32f4xx_hal_can.o
    0x0800120c   0x0800120c   0x00000002   Code   RO         1265    i.HAL_CAN_SleepCallback  stm32f4xx_hal_can.o
    0x0800120e   0x0800120e   0x00000002   PAD
    0x08001210   0x08001210   0x00000058   Code   RO         1266    i.HAL_CAN_Start     stm32f4xx_hal_can.o
    0x08001268   0x08001268   0x00000002   Code   RO         1268    i.HAL_CAN_TxMailbox0AbortCallback  stm32f4xx_hal_can.o
    0x0800126a   0x0800126a   0x00000002   Code   RO         1269    i.HAL_CAN_TxMailbox0CompleteCallback  stm32f4xx_hal_can.o
    0x0800126c   0x0800126c   0x00000002   Code   RO         1270    i.HAL_CAN_TxMailbox1AbortCallback  stm32f4xx_hal_can.o
    0x0800126e   0x0800126e   0x00000002   Code   RO         1271    i.HAL_CAN_TxMailbox1CompleteCallback  stm32f4xx_hal_can.o
    0x08001270   0x08001270   0x00000002   Code   RO         1272    i.HAL_CAN_TxMailbox2AbortCallback  stm32f4xx_hal_can.o
    0x08001272   0x08001272   0x00000002   Code   RO         1273    i.HAL_CAN_TxMailbox2CompleteCallback  stm32f4xx_hal_can.o
    0x08001274   0x08001274   0x00000002   Code   RO         1275    i.HAL_CAN_WakeUpFromRxMsgCallback  stm32f4xx_hal_can.o
    0x08001276   0x08001276   0x00000092   Code   RO         1936    i.HAL_DMA_Abort     stm32f4xx_hal_dma.o
    0x08001308   0x08001308   0x00000024   Code   RO         1937    i.HAL_DMA_Abort_IT  stm32f4xx_hal_dma.o
    0x0800132c   0x0800132c   0x000001a0   Code   RO         1941    i.HAL_DMA_IRQHandler  stm32f4xx_hal_dma.o
    0x080014cc   0x080014cc   0x000000d4   Code   RO         1942    i.HAL_DMA_Init      stm32f4xx_hal_dma.o
    0x080015a0   0x080015a0   0x0000006e   Code   RO         1946    i.HAL_DMA_Start_IT  stm32f4xx_hal_dma.o
    0x0800160e   0x0800160e   0x00000002   PAD
    0x08001610   0x08001610   0x000001f0   Code   RO         1829    i.HAL_GPIO_Init     stm32f4xx_hal_gpio.o
    0x08001800   0x08001800   0x00000010   Code   RO         1832    i.HAL_GPIO_TogglePin  stm32f4xx_hal_gpio.o
    0x08001810   0x08001810   0x0000000a   Code   RO         1833    i.HAL_GPIO_WritePin  stm32f4xx_hal_gpio.o
    0x0800181a   0x0800181a   0x00000002   PAD
    0x0800181c   0x0800181c   0x0000000c   Code   RO         2361    i.HAL_GetTick       stm32f4xx_hal.o
    0x08001828   0x08001828   0x00000010   Code   RO         2367    i.HAL_IncTick       stm32f4xx_hal.o
    0x08001838   0x08001838   0x00000034   Code   RO         2368    i.HAL_Init          stm32f4xx_hal.o
    0x0800186c   0x0800186c   0x00000098   Code   RO         1201    i.HAL_InitTick      stm32f4xx_hal_timebase_tim.o
    0x08001904   0x08001904   0x00000038   Code   RO         1177    i.HAL_MspInit       stm32f4xx_hal_msp.o
    0x0800193c   0x0800193c   0x0000001a   Code   RO         2218    i.HAL_NVIC_EnableIRQ  stm32f4xx_hal_cortex.o
    0x08001956   0x08001956   0x00000002   PAD
    0x08001958   0x08001958   0x00000040   Code   RO         2224    i.HAL_NVIC_SetPriority  stm32f4xx_hal_cortex.o
    0x08001998   0x08001998   0x00000024   Code   RO         2225    i.HAL_NVIC_SetPriorityGrouping  stm32f4xx_hal_cortex.o
    0x080019bc   0x080019bc   0x00000134   Code   RO         1475    i.HAL_RCC_ClockConfig  stm32f4xx_hal_rcc.o
    0x08001af0   0x08001af0   0x00000040   Code   RO         1479    i.HAL_RCC_GetClockConfig  stm32f4xx_hal_rcc.o
    0x08001b30   0x08001b30   0x00000020   Code   RO         1482    i.HAL_RCC_GetPCLK1Freq  stm32f4xx_hal_rcc.o
    0x08001b50   0x08001b50   0x00000020   Code   RO         1483    i.HAL_RCC_GetPCLK2Freq  stm32f4xx_hal_rcc.o
    0x08001b70   0x08001b70   0x00000064   Code   RO         1484    i.HAL_RCC_GetSysClockFreq  stm32f4xx_hal_rcc.o
    0x08001bd4   0x08001bd4   0x0000036c   Code   RO         1487    i.HAL_RCC_OscConfig  stm32f4xx_hal_rcc.o
    0x08001f40   0x08001f40   0x00000002   Code   RO         3312    i.HAL_TIMEx_BreakCallback  stm32f4xx_hal_tim_ex.o
    0x08001f42   0x08001f42   0x00000002   Code   RO         3313    i.HAL_TIMEx_CommutCallback  stm32f4xx_hal_tim_ex.o
    0x08001f44   0x08001f44   0x0000005a   Code   RO         2608    i.HAL_TIM_Base_Init  stm32f4xx_hal_tim.o
    0x08001f9e   0x08001f9e   0x00000002   Code   RO         2610    i.HAL_TIM_Base_MspInit  stm32f4xx_hal_tim.o
    0x08001fa0   0x08001fa0   0x00000080   Code   RO         2613    i.HAL_TIM_Base_Start_IT  stm32f4xx_hal_tim.o
    0x08002020   0x08002020   0x00000002   Code   RO         2642    i.HAL_TIM_IC_CaptureCallback  stm32f4xx_hal_tim.o
    0x08002022   0x08002022   0x00000166   Code   RO         2656    i.HAL_TIM_IRQHandler  stm32f4xx_hal_tim.o
    0x08002188   0x08002188   0x00000002   Code   RO         2659    i.HAL_TIM_OC_DelayElapsedCallback  stm32f4xx_hal_tim.o
    0x0800218a   0x0800218a   0x00000002   Code   RO         2686    i.HAL_TIM_PWM_PulseFinishedCallback  stm32f4xx_hal_tim.o
    0x0800218c   0x0800218c   0x00000014   Code   RO          724    i.HAL_TIM_PeriodElapsedCallback  main.o
    0x080021a0   0x080021a0   0x00000002   Code   RO         2699    i.HAL_TIM_TriggerCallback  stm32f4xx_hal_tim.o
    0x080021a2   0x080021a2   0x00000002   Code   RO         3590    i.HAL_UARTEx_RxEventCallback  stm32f4xx_hal_uart.o
    0x080021a4   0x080021a4   0x00000070   Code   RO         3602    i.HAL_UART_DMAStop  stm32f4xx_hal_uart.o
    0x08002214   0x08002214   0x00000002   Code   RO         3604    i.HAL_UART_ErrorCallback  stm32f4xx_hal_uart.o
    0x08002216   0x08002216   0x00000002   PAD
    0x08002218   0x08002218   0x00000268   Code   RO         3607    i.HAL_UART_IRQHandler  stm32f4xx_hal_uart.o
    0x08002480   0x08002480   0x00000062   Code   RO         3608    i.HAL_UART_Init     stm32f4xx_hal_uart.o
    0x080024e2   0x080024e2   0x00000002   PAD
    0x080024e4   0x080024e4   0x000003cc   Code   RO          950    i.HAL_UART_MspInit  usart.o
    0x080028b0   0x080028b0   0x0000002a   Code   RO         3612    i.HAL_UART_Receive_DMA  stm32f4xx_hal_uart.o
    0x080028da   0x080028da   0x00000002   Code   RO         3614    i.HAL_UART_RxCpltCallback  stm32f4xx_hal_uart.o
    0x080028dc   0x080028dc   0x00000002   Code   RO         3615    i.HAL_UART_RxHalfCpltCallback  stm32f4xx_hal_uart.o
    0x080028de   0x080028de   0x00000002   PAD
    0x080028e0   0x080028e0   0x000000b2   Code   RO         3616    i.HAL_UART_Transmit  stm32f4xx_hal_uart.o
    0x08002992   0x08002992   0x00000002   Code   RO         3619    i.HAL_UART_TxCpltCallback  stm32f4xx_hal_uart.o
    0x08002994   0x08002994   0x00000002   Code   RO         1040    i.HardFault_Handler  stm32f4xx_it.o
    0x08002996   0x08002996   0x00000002   PAD
    0x08002998   0x08002998   0x0000017c   Code   RO          289    i.IMU_Pack_Decode   imu_data_decode.o
    0x08002b14   0x08002b14   0x00000004   Code   RO          290    i.IMU_Pack_Recive   imu_data_decode.o
    0x08002b18   0x08002b18   0x00000066   Code   RO          353    i.Incremental_PI    pid.o
    0x08002b7e   0x08002b7e   0x0000005a   Code   RO          398    i.KalmanFilter      kalman.o
    0x08002bd8   0x08002bd8   0x00000048   Code   RO          863    i.MX_CAN1_Init      can.o
    0x08002c20   0x08002c20   0x00000048   Code   RO          864    i.MX_CAN2_Init      can.o
    0x08002c68   0x08002c68   0x0000009c   Code   RO          925    i.MX_DMA_Init       dma.o
    0x08002d04   0x08002d04   0x000000ac   Code   RO          798    i.MX_FREERTOS_Init  freertos.o
    0x08002db0   0x08002db0   0x0000008c   Code   RO          774    i.MX_GPIO_Init      gpio.o
    0x08002e3c   0x08002e3c   0x00000038   Code   RO          951    i.MX_UART4_Init     usart.o
    0x08002e74   0x08002e74   0x00000038   Code   RO          952    i.MX_UART5_Init     usart.o
    0x08002eac   0x08002eac   0x00000038   Code   RO          953    i.MX_USART1_UART_Init  usart.o
    0x08002ee4   0x08002ee4   0x00000044   Code   RO          954    i.MX_USART2_UART_Init  usart.o
    0x08002f28   0x08002f28   0x00000038   Code   RO          955    i.MX_USART3_UART_Init  usart.o
    0x08002f60   0x08002f60   0x00000038   Code   RO          956    i.MX_USART6_UART_Init  usart.o
    0x08002f98   0x08002f98   0x00000002   Code   RO         1041    i.MemManage_Handler  stm32f4xx_it.o
    0x08002f9a   0x08002f9a   0x00000002   Code   RO         1042    i.NMI_Handler       stm32f4xx_it.o
    0x08002f9c   0x08002f9c   0x00000120   Code   RO          354    i.Position_PID      pid.o
    0x080030bc   0x080030bc   0x00000224   Code   RO          601    i.ReadRc_Gimbal     gimbal.o
    0x080032e0   0x080032e0   0x00000028   Code   RO          656    i.Shoot_task        shoot.o
    0x08003308   0x08003308   0x0000002c   Code   RO         5195    i.SysTick_Handler   port.o
    0x08003334   0x08003334   0x00000098   Code   RO          725    i.SystemClock_Config  main.o
    0x080033cc   0x080033cc   0x00000010   Code   RO         3937    i.SystemInit        system_stm32f4xx.o
    0x080033dc   0x080033dc   0x0000000c   Code   RO         1043    i.TIM8_TRG_COM_TIM14_IRQHandler  stm32f4xx_it.o
    0x080033e8   0x080033e8   0x000000c8   Code   RO         2701    i.TIM_Base_SetConfig  stm32f4xx_hal_tim.o
    0x080034b0   0x080034b0   0x00000024   Code   RO          799    i.Task_Is_Running   freertos.o
    0x080034d4   0x080034d4   0x0000000c   Code   RO         1044    i.UART4_IRQHandler  stm32f4xx_it.o
    0x080034e0   0x080034e0   0x00000024   Code   RO         1045    i.UART5_IRQHandler  stm32f4xx_it.o
    0x08003504   0x08003504   0x00000010   Code   RO         3621    i.UART_DMAAbortOnError  stm32f4xx_hal_uart.o
    0x08003514   0x08003514   0x0000004a   Code   RO         3622    i.UART_DMAError     stm32f4xx_hal_uart.o
    0x0800355e   0x0800355e   0x00000082   Code   RO         3623    i.UART_DMAReceiveCplt  stm32f4xx_hal_uart.o
    0x080035e0   0x080035e0   0x0000001a   Code   RO         3625    i.UART_DMARxHalfCplt  stm32f4xx_hal_uart.o
    0x080035fa   0x080035fa   0x0000004e   Code   RO         3631    i.UART_EndRxTransfer  stm32f4xx_hal_uart.o
    0x08003648   0x08003648   0x0000001c   Code   RO         3632    i.UART_EndTxTransfer  stm32f4xx_hal_uart.o
    0x08003664   0x08003664   0x000000b4   Code   RO          957    i.UART_IDLECallBack  usart.o
    0x08003718   0x08003718   0x000000c0   Code   RO         3633    i.UART_Receive_IT   stm32f4xx_hal_uart.o
    0x080037d8   0x080037d8   0x0000010c   Code   RO         3634    i.UART_SetConfig    stm32f4xx_hal_uart.o
    0x080038e4   0x080038e4   0x00000094   Code   RO         3635    i.UART_Start_Receive_DMA  stm32f4xx_hal_uart.o
    0x08003978   0x08003978   0x00000078   Code   RO         3637    i.UART_WaitOnFlagUntilTimeout  stm32f4xx_hal_uart.o
    0x080039f0   0x080039f0   0x0000000c   Code   RO         1046    i.USART1_IRQHandler  stm32f4xx_it.o
    0x080039fc   0x080039fc   0x00000024   Code   RO         1047    i.USART2_IRQHandler  stm32f4xx_it.o
    0x08003a20   0x08003a20   0x00000024   Code   RO         1048    i.USART6_IRQHandler  stm32f4xx_it.o
    0x08003a44   0x08003a44   0x00000002   Code   RO         1049    i.UsageFault_Handler  stm32f4xx_it.o
    0x08003a46   0x08003a46   0x00000020   Code   RO         2231    i.__NVIC_SetPriority  stm32f4xx_hal_cortex.o
    0x08003a66   0x08003a66   0x00000002   PAD
    0x08003a68   0x08003a68   0x00000020   Code   RO          523    i.can_Task          can_transfer.o
    0x08003a88   0x08003a88   0x0000002e   Code   RO          291    i.crc16_update      imu_data_decode.o
    0x08003ab6   0x08003ab6   0x00000002   PAD
    0x08003ab8   0x08003ab8   0x00000094   Code   RO          657    i.f_Friction_control  shoot.o
    0x08003b4c   0x08003b4c   0x000000a4   Code   RO          602    i.f_Gimbal_set_offline  gimbal.o
    0x08003bf0   0x08003bf0   0x00000018   Code   RO          425    i.f_RC_data_init    rc.o
    0x08003c08   0x08003c08   0x000000b8   Code   RO          658    i.f_ReadRc_dial     shoot.o
    0x08003cc0   0x08003cc0   0x000000f0   Code   RO          426    i.f_RemoteDataProcess  rc.o
    0x08003db0   0x08003db0   0x00000034   Code   RO          488    i.f_Serial_Write    vofa.o
    0x08003de4   0x08003de4   0x000000b0   Code   RO          525    i.f_can2_tx_0x1ff   can_transfer.o
    0x08003e94   0x08003e94   0x0000003c   Code   RO          527    i.f_can_all_tx_offline  can_transfer.o
    0x08003ed0   0x08003ed0   0x00000038   Code   RO          528    i.f_can_assignment  can_transfer.o
    0x08003f08   0x08003f08   0x0000001c   Code   RO          223    i.f_clear_L1Mod_Usart  ranging.o
    0x08003f24   0x08003f24   0x00000090   Code   RO          428    i.f_dbus_error_detect  rc.o
    0x08003fb4   0x08003fb4   0x000000b8   Code   RO          659    i.f_dial_PID        shoot.o
    0x0800406c   0x0800406c   0x00000040   Code   RO          660    i.f_dial_finish     shoot.o
    0x080040ac   0x080040ac   0x00000034   Code   RO          225    i.f_fastConti_Cmd   ranging.o
    0x080040e0   0x080040e0   0x00000018   Code   RO          429    i.f_get_RC          rc.o
    0x080040f8   0x080040f8   0x00000048   Code   RO          661    i.f_get_moto_offset  shoot.o
    0x08004140   0x08004140   0x00000018   Code   RO          431    i.f_get_mouse       rc.o
    0x08004158   0x08004158   0x0000007c   Code   RO          662    i.f_get_total_angle  shoot.o
    0x080041d4   0x080041d4   0x00000024   Code   RO          603    i.f_imu_data_processing  gimbal.o
    0x080041f8   0x080041f8   0x0000000e   Code   RO          227    i.f_ranging_init    ranging.o
    0x08004206   0x08004206   0x00000002   PAD
    0x08004208   0x08004208   0x00000024   Code   RO          604    i.f_rc_data_processing  gimbal.o
    0x0800422c   0x0800422c   0x00000010   Code   RO          292    i.get_eular         imu_data_decode.o
    0x0800423c   0x0800423c   0x00000010   Code   RO          294    i.get_raw_gyr       imu_data_decode.o
    0x0800424c   0x0800424c   0x0000000c   Code   RO         4758    i.inHandlerMode     cmsis_os.o
    0x08004258   0x08004258   0x0000002c   Code   RO          399    i.kalmanCreate      kalman.o
    0x08004284   0x08004284   0x000000a4   Code   RO          726    i.main              main.o
    0x08004328   0x08004328   0x0000000c   Code   RO         4760    i.makeFreeRtosPriority  cmsis_os.o
    0x08004334   0x08004334   0x0000000e   Code   RO         4763    i.osDelayUntil      cmsis_os.o
    0x08004342   0x08004342   0x0000000a   Code   RO         4765    i.osKernelStart     cmsis_os.o
    0x0800434c   0x0800434c   0x00000018   Code   RO         4766    i.osKernelSysTick   cmsis_os.o
    0x08004364   0x08004364   0x0000003e   Code   RO         4791    i.osSemaphoreCreate  cmsis_os.o
    0x080043a2   0x080043a2   0x00000002   PAD
    0x080043a4   0x080043a4   0x00000050   Code   RO         4794    i.osSemaphoreRelease  cmsis_os.o
    0x080043f4   0x080043f4   0x00000064   Code   RO         4795    i.osSemaphoreWait   cmsis_os.o
    0x08004458   0x08004458   0x00000054   Code   RO         4799    i.osThreadCreate    cmsis_os.o
    0x080044ac   0x080044ac   0x00000070   Code   RO         4436    i.prvAddCurrentTaskToDelayedList  tasks.o
    0x0800451c   0x0800451c   0x000000d0   Code   RO         4437    i.prvAddNewTaskToReadyList  tasks.o
    0x080045ec   0x080045ec   0x00000026   Code   RO         4112    i.prvCopyDataFromQueue  queue.o
    0x08004612   0x08004612   0x0000006c   Code   RO         4113    i.prvCopyDataToQueue  queue.o
    0x0800467e   0x0800467e   0x00000034   Code   RO         4438    i.prvDeleteTCB      tasks.o
    0x080046b2   0x080046b2   0x00000002   PAD
    0x080046b4   0x080046b4   0x0000004c   Code   RO         5127    i.prvHeapInit       heap_4.o
    0x08004700   0x08004700   0x00000060   Code   RO         4439    i.prvIdleTask       tasks.o
    0x08004760   0x08004760   0x00000016   Code   RO         4115    i.prvInitialiseNewQueue  queue.o
    0x08004776   0x08004776   0x00000098   Code   RO         4440    i.prvInitialiseNewTask  tasks.o
    0x0800480e   0x0800480e   0x00000002   PAD
    0x08004810   0x08004810   0x0000004c   Code   RO         5128    i.prvInsertBlockIntoFreeList  heap_4.o
    0x0800485c   0x0800485c   0x0000001c   Code   RO         4116    i.prvIsQueueEmpty   queue.o
    0x08004878   0x08004878   0x00000020   Code   RO         4441    i.prvResetNextTaskUnblockTime  tasks.o
    0x08004898   0x08004898   0x00000028   Code   RO         5196    i.prvTaskExitError  port.o
    0x080048c0   0x080048c0   0x0000006a   Code   RO         4117    i.prvUnlockQueue    queue.o
    0x0800492a   0x0800492a   0x00000002   PAD
    0x0800492c   0x0800492c   0x000000dc   Code   RO         5129    i.pvPortMalloc      heap_4.o
    0x08004a08   0x08004a08   0x00000018   Code   RO         4443    i.pvTaskIncrementMutexHeldCount  tasks.o
    0x08004a20   0x08004a20   0x0000002c   Code   RO         5197    i.pxPortInitialiseStack  port.o
    0x08004a4c   0x08004a4c   0x00000026   Code   RO         4072    i.uxListRemove      list.o
    0x08004a72   0x08004a72   0x00000002   PAD
    0x08004a74   0x08004a74   0x00000014   Code   RO          800    i.vApplicationGetIdleTaskMemory  freertos.o
    0x08004a88   0x08004a88   0x00000016   Code   RO         4073    i.vListInitialise   list.o
    0x08004a9e   0x08004a9e   0x00000006   Code   RO         4074    i.vListInitialiseItem  list.o
    0x08004aa4   0x08004aa4   0x00000030   Code   RO         4075    i.vListInsert       list.o
    0x08004ad4   0x08004ad4   0x00000018   Code   RO         4076    i.vListInsertEnd    list.o
    0x08004aec   0x08004aec   0x00000040   Code   RO         5199    i.vPortEnterCritical  port.o
    0x08004b2c   0x08004b2c   0x00000028   Code   RO         5200    i.vPortExitCritical  port.o
    0x08004b54   0x08004b54   0x00000064   Code   RO         5130    i.vPortFree         heap_4.o
    0x08004bb8   0x08004bb8   0x00000024   Code   RO         5201    i.vPortSetupTimerInterrupt  port.o
    0x08004bdc   0x08004bdc   0x00000054   Code   RO         5202    i.vPortValidateInterruptPriority  port.o
    0x08004c30   0x08004c30   0x0000008c   Code   RO         4451    i.vTaskDelayUntil   tasks.o
    0x08004cbc   0x08004cbc   0x00000010   Code   RO         4454    i.vTaskInternalSetTimeOutState  tasks.o
    0x08004ccc   0x08004ccc   0x0000000c   Code   RO         4455    i.vTaskMissedYield  tasks.o
    0x08004cd8   0x08004cd8   0x00000030   Code   RO         4457    i.vTaskPlaceOnEventList  tasks.o
    0x08004d08   0x08004d08   0x000000a0   Code   RO         4459    i.vTaskPriorityDisinheritAfterTimeout  tasks.o
    0x08004da8   0x08004da8   0x0000006c   Code   RO         4464    i.vTaskStartScheduler  tasks.o
    0x08004e14   0x08004e14   0x00000010   Code   RO         4466    i.vTaskSuspendAll   tasks.o
    0x08004e24   0x08004e24   0x0000005c   Code   RO         4467    i.vTaskSwitchContext  tasks.o
    0x08004e80   0x08004e80   0x00000050   Code   RO          489    i.vofa__Task        vofa.o
    0x08004ed0   0x08004ed0   0x000000f4   Code   RO         5203    i.xPortStartScheduler  port.o
    0x08004fc4   0x08004fc4   0x00000042   Code   RO         4126    i.xQueueGenericCreate  queue.o
    0x08005006   0x08005006   0x00000066   Code   RO         4127    i.xQueueGenericCreateStatic  queue.o
    0x0800506c   0x0800506c   0x00000088   Code   RO         4128    i.xQueueGenericReset  queue.o
    0x080050f4   0x080050f4   0x00000160   Code   RO         4129    i.xQueueGenericSend  queue.o
    0x08005254   0x08005254   0x0000009c   Code   RO         4131    i.xQueueGiveFromISR  queue.o
    0x080052f0   0x080052f0   0x0000009a   Code   RO         4137    i.xQueueReceiveFromISR  queue.o
    0x0800538a   0x0800538a   0x00000002   PAD
    0x0800538c   0x0800538c   0x00000178   Code   RO         4138    i.xQueueSemaphoreTake  queue.o
    0x08005504   0x08005504   0x00000074   Code   RO         4469    i.xTaskCheckForTimeOut  tasks.o
    0x08005578   0x08005578   0x0000005a   Code   RO         4470    i.xTaskCreate       tasks.o
    0x080055d2   0x080055d2   0x00000056   Code   RO         4471    i.xTaskCreateStatic  tasks.o
    0x08005628   0x08005628   0x0000001c   Code   RO         4475    i.xTaskGetSchedulerState  tasks.o
    0x08005644   0x08005644   0x0000000c   Code   RO         4476    i.xTaskGetTickCount  tasks.o
    0x08005650   0x08005650   0x00000010   Code   RO         4477    i.xTaskGetTickCountFromISR  tasks.o
    0x08005660   0x08005660   0x000000cc   Code   RO         4478    i.xTaskIncrementTick  tasks.o
    0x0800572c   0x0800572c   0x00000098   Code   RO         4481    i.xTaskPriorityDisinherit  tasks.o
    0x080057c4   0x080057c4   0x0000008c   Code   RO         4482    i.xTaskPriorityInherit  tasks.o
    0x08005850   0x08005850   0x00000074   Code   RO         4483    i.xTaskRemoveFromEventList  tasks.o
    0x080058c4   0x080058c4   0x000000c4   Code   RO         4484    i.xTaskResumeAll    tasks.o
    0x08005988   0x08005988   0x00000062   Code   RO         5454    x$fpl$d2f           fz_wm.l(d2f.o)
    0x080059ea   0x080059ea   0x00000002   PAD
    0x080059ec   0x080059ec   0x00000154   Code   RO         5456    x$fpl$dmul          fz_wm.l(dmul.o)
    0x08005b40   0x08005b40   0x0000009c   Code   RO         5507    x$fpl$dnaninf       fz_wm.l(dnaninf.o)
    0x08005bdc   0x08005bdc   0x0000000c   Code   RO         5509    x$fpl$dretinf       fz_wm.l(dretinf.o)
    0x08005be8   0x08005be8   0x00000056   Code   RO         5458    x$fpl$f2d           fz_wm.l(f2d.o)
    0x08005c3e   0x08005c3e   0x0000008c   Code   RO         5517    x$fpl$fnaninf       fz_wm.l(fnaninf.o)
    0x08005cca   0x08005cca   0x0000000a   Code   RO         5645    x$fpl$fpinit        fz_wm.l(fpinit.o)
    0x08005cd4   0x08005cd4   0x0000000a   Code   RO         5519    x$fpl$fretinf       fz_wm.l(fretinf.o)
    0x08005cde   0x08005cde   0x00000000   Code   RO         5521    x$fpl$usenofp       fz_wm.l(usenofp.o)
    0x08005cde   0x08005cde   0x00000002   PAD
    0x08005ce0   0x08005ce0   0x0000008c   Data   RO          802    .constdata          freertos.o
    0x08005d6c   0x08005d6c   0x00000008   Data   RO         1948    .constdata          stm32f4xx_hal_dma.o
    0x08005d74   0x08005d74   0x00000010   Data   RO         3938    .constdata          system_stm32f4xx.o
    0x08005d84   0x08005d84   0x00000008   Data   RO         3939    .constdata          system_stm32f4xx.o
    0x08005d8c   0x08005d8c   0x0000003b   Data   RO          803    .conststring        freertos.o
    0x08005dc7   0x08005dc7   0x00000001   PAD
    0x08005dc8   0x08005dc8   0x00000020   Data   RO         5703    Region$$Table       anon$$obj.o


    Execution Region RW_IRAM1 (Exec base: 0x20000000, Load base: 0x08005de8, Size: 0x00005a18, Max: 0x0001c000, ABSOLUTE, COMPRESSED[0x00000068])

    Exec Addr    Load Addr    Size         Type   Attr      Idx    E Section Name        Object

    0x20000000   COMPRESSED   0x00000038   Data   RW          355    .data               pid.o
    0x20000038   COMPRESSED   0x00000038   Data   RW          356    .data               pid.o
    0x20000070   COMPRESSED   0x00000038   Data   RW          357    .data               pid.o
    0x200000a8   COMPRESSED   0x00000038   Data   RW          358    .data               pid.o
    0x200000e0   COMPRESSED   0x00000038   Data   RW          359    .data               pid.o
    0x20000118   COMPRESSED   0x00000038   Data   RW          360    .data               pid.o
    0x20000150   COMPRESSED   0x00000020   Data   RW          361    .data               pid.o
    0x20000170   COMPRESSED   0x00000020   Data   RW          362    .data               pid.o
    0x20000190   COMPRESSED   0x00000001   Data   RW          433    .data               rc.o
    0x20000191   COMPRESSED   0x00000003   PAD
    0x20000194   COMPRESSED   0x00000008   Data   RW          490    .data               vofa.o
    0x2000019c   COMPRESSED   0x00000020   Data   RW          606    .data               gimbal.o
    0x200001bc   COMPRESSED   0x00000018   Data   RW          664    .data               shoot.o
    0x200001d4   COMPRESSED   0x00000020   Data   RW          804    .data               freertos.o
    0x200001f4   COMPRESSED   0x0000003c   Data   RW          866    .data               can.o
    0x20000230   COMPRESSED   0x00000008   Data   RW          959    .data               usart.o
    0x20000238   COMPRESSED   0x0000000c   Data   RW         2375    .data               stm32f4xx_hal.o
    0x20000244   COMPRESSED   0x00000004   Data   RW         3940    .data               system_stm32f4xx.o
    0x20000248   COMPRESSED   0x0000003c   Data   RW         4487    .data               tasks.o
    0x20000284   COMPRESSED   0x00000020   Data   RW         5136    .data               heap_4.o
    0x200002a4   COMPRESSED   0x0000000c   Data   RW         5204    .data               port.o
    0x200002b0        -       0x0000010c   Zero   RW          230    .bss                ranging.o
    0x200003bc        -       0x0000004c   Zero   RW          296    .bss                imu_data_decode.o
    0x20000408        -       0x00000024   Zero   RW          432    .bss                rc.o
    0x2000042c        -       0x00000044   Zero   RW          529    .bss                can_transfer.o
    0x20000470        -       0x00000060   Zero   RW          605    .bss                gimbal.o
    0x200004d0        -       0x00000030   Zero   RW          663    .bss                shoot.o
    0x20000500        -       0x00000254   Zero   RW          801    .bss                freertos.o
    0x20000754        -       0x00000050   Zero   RW          865    .bss                can.o
    0x200007a4        -       0x000004dc   Zero   RW          958    .bss                usart.o
    0x20000c80        -       0x00000048   Zero   RW         1204    .bss                stm32f4xx_hal_timebase_tim.o
    0x20000cc8        -       0x000000f0   Zero   RW         4486    .bss                tasks.o
    0x20000db8        -       0x00003c00   Zero   RW         5135    .bss                heap_4.o
    0x200049b8        -       0x00000060   Zero   RW         5561    .bss                c_w.l(libspace.o)
    0x20004a18        -       0x00000800   Zero   RW            2    HEAP                startup_stm32f405xx.o
    0x20005218        -       0x00000800   Zero   RW            1    STACK               startup_stm32f405xx.o


    Execution Region RW_IRAM2 (Exec base: 0x2001c000, Load base: 0x08005e50, Size: 0x00000000, Max: 0x00004000, ABSOLUTE)

    **** No section assigned to this execution region ****


==============================================================================

Image component sizes


      Code (inc. data)   RO Data    RW Data    ZI Data      Debug   Object Name

       768         70          0         60         80       4725   can.o
       324         18          0          0         68       7664   can_transfer.o
       398         10          0          0          0      32067   cmsis_os.o
       156          4          0          0          0        850   dma.o
         0          0          0          0          0      18488   event_groups.o
       228         18        199         32        596       7811   freertos.o
      1066        136          0         32         96       4970   gimbal.o
       140          8          0          0          0        983   gpio.o
       472         24          0         32      15360       7387   heap_4.o
       462         22          0          0         76       3724   imu_data_decode.o
       134          6          0          0          0       3358   kalman.o
         0          0          0          0          0     686516   laser_operation.o
       138          0          0          0          0       3522   list.o
       340         40          0          0          0       2904   main.o
       650         60          0        400          0       2911   pid.o
       786         82          0         12          0      11805   port.o
      1644         14          0          0          0      18016   queue.o
        94         24          0          0        268       2221   ranging.o
       456         30          0          1         36       3403   rc.o
       816        120          0         24         48       5094   shoot.o
        64         26        392          0       4096        840   startup_stm32f405xx.o
        80         14          0         12          0       8058   stm32f4xx_hal.o
      1658          6          0          0          0      14179   stm32f4xx_hal_can.o
       158         14          0          0          0      33138   stm32f4xx_hal_cortex.o
      1084         16          8          0          0       7310   stm32f4xx_hal_dma.o
       522         46          0          0          0       2821   stm32f4xx_hal_gpio.o
        56          4          0          0          0        858   stm32f4xx_hal_msp.o
      1412         86          0          0          0       5869   stm32f4xx_hal_rcc.o
       786         72          0          0          0       7308   stm32f4xx_hal_tim.o
         4          0          0          0          0       1585   stm32f4xx_hal_tim_ex.o
       152         20          0          0         72       1472   stm32f4xx_hal_timebase_tim.o
      2136         30          0          0          0      15933   stm32f4xx_hal_uart.o
       264         84          0          0          0      10041   stm32f4xx_it.o
         0          0          0          0          0        392   stream_buffer.o
        16          4         24          4          0       1115   system_stm32f4xx.o
      2424        182          0         60        240      29151   tasks.o
      1500        160          0          8       1244       6955   usart.o
       132         20          0          8          0       1254   vofa.o

    ----------------------------------------------------------------------
     21562       1470        656        688      22280     976698   Object Totals
         0          0         32          0          0          0   (incl. Generated)
        42          0          1          3          0          0   (incl. Padding)

    ----------------------------------------------------------------------

      Code (inc. data)   RO Data    RW Data    ZI Data      Debug   Library Member Name

        90          0          0          0          0          0   __dczerorl2.o
         8          0          0          0          0         68   __main.o
         0          0          0          0          0          0   __rtentry.o
        12          0          0          0          0          0   __rtentry2.o
         6          0          0          0          0          0   __rtentry4.o
        52          8          0          0          0          0   __scatter.o
        28          0          0          0          0          0   __scatter_zi.o
        18          0          0          0          0         80   exit.o
         6          0          0          0          0        152   heapauxi.o
         0          0          0          0          0          0   indicate_semi.o
         2          0          0          0          0          0   libinit.o
         6          0          0          0          0          0   libinit2.o
         2          0          0          0          0          0   libshutdown.o
         2          0          0          0          0          0   libshutdown2.o
         8          4          0          0         96         68   libspace.o
       238          0          0          0          0        100   lludivv7m.o
        68          0          0          0          0         68   rt_memclr.o
        78          0          0          0          0         80   rt_memclr_w.o
       138          0          0          0          0         68   rt_memcpy_v6.o
       100          0          0          0          0         80   rt_memcpy_w.o
         2          0          0          0          0          0   rtexit.o
        10          0          0          0          0          0   rtexit2.o
        12          4          0          0          0         68   sys_exit.o
        74          0          0          0          0         80   sys_stackheap_outer.o
         2          0          0          0          0         68   use_no_semi.o
        98          4          0          0          0        140   d2f.o
       340         12          0          0          0        152   dmul.o
       156          4          0          0          0        140   dnaninf.o
        12          0          0          0          0        116   dretinf.o
        86          4          0          0          0        132   f2d.o
       140          4          0          0          0        132   fnaninf.o
        10          0          0          0          0        116   fpinit.o
        10          0          0          0          0        116   fretinf.o
         0          0          0          0          0          0   usenofp.o

    ----------------------------------------------------------------------
      1822         44          0          0         96       2024   Library Totals
         8          0          0          0          0          0   (incl. Padding)

    ----------------------------------------------------------------------

      Code (inc. data)   RO Data    RW Data    ZI Data      Debug   Library Name

       962         16          0          0         96        980   c_w.l
       852         28          0          0          0       1044   fz_wm.l

    ----------------------------------------------------------------------
      1822         44          0          0         96       2024   Library Totals

    ----------------------------------------------------------------------

==============================================================================


      Code (inc. data)   RO Data    RW Data    ZI Data      Debug   

     23384       1514        656        688      22376     956706   Grand Totals
     23384       1514        656        104      22376     956706   ELF Image Totals (compressed)
     23384       1514        656        104          0          0   ROM Totals

==============================================================================

    Total RO  Size (Code + RO Data)                24040 (  23.48kB)
    Total RW  Size (RW Data + ZI Data)             23064 (  22.52kB)
    Total ROM Size (Code + RO Data + RW Data)      24144 (  23.58kB)

==============================================================================

